
#    H(0;0) = <0| H |0>

['+1.000', 'f(i,i)']
['-0.500', '<i,j||i,j>']

#    H(m,e;0) = <0|e1(m,e) H |0>

['+1.000', 'f(e,m)']
['+1.000', 'f(i,a)']

#    H(m,n,e,f;0) = <0|e2(m,n,f,e) H |0>

['+1.000', '<e,f||m,n>']

#    H(0;i,j,a,b) = <0| H e2(a,b,j,i)|0>

['+1.000', '<i,j||a,b>']

#    H(m,e;i,a) = <0|e1(m,e) H e1(a,i)|0>

['+1.000', 'd(e,a)', 'd(m,i)', 'f(j,j)']
['-1.000', 'd(e,a)', 'f(i,m)']
['+1.000', 'd(m,i)', 'f(e,a)']
['-0.500', 'd(e,a)', 'd(m,i)', '<j,k||j,k>']
['+1.000', '<i,e||a,m>']

#    H(m,e;i,j,a,b) = <0|e1(m,e) H e2(a,b,j,i)|0>

['-1.000', 'P(i,j)', 'P(a,b)', 'd(e,b)', 'd(m,i)', 'f(j,a)']
['-1.000', 'P(a,b)', 'd(e,b)', '<i,j||a,m>']
['-1.000', 'P(i,j)', 'd(m,i)', '<j,e||a,b>']

#    H(m,n,e,f;i,a) = <0|e2(m,n,f,e) H e1(a,i)|0>

['-1.000', 'P(m,n)', 'P(e,f)', 'd(f,a)', 'd(m,i)', 'f(e,n)']
['+1.000', 'P(e,f)', 'd(f,a)', '<i,e||m,n>']
['+1.000', 'P(m,n)', 'd(m,i)', '<e,f||a,n>']

#    H(m,n,e,f;i,j,a,b) = <0|e2(m,n,f,e) H e2(a,b,j,i)|0>

['+1.000', 'P(i,j)', 'P(a,b)', 'd(e,a)', 'd(f,b)', 'd(m,i)', 'd(n,j)', 'f(k,k)']
['-1.000', 'P(i,j)', 'P(a,b)', 'd(e,a)', 'd(f,b)', 'd(m,i)', 'f(j,n)']
['+1.000', 'P(i,j)', 'P(a,b)', 'd(e,a)', 'd(f,b)', 'd(n,i)', 'f(j,m)']
['+1.000', 'P(i,j)', 'P(a,b)', 'd(f,b)', 'd(m,i)', 'd(n,j)', 'f(e,a)']
['-1.000', 'P(i,j)', 'P(a,b)', 'd(e,b)', 'd(m,i)', 'd(n,j)', 'f(f,a)']
['-0.500', 'P(i,j)', 'P(a,b)', 'd(e,a)', 'd(f,b)', 'd(m,i)', 'd(n,j)', '<k,l||k,l>']
['+1.000', 'P(a,b)', 'd(e,a)', 'd(f,b)', '<i,j||m,n>']
['+1.000', 'P(i,j)', 'P(a,b)', 'd(f,b)', 'd(m,i)', '<j,e||a,n>']
['-1.000', 'P(i,j)', 'P(a,b)', 'd(f,b)', 'd(n,i)', '<j,e||a,m>']
['-1.000', 'P(i,j)', 'P(a,b)', 'd(e,b)', 'd(m,i)', '<j,f||a,n>']
['+1.000', 'P(i,j)', 'P(a,b)', 'd(e,b)', 'd(n,i)', '<j,f||a,m>']
['+1.000', 'P(i,j)', 'd(m,i)', 'd(n,j)', '<e,f||a,b>']
