
    sigma(e) = <0|e e(-T) H e(T) (r0 + r1 + r2)|0>

['+1.000', 'f(i,i)', 'r1(e)']
['+1.000', 'f(e,a)', 'r1(a)']
['-1.000', 'f(i,a)', 'r2(a,e,i)']
['-1.000', 'f(i,a)', 'r1(a)', 't1(e,i)']
['+1.000', 'f(i,a)', 'r1(e)', 't1(a,i)']
['-0.500', '<i,j||i,j>', 'r1(e)']
['+0.500', '<e,i||a,b>', 'r2(a,b,i)']
['-1.000', '<e,i||a,b>', 'r1(b)', 't1(a,i)']
['+0.500', '<j,i||a,b>', 'r2(a,b,j)', 't1(e,i)']
['+1.000', '<j,i||a,b>', 'r2(b,e,j)', 't1(a,i)']
['-0.500', '<i,j||a,b>', 'r1(b)', 't2(a,e,i,j)']
['+0.250', '<i,j||b,a>', 'r1(e)', 't2(b,a,i,j)']
['+1.000', '<j,i||a,b>', 'r1(b)', 't1(a,i)', 't1(e,j)']
['-0.500', '<i,j||b,a>', 'r1(e)', 't1(a,i)', 't1(b,j)']

    sigma(e,f,m) = <0|m*f e(-T) H e(T) (r0 + r1 + r2)|0>

['-1.000', 'P(e,f)', 'f(e,m)', 'r1(f)']
['-1.000', 'f(i,m)', 'r2(e,f,i)']
['+1.000', 'f(i,i)', 'r2(e,f,m)']
['+1.000', 'P(e,f)', 'f(e,a)', 'r2(a,f,m)']
['+1.000', 'P(e,f)', 'f(i,m)', 'r1(f)', 't1(e,i)']
['-1.000', 'P(e,f)', 'f(e,a)', 'r1(f)', 't1(a,m)']
['-1.000', 'P(e,f)', 'f(i,a)', 'r2(a,f,m)', 't1(e,i)']
['-1.000', 'f(i,a)', 'r2(e,f,i)', 't1(a,m)']
['+1.000', 'f(i,a)', 'r2(e,f,m)', 't1(a,i)']
['+1.000', 'f(i,a)', 'r1(a)', 't2(e,f,m,i)']
['+1.000', 'P(e,f)', 'f(i,a)', 'r1(f)', 't2(a,e,m,i)']
['+1.000', 'P(e,f)', 'f(i,a)', 'r1(f)', 't1(a,m)', 't1(e,i)']
['-1.000', '<e,f||m,a>', 'r1(a)']
['-0.500', '<i,j||i,j>', 'r2(e,f,m)']
['+1.000', 'P(e,f)', '<e,i||m,a>', 'r2(a,f,i)']
['+0.500', '<e,f||a,b>', 'r2(a,b,m)']
['+1.000', 'P(e,f)', '<e,i||m,a>', 'r1(a)', 't1(f,i)']
['-1.000', 'P(e,f)', '<e,i||m,a>', 'r1(f)', 't1(a,i)']
['-1.000', '<e,f||a,b>', 'r1(b)', 't1(a,m)']
['+1.000', 'P(e,f)', '<j,i||m,a>', 'r2(a,f,j)', 't1(e,i)']
['-1.000', '<j,i||m,a>', 'r2(e,f,j)', 't1(a,i)']
['-0.500', 'P(e,f)', '<e,i||a,b>', 'r2(a,b,m)', 't1(f,i)']
['+1.000', 'P(e,f)', '<e,i||a,b>', 'r2(b,f,i)', 't1(a,m)']
['-1.000', 'P(e,f)', '<e,i||a,b>', 'r2(b,f,m)', 't1(a,i)']
['-0.500', '<i,j||m,a>', 'r1(a)', 't2(e,f,i,j)']
['-0.500', 'P(e,f)', '<i,j||m,a>', 'r1(f)', 't2(a,e,i,j)']
['+1.000', 'P(e,f)', '<e,i||a,b>', 'r1(b)', 't2(a,f,m,i)']
['-0.500', 'P(e,f)', '<e,i||b,a>', 'r1(f)', 't2(b,a,m,i)']
['-0.500', '<j,i||a,b>', 'r2(a,b,j)', 't2(e,f,m,i)']
['+0.250', '<i,j||a,b>', 'r2(a,b,m)', 't2(e,f,i,j)']
['+1.000', 'P(e,f)', '<j,i||a,b>', 'r2(b,f,j)', 't2(a,e,m,i)']
['-0.500', 'P(e,f)', '<i,j||a,b>', 'r2(b,f,m)', 't2(a,e,i,j)']
['-0.500', '<j,i||b,a>', 'r2(e,f,j)', 't2(b,a,m,i)']
['+0.250', '<i,j||b,a>', 'r2(e,f,m)', 't2(b,a,i,j)']
['+1.000', 'P(e,f)', '<j,i||a,b>', 'r1(b)', 't1(e,i)', 't2(a,f,m,j)']
['-0.500', 'P(e,f)', '<j,i||b,a>', 'r1(f)', 't1(e,i)', 't2(b,a,m,j)']
['-0.500', '<i,j||a,b>', 'r1(b)', 't1(a,m)', 't2(e,f,i,j)']
['-0.500', 'P(e,f)', '<i,j||a,b>', 'r1(f)', 't1(a,m)', 't2(b,e,i,j)']
['-1.000', '<j,i||a,b>', 'r1(b)', 't1(a,i)', 't2(e,f,m,j)']
['-1.000', 'P(e,f)', '<j,i||a,b>', 'r1(f)', 't1(a,i)', 't2(b,e,m,j)']
['+1.000', '<j,i||m,a>', 'r1(a)', 't1(e,i)', 't1(f,j)']
['+1.000', 'P(e,f)', '<j,i||m,a>', 'r1(f)', 't1(a,i)', 't1(e,j)']
['+1.000', 'P(e,f)', '<e,i||a,b>', 'r1(b)', 't1(a,m)', 't1(f,i)']
['+1.000', 'P(e,f)', '<e,i||a,b>', 'r1(f)', 't1(a,i)', 't1(b,m)']
['-0.500', '<j,i||a,b>', 'r2(a,b,m)', 't1(e,i)', 't1(f,j)']
['+1.000', 'P(e,f)', '<j,i||a,b>', 'r2(b,f,j)', 't1(a,m)', 't1(e,i)']
['+1.000', 'P(e,f)', '<j,i||a,b>', 'r2(b,f,m)', 't1(a,i)', 't1(e,j)']
['+1.000', '<j,i||a,b>', 'r2(e,f,j)', 't1(a,i)', 't1(b,m)']
['-0.500', '<i,j||b,a>', 'r2(e,f,m)', 't1(a,i)', 't1(b,j)']
['+1.000', '<j,i||a,b>', 'r1(b)', 't1(a,m)', 't1(e,i)', 't1(f,j)']
['-1.000', 'P(e,f)', '<j,i||a,b>', 'r1(f)', 't1(a,i)', 't1(b,m)', 't1(e,j)']
