
    sigma(a) = <0|a e(-T) H e(T) (r0 + r1 + r2)|0>

['+1.00000000000000', 'f(i,i)', 'r1(a)']
['+1.00000000000000', 'f(a,b)', 'r1(b)']
['-1.00000000000000', 'f(i,b)', 'r2(b,a,i)']
['+1.00000000000000', 'f(i,b)', 'r1(a)', 't1(b,i)']
['-1.00000000000000', 'f(i,b)', 'r1(b)', 't1(a,i)']
['-0.50000000000000', '<j,i||j,i>', 'r1(a)']
['-0.50000000000000', '<i,a||b,c>', 'r2(b,c,i)']
['+0.25000000000000', '<j,i||b,c>', 'r3(b,c,a,j,i)']
['+1.00000000000000', '<i,a||b,c>', 'r1(c)', 't1(b,i)']
['+1.00000000000000', '<j,i||b,c>', 'r2(c,a,j)', 't1(b,i)']
['+0.50000000000000', '<j,i||b,c>', 'r2(b,c,j)', 't1(a,i)']
['+0.25000000000000', '<j,i||b,c>', 'r1(a)', 't2(b,c,j,i)']
['-0.50000000000000', '<j,i||b,c>', 'r1(c)', 't2(b,a,j,i)']
['-0.50000000000000', '<j,i||b,c>', 'r1(a)', 't1(b,i)', 't1(c,j)']
['+1.00000000000000', '<j,i||b,c>', 'r1(c)', 't1(b,i)', 't1(a,j)']

    sigma(a,b,i) = <0|i*b a e(-T) H e(T) (r0 + r1 + r2)|0>

['-1.00000000000000', 'P(a,b)', 'f(a,i)', 'r1(b)']
['+1.00000000000000', 'f(j,j)', 'r2(a,b,i)']
['-1.00000000000000', 'f(j,i)', 'r2(a,b,j)']
['+1.00000000000000', 'P(a,b)', 'f(a,c)', 'r2(c,b,i)']
['+1.00000000000000', 'f(j,c)', 'r3(c,a,b,i,j)']
['+1.00000000000000', 'P(a,b)', 'f(j,i)', 'r1(b)', 't1(a,j)']
['-1.00000000000000', 'P(a,b)', 'f(a,c)', 'r1(b)', 't1(c,i)']
['+1.00000000000000', 'f(j,c)', 'r2(a,b,i)', 't1(c,j)']
['-1.00000000000000', 'f(j,c)', 'r2(a,b,j)', 't1(c,i)']
['-1.00000000000000', 'P(a,b)', 'f(j,c)', 'r2(c,b,i)', 't1(a,j)']
['+1.00000000000000', 'P(a,b)', 'f(j,c)', 'r1(b)', 't2(c,a,i,j)']
['+1.00000000000000', 'f(j,c)', 'r1(c)', 't2(a,b,i,j)']
['+1.00000000000000', 'P(a,b)', 'f(j,c)', 'r1(b)', 't1(c,i)', 't1(a,j)']
['-0.50000000000000', '<k,j||k,j>', 'r2(a,b,i)']
['+1.00000000000000', '<a,b||c,i>', 'r1(c)']
['+1.00000000000000', 'P(a,b)', '<j,a||c,i>', 'r2(c,b,j)']
['+0.50000000000000', '<a,b||c,d>', 'r2(c,d,i)']
['+0.50000000000000', '<k,j||c,i>', 'r3(c,a,b,k,j)']
['+0.50000000000000', 'P(a,b)', '<j,a||c,d>', 'r3(c,d,b,i,j)']
['-1.00000000000000', 'P(a,b)', '<j,a||c,i>', 'r1(b)', 't1(c,j)']
['+1.00000000000000', 'P(a,b)', '<j,a||c,i>', 'r1(c)', 't1(b,j)']
['-1.00000000000000', '<a,b||c,d>', 'r1(d)', 't1(c,i)']
['+1.00000000000000', '<k,j||c,i>', 'r2(a,b,k)', 't1(c,j)']
['-1.00000000000000', 'P(a,b)', '<k,j||c,i>', 'r2(c,b,k)', 't1(a,j)']
['+1.00000000000000', 'P(a,b)', '<j,a||c,d>', 'r2(d,b,i)', 't1(c,j)']
['-1.00000000000000', 'P(a,b)', '<j,a||c,d>', 'r2(d,b,j)', 't1(c,i)']
['+0.50000000000000', 'P(a,b)', '<j,a||c,d>', 'r2(c,d,i)', 't1(b,j)']
['-1.00000000000000', '<k,j||c,d>', 'r3(d,a,b,i,k)', 't1(c,j)']
['-0.50000000000000', '<k,j||c,d>', 'r3(d,a,b,k,j)', 't1(c,i)']
['-0.50000000000000', 'P(a,b)', '<k,j||c,d>', 'r3(c,d,b,i,k)', 't1(a,j)']
['+0.50000000000000', 'P(a,b)', '<k,j||c,i>', 'r1(b)', 't2(c,a,k,j)']
['+0.50000000000000', '<k,j||c,i>', 'r1(c)', 't2(a,b,k,j)']
['+0.50000000000000', 'P(a,b)', '<j,a||c,d>', 'r1(b)', 't2(c,d,i,j)']
['-1.00000000000000', 'P(a,b)', '<j,a||c,d>', 'r1(d)', 't2(c,b,i,j)']
['+0.25000000000000', '<k,j||c,d>', 'r2(a,b,i)', 't2(c,d,k,j)']
['-0.50000000000000', '<k,j||c,d>', 'r2(a,b,k)', 't2(c,d,i,j)']
['-0.50000000000000', 'P(a,b)', '<k,j||c,d>', 'r2(d,b,i)', 't2(c,a,k,j)']
['+1.00000000000000', 'P(a,b)', '<k,j||c,d>', 'r2(d,b,k)', 't2(c,a,i,j)']
['+0.25000000000000', '<k,j||c,d>', 'r2(c,d,i)', 't2(a,b,k,j)']
['-0.50000000000000', '<k,j||c,d>', 'r2(c,d,k)', 't2(a,b,i,j)']
['-0.25000000000000', 'P(a,b)', '<k,j||c,d>', 'r1(b)', 't3(c,d,a,i,k,j)']
['-0.50000000000000', '<k,j||c,d>', 'r1(d)', 't3(c,a,b,i,k,j)']
['-1.00000000000000', 'P(a,b)', '<k,j||c,d>', 'r1(b)', 't1(c,j)', 't2(d,a,i,k)']
['-1.00000000000000', '<k,j||c,d>', 'r1(d)', 't1(c,j)', 't2(a,b,i,k)']
['-0.50000000000000', 'P(a,b)', '<k,j||c,d>', 'r1(b)', 't1(c,i)', 't2(d,a,k,j)']
['-0.50000000000000', '<k,j||c,d>', 'r1(d)', 't1(c,i)', 't2(a,b,k,j)']
['-0.50000000000000', 'P(a,b)', '<k,j||c,d>', 'r1(b)', 't1(a,j)', 't2(c,d,i,k)']
['+1.00000000000000', 'P(a,b)', '<k,j||c,d>', 'r1(d)', 't1(a,j)', 't2(c,b,i,k)']
['-1.00000000000000', 'P(a,b)', '<k,j||c,i>', 'r1(b)', 't1(c,j)', 't1(a,k)']
['-1.00000000000000', '<k,j||c,i>', 'r1(c)', 't1(a,j)', 't1(b,k)']
['-1.00000000000000', 'P(a,b)', '<j,a||c,d>', 'r1(b)', 't1(c,j)', 't1(d,i)']
['-1.00000000000000', 'P(a,b)', '<j,a||c,d>', 'r1(d)', 't1(c,i)', 't1(b,j)']
['-0.50000000000000', '<k,j||c,d>', 'r2(a,b,i)', 't1(c,j)', 't1(d,k)']
['+1.00000000000000', '<k,j||c,d>', 'r2(a,b,k)', 't1(c,j)', 't1(d,i)']
['+1.00000000000000', 'P(a,b)', '<k,j||c,d>', 'r2(d,b,i)', 't1(c,j)', 't1(a,k)']
['+1.00000000000000', 'P(a,b)', '<k,j||c,d>', 'r2(d,b,k)', 't1(c,i)', 't1(a,j)']
['-0.50000000000000', '<k,j||c,d>', 'r2(c,d,i)', 't1(a,j)', 't1(b,k)']
['-1.00000000000000', 'P(a,b)', '<k,j||c,d>', 'r1(b)', 't1(c,j)', 't1(d,i)', 't1(a,k)']
['+1.00000000000000', '<k,j||c,d>', 'r1(d)', 't1(c,i)', 't1(a,j)', 't1(b,k)']

    sigma(a,b,c,i,j) = <0|i*j*c b a e(-T) H e(T) (r0 + r1 + r2)|0>

['+1.00000000000000', 'P(i,j)', 'P(a,b)', 'f(a,j)', 'r2(b,c,i)']
['+1.00000000000000', 'P(i,j)', 'f(c,j)', 'r2(a,b,i)']
['+1.00000000000000', 'f(k,k)', 'r3(a,b,c,i,j)']
['-1.00000000000000', 'P(i,j)', 'f(k,j)', 'r3(a,b,c,i,k)']
['+1.00000000000000', 'P(a,b)', 'f(a,d)', 'r3(d,b,c,i,j)']
['+1.00000000000000', 'f(c,d)', 'r3(d,a,b,i,j)']
['-1.00000000000000', 'P(i,j)', 'P(a,b)', 'f(k,j)', 'r2(b,c,i)', 't1(a,k)']
['-1.00000000000000', 'P(i,j)', 'f(k,j)', 'r2(a,b,i)', 't1(c,k)']
['+1.00000000000000', 'P(i,j)', 'P(a,b)', 'f(a,d)', 'r2(b,c,i)', 't1(d,j)']
['+1.00000000000000', 'P(i,j)', 'f(c,d)', 'r2(a,b,i)', 't1(d,j)']
['+1.00000000000000', 'f(k,d)', 'r3(a,b,c,i,j)', 't1(d,k)']
['-1.00000000000000', 'P(i,j)', 'f(k,d)', 'r3(a,b,c,i,k)', 't1(d,j)']
['-1.00000000000000', 'P(a,b)', 'f(k,d)', 'r3(d,b,c,i,j)', 't1(a,k)']
['-1.00000000000000', 'f(k,d)', 'r3(d,a,b,i,j)', 't1(c,k)']
['-1.00000000000000', 'P(i,j)', 'P(b,c)', 'f(k,j)', 'r1(c)', 't2(a,b,i,k)']
['-1.00000000000000', 'P(i,j)', 'f(k,j)', 'r1(a)', 't2(b,c,i,k)']
['+1.00000000000000', 'P(b,c)', 'f(a,d)', 'r1(c)', 't2(d,b,i,j)']
['-1.00000000000000', 'P(a,c)', 'f(b,d)', 'r1(c)', 't2(d,a,i,j)']
['+1.00000000000000', 'P(a,b)', 'f(c,d)', 'r1(b)', 't2(d,a,i,j)']
['-1.00000000000000', 'P(i,j)', 'P(a,b)', 'f(k,d)', 'r2(b,c,i)', 't2(d,a,j,k)']
['-1.00000000000000', 'P(a,b)', 'f(k,d)', 'r2(b,c,k)', 't2(d,a,i,j)']
['-1.00000000000000', 'P(i,j)', 'f(k,d)', 'r2(a,b,i)', 't2(d,c,j,k)']
['-1.00000000000000', 'f(k,d)', 'r2(a,b,k)', 't2(d,c,i,j)']
['-1.00000000000000', 'P(i,j)', 'P(b,c)', 'f(k,d)', 'r2(d,c,i)', 't2(a,b,j,k)']
['-1.00000000000000', 'P(i,j)', 'f(k,d)', 'r2(d,a,i)', 't2(b,c,j,k)']
['+1.00000000000000', 'P(b,c)', 'f(k,d)', 'r1(c)', 't3(d,a,b,i,j,k)']
['+1.00000000000000', 'f(k,d)', 'r1(a)', 't3(d,b,c,i,j,k)']
['-1.00000000000000', 'f(k,d)', 'r1(d)', 't3(a,b,c,i,j,k)']
['-1.00000000000000', 'P(i,j)', 'P(b,c)', 'f(k,d)', 'r1(c)', 't1(d,j)', 't2(a,b,i,k)']
['-1.00000000000000', 'P(i,j)', 'f(k,d)', 'r1(a)', 't1(d,j)', 't2(b,c,i,k)']
['-1.00000000000000', 'P(b,c)', 'f(k,d)', 'r1(c)', 't1(a,k)', 't2(d,b,i,j)']
['+1.00000000000000', 'P(a,c)', 'f(k,d)', 'r1(c)', 't1(b,k)', 't2(d,a,i,j)']
['-1.00000000000000', 'P(a,b)', 'f(k,d)', 'r1(b)', 't1(c,k)', 't2(d,a,i,j)']
['-1.00000000000000', 'P(i,j)', 'P(a,b)', 'f(k,d)', 'r2(b,c,i)', 't1(d,j)', 't1(a,k)']
['-1.00000000000000', 'P(i,j)', 'f(k,d)', 'r2(a,b,i)', 't1(d,j)', 't1(c,k)']
['-0.50000000000000', '<l,k||l,k>', 'r3(a,b,c,i,j)']
['+1.00000000000000', 'P(b,c)', '<a,b||i,j>', 'r1(c)']
['+1.00000000000000', '<b,c||i,j>', 'r1(a)']
['-1.00000000000000', 'P(a,b)', '<k,a||i,j>', 'r2(b,c,k)']
['-1.00000000000000', '<k,c||i,j>', 'r2(a,b,k)']
['-1.00000000000000', 'P(i,j)', 'P(b,c)', '<a,b||d,j>', 'r2(d,c,i)']
['-1.00000000000000', 'P(i,j)', '<b,c||d,j>', 'r2(d,a,i)']
['+0.50000000000000', '<l,k||i,j>', 'r3(a,b,c,l,k)']
['+1.00000000000000', 'P(i,j)', 'P(a,b)', '<k,a||d,j>', 'r3(d,b,c,i,k)']
['+1.00000000000000', 'P(i,j)', '<k,c||d,j>', 'r3(d,a,b,i,k)']
['+0.50000000000000', 'P(b,c)', '<a,b||d,e>', 'r3(d,e,c,i,j)']
['+0.50000000000000', '<b,c||d,e>', 'r3(d,e,a,i,j)']
['+1.00000000000000', 'P(b,c)', '<k,a||i,j>', 'r1(c)', 't1(b,k)']
['-1.00000000000000', 'P(a,c)', '<k,b||i,j>', 'r1(c)', 't1(a,k)']
['+1.00000000000000', 'P(a,b)', '<k,c||i,j>', 'r1(b)', 't1(a,k)']
['+1.00000000000000', 'P(i,j)', 'P(b,c)', '<a,b||d,j>', 'r1(c)', 't1(d,i)']
['+1.00000000000000', 'P(i,j)', '<b,c||d,j>', 'r1(a)', 't1(d,i)']
['+1.00000000000000', 'P(a,b)', '<l,k||i,j>', 'r2(b,c,l)', 't1(a,k)']
['+1.00000000000000', '<l,k||i,j>', 'r2(a,b,l)', 't1(c,k)']
['+1.00000000000000', 'P(i,j)', 'P(a,b)', '<k,a||d,j>', 'r2(b,c,i)', 't1(d,k)']
['-1.00000000000000', 'P(i,j)', 'P(a,b)', '<k,a||d,j>', 'r2(b,c,k)', 't1(d,i)']
['-1.00000000000000', 'P(i,j)', 'P(b,c)', '<k,a||d,j>', 'r2(d,c,i)', 't1(b,k)']
['+1.00000000000000', 'P(i,j)', 'P(a,c)', '<k,b||d,j>', 'r2(d,c,i)', 't1(a,k)']
['+1.00000000000000', 'P(i,j)', '<k,c||d,j>', 'r2(a,b,i)', 't1(d,k)']
['-1.00000000000000', 'P(i,j)', '<k,c||d,j>', 'r2(a,b,k)', 't1(d,i)']
['-1.00000000000000', 'P(i,j)', 'P(a,b)', '<k,c||d,j>', 'r2(d,b,i)', 't1(a,k)']
['+1.00000000000000', 'P(i,j)', 'P(b,c)', '<a,b||d,e>', 'r2(e,c,i)', 't1(d,j)']
['+1.00000000000000', 'P(i,j)', '<b,c||d,e>', 'r2(e,a,i)', 't1(d,j)']
['+1.00000000000000', 'P(i,j)', '<l,k||d,j>', 'r3(a,b,c,i,l)', 't1(d,k)']
['+0.50000000000000', 'P(i,j)', '<l,k||d,j>', 'r3(a,b,c,l,k)', 't1(d,i)']
['-1.00000000000000', 'P(i,j)', 'P(a,b)', '<l,k||d,j>', 'r3(d,b,c,i,l)', 't1(a,k)']
['-1.00000000000000', 'P(i,j)', '<l,k||d,j>', 'r3(d,a,b,i,l)', 't1(c,k)']
['+1.00000000000000', 'P(a,b)', '<k,a||d,e>', 'r3(e,b,c,i,j)', 't1(d,k)']
['-1.00000000000000', 'P(i,j)', 'P(a,b)', '<k,a||d,e>', 'r3(e,b,c,i,k)', 't1(d,j)']
['+0.50000000000000', 'P(b,c)', '<k,a||d,e>', 'r3(d,e,c,i,j)', 't1(b,k)']
['-0.50000000000000', 'P(a,c)', '<k,b||d,e>', 'r3(d,e,c,i,j)', 't1(a,k)']
['+1.00000000000000', '<k,c||d,e>', 'r3(e,a,b,i,j)', 't1(d,k)']
['-1.00000000000000', 'P(i,j)', '<k,c||d,e>', 'r3(e,a,b,i,k)', 't1(d,j)']
['+0.50000000000000', 'P(a,b)', '<k,c||d,e>', 'r3(d,e,b,i,j)', 't1(a,k)']
['+0.50000000000000', 'P(b,c)', '<l,k||i,j>', 'r1(c)', 't2(a,b,l,k)']
['+0.50000000000000', '<l,k||i,j>', 'r1(a)', 't2(b,c,l,k)']
['+1.00000000000000', 'P(i,j)', 'P(b,c)', '<k,a||d,j>', 'r1(c)', 't2(d,b,i,k)']
['+1.00000000000000', 'P(i,j)', 'P(a,b)', '<k,a||d,j>', 'r1(d)', 't2(b,c,i,k)']
['-1.00000000000000', 'P(i,j)', 'P(a,c)', '<k,b||d,j>', 'r1(c)', 't2(d,a,i,k)']
['+1.00000000000000', 'P(i,j)', 'P(a,b)', '<k,c||d,j>', 'r1(b)', 't2(d,a,i,k)']
['+1.00000000000000', 'P(i,j)', '<k,c||d,j>', 'r1(d)', 't2(a,b,i,k)']
['+0.50000000000000', 'P(b,c)', '<a,b||d,e>', 'r1(c)', 't2(d,e,i,j)']
['-1.00000000000000', 'P(b,c)', '<a,b||d,e>', 'r1(e)', 't2(d,c,i,j)']
['+0.50000000000000', '<b,c||d,e>', 'r1(a)', 't2(d,e,i,j)']
['-1.00000000000000', '<b,c||d,e>', 'r1(e)', 't2(d,a,i,j)']
['-0.50000000000000', 'P(i,j)', 'P(a,b)', '<l,k||d,j>', 'r2(b,c,i)', 't2(d,a,l,k)']
['+1.00000000000000', 'P(i,j)', 'P(a,b)', '<l,k||d,j>', 'r2(b,c,l)', 't2(d,a,i,k)']
['-0.50000000000000', 'P(i,j)', '<l,k||d,j>', 'r2(a,b,i)', 't2(d,c,l,k)']
['+1.00000000000000', 'P(i,j)', '<l,k||d,j>', 'r2(a,b,l)', 't2(d,c,i,k)']
['-0.50000000000000', 'P(i,j)', 'P(b,c)', '<l,k||d,j>', 'r2(d,c,i)', 't2(a,b,l,k)']
['+1.00000000000000', 'P(i,j)', 'P(b,c)', '<l,k||d,j>', 'r2(d,c,l)', 't2(a,b,i,k)']
['-0.50000000000000', 'P(i,j)', '<l,k||d,j>', 'r2(d,a,i)', 't2(b,c,l,k)']
['+1.00000000000000', 'P(i,j)', '<l,k||d,j>', 'r2(d,a,l)', 't2(b,c,i,k)']
['-0.50000000000000', 'P(i,j)', 'P(a,b)', '<k,a||d,e>', 'r2(b,c,i)', 't2(d,e,j,k)']
['-0.50000000000000', 'P(a,b)', '<k,a||d,e>', 'r2(b,c,k)', 't2(d,e,i,j)']
['+1.00000000000000', 'P(i,j)', 'P(b,c)', '<k,a||d,e>', 'r2(e,c,i)', 't2(d,b,j,k)']
['+1.00000000000000', 'P(b,c)', '<k,a||d,e>', 'r2(e,c,k)', 't2(d,b,i,j)']
['-0.50000000000000', 'P(i,j)', 'P(a,b)', '<k,a||d,e>', 'r2(d,e,i)', 't2(b,c,j,k)']
['-1.00000000000000', 'P(i,j)', 'P(a,c)', '<k,b||d,e>', 'r2(e,c,i)', 't2(d,a,j,k)']
['-1.00000000000000', 'P(a,c)', '<k,b||d,e>', 'r2(e,c,k)', 't2(d,a,i,j)']
['-0.50000000000000', 'P(i,j)', '<k,c||d,e>', 'r2(a,b,i)', 't2(d,e,j,k)']
['-0.50000000000000', '<k,c||d,e>', 'r2(a,b,k)', 't2(d,e,i,j)']
['+1.00000000000000', 'P(i,j)', 'P(a,b)', '<k,c||d,e>', 'r2(e,b,i)', 't2(d,a,j,k)']
['+1.00000000000000', 'P(a,b)', '<k,c||d,e>', 'r2(e,b,k)', 't2(d,a,i,j)']
['-0.50000000000000', 'P(i,j)', '<k,c||d,e>', 'r2(d,e,i)', 't2(a,b,j,k)']
['+0.25000000000000', '<l,k||d,e>', 'r3(a,b,c,i,j)', 't2(d,e,l,k)']
['-0.50000000000000', 'P(i,j)', '<l,k||d,e>', 'r3(a,b,c,i,l)', 't2(d,e,j,k)']
['+0.25000000000000', '<l,k||d,e>', 'r3(a,b,c,l,k)', 't2(d,e,i,j)']
['-0.50000000000000', 'P(a,b)', '<l,k||d,e>', 'r3(e,b,c,i,j)', 't2(d,a,l,k)']
['+1.00000000000000', 'P(i,j)', 'P(a,b)', '<l,k||d,e>', 'r3(e,b,c,i,l)', 't2(d,a,j,k)']
['-0.50000000000000', 'P(a,b)', '<l,k||d,e>', 'r3(e,b,c,l,k)', 't2(d,a,i,j)']
['-0.50000000000000', '<l,k||d,e>', 'r3(e,a,b,i,j)', 't2(d,c,l,k)']
['+1.00000000000000', 'P(i,j)', '<l,k||d,e>', 'r3(e,a,b,i,l)', 't2(d,c,j,k)']
['-0.50000000000000', '<l,k||d,e>', 'r3(e,a,b,l,k)', 't2(d,c,i,j)']
['+0.25000000000000', 'P(b,c)', '<l,k||d,e>', 'r3(d,e,c,i,j)', 't2(a,b,l,k)']
['-0.50000000000000', 'P(i,j)', 'P(b,c)', '<l,k||d,e>', 'r3(d,e,c,i,l)', 't2(a,b,j,k)']
['+0.25000000000000', '<l,k||d,e>', 'r3(d,e,a,i,j)', 't2(b,c,l,k)']
['-0.50000000000000', 'P(i,j)', '<l,k||d,e>', 'r3(d,e,a,i,l)', 't2(b,c,j,k)']
['+0.50000000000000', 'P(i,j)', 'P(b,c)', '<l,k||d,j>', 'r1(c)', 't3(d,a,b,i,l,k)']
['+0.50000000000000', 'P(i,j)', '<l,k||d,j>', 'r1(a)', 't3(d,b,c,i,l,k)']
['-0.50000000000000', 'P(i,j)', '<l,k||d,j>', 'r1(d)', 't3(a,b,c,i,l,k)']
['+0.50000000000000', 'P(b,c)', '<k,a||d,e>', 'r1(c)', 't3(d,e,b,i,j,k)']
['+1.00000000000000', 'P(a,b)', '<k,a||d,e>', 'r1(e)', 't3(d,b,c,i,j,k)']
['-0.50000000000000', 'P(a,c)', '<k,b||d,e>', 'r1(c)', 't3(d,e,a,i,j,k)']
['+0.50000000000000', 'P(a,b)', '<k,c||d,e>', 'r1(b)', 't3(d,e,a,i,j,k)']
['+1.00000000000000', '<k,c||d,e>', 'r1(e)', 't3(d,a,b,i,j,k)']
['+0.25000000000000', 'P(i,j)', 'P(a,b)', '<l,k||d,e>', 'r2(b,c,i)', 't3(d,e,a,j,l,k)']
['+0.50000000000000', 'P(a,b)', '<l,k||d,e>', 'r2(b,c,l)', 't3(d,e,a,i,j,k)']
['+0.25000000000000', 'P(i,j)', '<l,k||d,e>', 'r2(a,b,i)', 't3(d,e,c,j,l,k)']
['+0.50000000000000', '<l,k||d,e>', 'r2(a,b,l)', 't3(d,e,c,i,j,k)']
['+0.50000000000000', 'P(i,j)', 'P(b,c)', '<l,k||d,e>', 'r2(e,c,i)', 't3(d,a,b,j,l,k)']
['+1.00000000000000', 'P(b,c)', '<l,k||d,e>', 'r2(e,c,l)', 't3(d,a,b,i,j,k)']
['+0.50000000000000', 'P(i,j)', '<l,k||d,e>', 'r2(e,a,i)', 't3(d,b,c,j,l,k)']
['+1.00000000000000', '<l,k||d,e>', 'r2(e,a,l)', 't3(d,b,c,i,j,k)']
['+0.25000000000000', 'P(i,j)', '<l,k||d,e>', 'r2(d,e,i)', 't3(a,b,c,j,l,k)']
['+0.50000000000000', '<l,k||d,e>', 'r2(d,e,l)', 't3(a,b,c,i,j,k)']
['+1.00000000000000', 'P(i,j)', 'P(b,c)', '<l,k||d,j>', 'r1(c)', 't1(d,k)', 't2(a,b,i,l)']
['+1.00000000000000', 'P(i,j)', '<l,k||d,j>', 'r1(a)', 't1(d,k)', 't2(b,c,i,l)']
['+0.50000000000000', 'P(i,j)', 'P(b,c)', '<l,k||d,j>', 'r1(c)', 't1(d,i)', 't2(a,b,l,k)']
['+0.50000000000000', 'P(i,j)', '<l,k||d,j>', 'r1(a)', 't1(d,i)', 't2(b,c,l,k)']
['-1.00000000000000', 'P(i,j)', 'P(b,c)', '<l,k||d,j>', 'r1(c)', 't1(a,k)', 't2(d,b,i,l)']
['-1.00000000000000', 'P(i,j)', 'P(a,b)', '<l,k||d,j>', 'r1(d)', 't1(a,k)', 't2(b,c,i,l)']
['+1.00000000000000', 'P(i,j)', 'P(a,c)', '<l,k||d,j>', 'r1(c)', 't1(b,k)', 't2(d,a,i,l)']
['-1.00000000000000', 'P(i,j)', 'P(a,b)', '<l,k||d,j>', 'r1(b)', 't1(c,k)', 't2(d,a,i,l)']
['-1.00000000000000', 'P(i,j)', '<l,k||d,j>', 'r1(d)', 't1(c,k)', 't2(a,b,i,l)']
['+1.00000000000000', 'P(b,c)', '<k,a||d,e>', 'r1(c)', 't1(d,k)', 't2(e,b,i,j)']
['-1.00000000000000', 'P(i,j)', 'P(b,c)', '<k,a||d,e>', 'r1(c)', 't1(d,j)', 't2(e,b,i,k)']
['-1.00000000000000', 'P(i,j)', 'P(a,b)', '<k,a||d,e>', 'r1(e)', 't1(d,j)', 't2(b,c,i,k)']
['+0.50000000000000', 'P(b,c)', '<k,a||d,e>', 'r1(c)', 't1(b,k)', 't2(d,e,i,j)']
['-1.00000000000000', 'P(b,c)', '<k,a||d,e>', 'r1(e)', 't1(b,k)', 't2(d,c,i,j)']
['-1.00000000000000', 'P(a,c)', '<k,b||d,e>', 'r1(c)', 't1(d,k)', 't2(e,a,i,j)']
['+1.00000000000000', 'P(i,j)', 'P(a,c)', '<k,b||d,e>', 'r1(c)', 't1(d,j)', 't2(e,a,i,k)']
['-0.50000000000000', 'P(a,c)', '<k,b||d,e>', 'r1(c)', 't1(a,k)', 't2(d,e,i,j)']
['+1.00000000000000', 'P(a,c)', '<k,b||d,e>', 'r1(e)', 't1(a,k)', 't2(d,c,i,j)']
['+1.00000000000000', 'P(a,b)', '<k,c||d,e>', 'r1(b)', 't1(d,k)', 't2(e,a,i,j)']
['-1.00000000000000', 'P(i,j)', 'P(a,b)', '<k,c||d,e>', 'r1(b)', 't1(d,j)', 't2(e,a,i,k)']
['-1.00000000000000', 'P(i,j)', '<k,c||d,e>', 'r1(e)', 't1(d,j)', 't2(a,b,i,k)']
['+0.50000000000000', 'P(a,b)', '<k,c||d,e>', 'r1(b)', 't1(a,k)', 't2(d,e,i,j)']
['-1.00000000000000', 'P(a,b)', '<k,c||d,e>', 'r1(e)', 't1(a,k)', 't2(d,b,i,j)']
['+1.00000000000000', 'P(i,j)', 'P(a,b)', '<l,k||d,e>', 'r2(b,c,i)', 't1(d,k)', 't2(e,a,j,l)']
['+1.00000000000000', 'P(a,b)', '<l,k||d,e>', 'r2(b,c,l)', 't1(d,k)', 't2(e,a,i,j)']
['+1.00000000000000', 'P(i,j)', '<l,k||d,e>', 'r2(a,b,i)', 't1(d,k)', 't2(e,c,j,l)']
['+1.00000000000000', '<l,k||d,e>', 'r2(a,b,l)', 't1(d,k)', 't2(e,c,i,j)']
['+1.00000000000000', 'P(i,j)', 'P(b,c)', '<l,k||d,e>', 'r2(e,c,i)', 't1(d,k)', 't2(a,b,j,l)']
['+1.00000000000000', 'P(i,j)', '<l,k||d,e>', 'r2(e,a,i)', 't1(d,k)', 't2(b,c,j,l)']
['+0.50000000000000', 'P(i,j)', 'P(a,b)', '<l,k||d,e>', 'r2(b,c,i)', 't1(d,j)', 't2(e,a,l,k)']
['-1.00000000000000', 'P(i,j)', 'P(a,b)', '<l,k||d,e>', 'r2(b,c,l)', 't1(d,j)', 't2(e,a,i,k)']
['+0.50000000000000', 'P(i,j)', '<l,k||d,e>', 'r2(a,b,i)', 't1(d,j)', 't2(e,c,l,k)']
['-1.00000000000000', 'P(i,j)', '<l,k||d,e>', 'r2(a,b,l)', 't1(d,j)', 't2(e,c,i,k)']
['+0.50000000000000', 'P(i,j)', 'P(b,c)', '<l,k||d,e>', 'r2(e,c,i)', 't1(d,j)', 't2(a,b,l,k)']
['-1.00000000000000', 'P(i,j)', 'P(b,c)', '<l,k||d,e>', 'r2(e,c,l)', 't1(d,j)', 't2(a,b,i,k)']
['+0.50000000000000', 'P(i,j)', '<l,k||d,e>', 'r2(e,a,i)', 't1(d,j)', 't2(b,c,l,k)']
['-1.00000000000000', 'P(i,j)', '<l,k||d,e>', 'r2(e,a,l)', 't1(d,j)', 't2(b,c,i,k)']
['+0.50000000000000', 'P(i,j)', 'P(a,b)', '<l,k||d,e>', 'r2(b,c,i)', 't1(a,k)', 't2(d,e,j,l)']
['+0.50000000000000', 'P(a,b)', '<l,k||d,e>', 'r2(b,c,l)', 't1(a,k)', 't2(d,e,i,j)']
['-1.00000000000000', 'P(i,j)', 'P(b,c)', '<l,k||d,e>', 'r2(e,c,i)', 't1(a,k)', 't2(d,b,j,l)']
['-1.00000000000000', 'P(b,c)', '<l,k||d,e>', 'r2(e,c,l)', 't1(a,k)', 't2(d,b,i,j)']
['+0.50000000000000', 'P(i,j)', 'P(a,b)', '<l,k||d,e>', 'r2(d,e,i)', 't1(a,k)', 't2(b,c,j,l)']
['+1.00000000000000', 'P(i,j)', 'P(a,c)', '<l,k||d,e>', 'r2(e,c,i)', 't1(b,k)', 't2(d,a,j,l)']
['+1.00000000000000', 'P(a,c)', '<l,k||d,e>', 'r2(e,c,l)', 't1(b,k)', 't2(d,a,i,j)']
['+0.50000000000000', 'P(i,j)', '<l,k||d,e>', 'r2(a,b,i)', 't1(c,k)', 't2(d,e,j,l)']
['+0.50000000000000', '<l,k||d,e>', 'r2(a,b,l)', 't1(c,k)', 't2(d,e,i,j)']
['-1.00000000000000', 'P(i,j)', 'P(a,b)', '<l,k||d,e>', 'r2(e,b,i)', 't1(c,k)', 't2(d,a,j,l)']
['-1.00000000000000', 'P(a,b)', '<l,k||d,e>', 'r2(e,b,l)', 't1(c,k)', 't2(d,a,i,j)']
['+0.50000000000000', 'P(i,j)', '<l,k||d,e>', 'r2(d,e,i)', 't1(c,k)', 't2(a,b,j,l)']
['-1.00000000000000', 'P(b,c)', '<l,k||d,e>', 'r1(c)', 't1(d,k)', 't3(e,a,b,i,j,l)']
['-1.00000000000000', '<l,k||d,e>', 'r1(a)', 't1(d,k)', 't3(e,b,c,i,j,l)']
['+1.00000000000000', '<l,k||d,e>', 'r1(e)', 't1(d,k)', 't3(a,b,c,i,j,l)']
['-0.50000000000000', 'P(i,j)', 'P(b,c)', '<l,k||d,e>', 'r1(c)', 't1(d,j)', 't3(e,a,b,i,l,k)']
['-0.50000000000000', 'P(i,j)', '<l,k||d,e>', 'r1(a)', 't1(d,j)', 't3(e,b,c,i,l,k)']
['+0.50000000000000', 'P(i,j)', '<l,k||d,e>', 'r1(e)', 't1(d,j)', 't3(a,b,c,i,l,k)']
['-0.50000000000000', 'P(b,c)', '<l,k||d,e>', 'r1(c)', 't1(a,k)', 't3(d,e,b,i,j,l)']
['-1.00000000000000', 'P(a,b)', '<l,k||d,e>', 'r1(e)', 't1(a,k)', 't3(d,b,c,i,j,l)']
['+0.50000000000000', 'P(a,c)', '<l,k||d,e>', 'r1(c)', 't1(b,k)', 't3(d,e,a,i,j,l)']
['-0.50000000000000', 'P(a,b)', '<l,k||d,e>', 'r1(b)', 't1(c,k)', 't3(d,e,a,i,j,l)']
['-1.00000000000000', '<l,k||d,e>', 'r1(e)', 't1(c,k)', 't3(d,a,b,i,j,l)']
['-1.00000000000000', 'P(b,c)', '<l,k||i,j>', 'r1(c)', 't1(a,k)', 't1(b,l)']
['-1.00000000000000', '<l,k||i,j>', 'r1(a)', 't1(b,k)', 't1(c,l)']
['+1.00000000000000', 'P(i,j)', 'P(b,c)', '<k,a||d,j>', 'r1(c)', 't1(d,i)', 't1(b,k)']
['-1.00000000000000', 'P(i,j)', 'P(a,c)', '<k,b||d,j>', 'r1(c)', 't1(d,i)', 't1(a,k)']
['+1.00000000000000', 'P(i,j)', 'P(a,b)', '<k,c||d,j>', 'r1(b)', 't1(d,i)', 't1(a,k)']
['-1.00000000000000', 'P(b,c)', '<a,b||d,e>', 'r1(c)', 't1(d,j)', 't1(e,i)']
['-1.00000000000000', '<b,c||d,e>', 'r1(a)', 't1(d,j)', 't1(e,i)']
['+1.00000000000000', 'P(i,j)', 'P(a,b)', '<l,k||d,j>', 'r2(b,c,i)', 't1(d,k)', 't1(a,l)']
['+1.00000000000000', 'P(i,j)', '<l,k||d,j>', 'r2(a,b,i)', 't1(d,k)', 't1(c,l)']
['+1.00000000000000', 'P(i,j)', 'P(a,b)', '<l,k||d,j>', 'r2(b,c,l)', 't1(d,i)', 't1(a,k)']
['+1.00000000000000', 'P(i,j)', '<l,k||d,j>', 'r2(a,b,l)', 't1(d,i)', 't1(c,k)']
['+1.00000000000000', 'P(i,j)', 'P(b,c)', '<l,k||d,j>', 'r2(d,c,i)', 't1(a,k)', 't1(b,l)']
['+1.00000000000000', 'P(i,j)', '<l,k||d,j>', 'r2(d,a,i)', 't1(b,k)', 't1(c,l)']
['+1.00000000000000', 'P(i,j)', 'P(a,b)', '<k,a||d,e>', 'r2(b,c,i)', 't1(d,k)', 't1(e,j)']
['+1.00000000000000', 'P(a,b)', '<k,a||d,e>', 'r2(b,c,k)', 't1(d,j)', 't1(e,i)']
['+1.00000000000000', 'P(i,j)', 'P(b,c)', '<k,a||d,e>', 'r2(e,c,i)', 't1(d,j)', 't1(b,k)']
['-1.00000000000000', 'P(i,j)', 'P(a,c)', '<k,b||d,e>', 'r2(e,c,i)', 't1(d,j)', 't1(a,k)']
['+1.00000000000000', 'P(i,j)', '<k,c||d,e>', 'r2(a,b,i)', 't1(d,k)', 't1(e,j)']
['+1.00000000000000', '<k,c||d,e>', 'r2(a,b,k)', 't1(d,j)', 't1(e,i)']
['+1.00000000000000', 'P(i,j)', 'P(a,b)', '<k,c||d,e>', 'r2(e,b,i)', 't1(d,j)', 't1(a,k)']
['-0.50000000000000', '<l,k||d,e>', 'r3(a,b,c,i,j)', 't1(d,k)', 't1(e,l)']
['+1.00000000000000', 'P(i,j)', '<l,k||d,e>', 'r3(a,b,c,i,l)', 't1(d,k)', 't1(e,j)']
['+1.00000000000000', 'P(a,b)', '<l,k||d,e>', 'r3(e,b,c,i,j)', 't1(d,k)', 't1(a,l)']
['+1.00000000000000', '<l,k||d,e>', 'r3(e,a,b,i,j)', 't1(d,k)', 't1(c,l)']
['-0.50000000000000', '<l,k||d,e>', 'r3(a,b,c,l,k)', 't1(d,j)', 't1(e,i)']
['+1.00000000000000', 'P(i,j)', 'P(a,b)', '<l,k||d,e>', 'r3(e,b,c,i,l)', 't1(d,j)', 't1(a,k)']
['+1.00000000000000', 'P(i,j)', '<l,k||d,e>', 'r3(e,a,b,i,l)', 't1(d,j)', 't1(c,k)']
['-0.50000000000000', 'P(b,c)', '<l,k||d,e>', 'r3(d,e,c,i,j)', 't1(a,k)', 't1(b,l)']
['-0.50000000000000', '<l,k||d,e>', 'r3(d,e,a,i,j)', 't1(b,k)', 't1(c,l)']
['-0.50000000000000', 'P(i,j)', 'P(b,c)', '<l,k||d,e>', 'r1(c)', 't2(d,e,j,k)', 't2(a,b,i,l)']
['-0.50000000000000', 'P(i,j)', '<l,k||d,e>', 'r1(a)', 't2(d,e,j,k)', 't2(b,c,i,l)']
['+0.25000000000000', 'P(b,c)', '<l,k||d,e>', 'r1(c)', 't2(d,e,i,j)', 't2(a,b,l,k)']
['+0.25000000000000', '<l,k||d,e>', 'r1(a)', 't2(d,e,i,j)', 't2(b,c,l,k)']
['-0.50000000000000', 'P(b,c)', '<l,k||d,e>', 'r1(c)', 't2(d,a,l,k)', 't2(e,b,i,j)']
['+1.00000000000000', 'P(i,j)', 'P(b,c)', '<l,k||d,e>', 'r1(c)', 't2(d,a,j,k)', 't2(e,b,i,l)']
['+1.00000000000000', 'P(i,j)', 'P(a,b)', '<l,k||d,e>', 'r1(e)', 't2(d,a,j,k)', 't2(b,c,i,l)']
['-0.50000000000000', 'P(b,c)', '<l,k||d,e>', 'r1(c)', 't2(d,a,i,j)', 't2(e,b,l,k)']
['-0.50000000000000', 'P(a,b)', '<l,k||d,e>', 'r1(e)', 't2(d,a,i,j)', 't2(b,c,l,k)']
['-0.50000000000000', '<l,k||d,e>', 'r1(a)', 't2(d,b,l,k)', 't2(e,c,i,j)']
['+1.00000000000000', 'P(i,j)', '<l,k||d,e>', 'r1(a)', 't2(d,b,j,k)', 't2(e,c,i,l)']
['-0.50000000000000', '<l,k||d,e>', 'r1(a)', 't2(d,b,i,j)', 't2(e,c,l,k)']
['+1.00000000000000', 'P(i,j)', '<l,k||d,e>', 'r1(e)', 't2(d,c,j,k)', 't2(a,b,i,l)']
['-0.50000000000000', '<l,k||d,e>', 'r1(e)', 't2(d,c,i,j)', 't2(a,b,l,k)']
['+1.00000000000000', 'P(i,j)', 'P(b,c)', '<l,k||d,e>', 'r1(c)', 't1(d,k)', 't1(e,j)', 't2(a,b,i,l)']
['+1.00000000000000', 'P(i,j)', '<l,k||d,e>', 'r1(a)', 't1(d,k)', 't1(e,j)', 't2(b,c,i,l)']
['+1.00000000000000', 'P(b,c)', '<l,k||d,e>', 'r1(c)', 't1(d,k)', 't1(a,l)', 't2(e,b,i,j)']
['-1.00000000000000', 'P(a,c)', '<l,k||d,e>', 'r1(c)', 't1(d,k)', 't1(b,l)', 't2(e,a,i,j)']
['+1.00000000000000', 'P(a,b)', '<l,k||d,e>', 'r1(b)', 't1(d,k)', 't1(c,l)', 't2(e,a,i,j)']
['-0.50000000000000', 'P(b,c)', '<l,k||d,e>', 'r1(c)', 't1(d,j)', 't1(e,i)', 't2(a,b,l,k)']
['-0.50000000000000', '<l,k||d,e>', 'r1(a)', 't1(d,j)', 't1(e,i)', 't2(b,c,l,k)']
['+1.00000000000000', 'P(i,j)', 'P(b,c)', '<l,k||d,e>', 'r1(c)', 't1(d,j)', 't1(a,k)', 't2(e,b,i,l)']
['+1.00000000000000', 'P(i,j)', 'P(a,b)', '<l,k||d,e>', 'r1(e)', 't1(d,j)', 't1(a,k)', 't2(b,c,i,l)']
['-1.00000000000000', 'P(i,j)', 'P(a,c)', '<l,k||d,e>', 'r1(c)', 't1(d,j)', 't1(b,k)', 't2(e,a,i,l)']
['+1.00000000000000', 'P(i,j)', 'P(a,b)', '<l,k||d,e>', 'r1(b)', 't1(d,j)', 't1(c,k)', 't2(e,a,i,l)']
['+1.00000000000000', 'P(i,j)', '<l,k||d,e>', 'r1(e)', 't1(d,j)', 't1(c,k)', 't2(a,b,i,l)']
['-0.50000000000000', 'P(b,c)', '<l,k||d,e>', 'r1(c)', 't1(a,k)', 't1(b,l)', 't2(d,e,i,j)']
['+1.00000000000000', 'P(b,c)', '<l,k||d,e>', 'r1(e)', 't1(a,k)', 't1(b,l)', 't2(d,c,i,j)']
['-0.50000000000000', '<l,k||d,e>', 'r1(a)', 't1(b,k)', 't1(c,l)', 't2(d,e,i,j)']
['+1.00000000000000', '<l,k||d,e>', 'r1(e)', 't1(b,k)', 't1(c,l)', 't2(d,a,i,j)']
['-1.00000000000000', 'P(i,j)', 'P(b,c)', '<l,k||d,j>', 'r1(c)', 't1(d,i)', 't1(a,k)', 't1(b,l)']
['-1.00000000000000', 'P(i,j)', '<l,k||d,j>', 'r1(a)', 't1(d,i)', 't1(b,k)', 't1(c,l)']
['-1.00000000000000', 'P(b,c)', '<k,a||d,e>', 'r1(c)', 't1(d,j)', 't1(e,i)', 't1(b,k)']
['+1.00000000000000', 'P(a,c)', '<k,b||d,e>', 'r1(c)', 't1(d,j)', 't1(e,i)', 't1(a,k)']
['-1.00000000000000', 'P(a,b)', '<k,c||d,e>', 'r1(b)', 't1(d,j)', 't1(e,i)', 't1(a,k)']
['+1.00000000000000', 'P(i,j)', 'P(a,b)', '<l,k||d,e>', 'r2(b,c,i)', 't1(d,k)', 't1(e,j)', 't1(a,l)']
['+1.00000000000000', 'P(i,j)', '<l,k||d,e>', 'r2(a,b,i)', 't1(d,k)', 't1(e,j)', 't1(c,l)']
['-1.00000000000000', 'P(a,b)', '<l,k||d,e>', 'r2(b,c,l)', 't1(d,j)', 't1(e,i)', 't1(a,k)']
['-1.00000000000000', '<l,k||d,e>', 'r2(a,b,l)', 't1(d,j)', 't1(e,i)', 't1(c,k)']
['-1.00000000000000', 'P(i,j)', 'P(b,c)', '<l,k||d,e>', 'r2(e,c,i)', 't1(d,j)', 't1(a,k)', 't1(b,l)']
['-1.00000000000000', 'P(i,j)', '<l,k||d,e>', 'r2(e,a,i)', 't1(d,j)', 't1(b,k)', 't1(c,l)']
['+1.00000000000000', 'P(b,c)', '<l,k||d,e>', 'r1(c)', 't1(d,j)', 't1(e,i)', 't1(a,k)', 't1(b,l)']
['+1.00000000000000', '<l,k||d,e>', 'r1(a)', 't1(d,j)', 't1(e,i)', 't1(b,k)', 't1(c,l)']
