
    0 = <0| e(-T) H e*f*nm e(T)|0> + <0| L e(-T) [H, e*f*nm] e(T)|0>

['+1.000', '<m,n||e,f>']
['+1.000', 'P(m,n)', 'P(e,f)', 'f(m,e)', 'l1(n,f)']
['+1.000', 'P(m,n)', 'f(m,i)', 'l2(n,i,e,f)']
['+1.000', 'P(e,f)', 'f(a,e)', 'l2(m,n,a,f)']
['-1.000', 'P(m,n)', 'f(m,a)', 't1(a,i)', 'l2(i,n,e,f)']
['+1.000', 'P(e,f)', 'f(i,e)', 't1(a,i)', 'l2(m,n,f,a)']
['+1.000', 'P(e,f)', '<m,n||i,e>', 'l1(i,f)']
['-1.000', 'P(m,n)', '<a,m||e,f>', 'l1(n,a)']
['+0.500', '<m,n||j,i>', 'l2(j,i,e,f)']
['-1.000', 'P(m,n)', 'P(e,f)', '<a,m||i,e>', 'l2(n,i,a,f)']
['+0.500', '<a,b||e,f>', 'l2(m,n,a,b)']
['-1.000', 'P(m,n)', 'P(e,f)', '<i,m||e,a>', 't1(a,i)', 'l1(n,f)']
['-1.000', 'P(e,f)', '<m,n||e,a>', 't1(a,i)', 'l1(i,f)']
['+1.000', 'P(m,n)', '<i,m||e,f>', 't1(a,i)', 'l1(n,a)']
['-1.000', 'P(m,n)', '<i,m||j,a>', 't1(a,i)', 'l2(n,j,e,f)']
['-1.000', '<m,n||j,a>', 't1(a,i)', 'l2(i,j,e,f)']
['-1.000', 'P(m,n)', 'P(e,f)', '<i,m||j,e>', 't1(a,i)', 'l2(n,j,f,a)']
['+1.000', 'P(e,f)', '<b,i||e,a>', 't1(a,i)', 'l2(m,n,b,f)']
['-1.000', 'P(m,n)', 'P(e,f)', '<b,m||e,a>', 't1(a,i)', 'l2(i,n,b,f)']
['-1.000', '<b,i||e,f>', 't1(a,i)', 'l2(m,n,b,a)']
['+0.500', 'P(m,n)', '<j,m||b,a>', 't2(b,a,i,j)', 'l2(i,n,e,f)']
['+0.250', '<m,n||b,a>', 't2(b,a,j,i)', 'l2(j,i,e,f)']
['-0.500', 'P(e,f)', '<i,j||e,b>', 't2(b,a,i,j)', 'l2(m,n,f,a)']
['-1.000', 'P(m,n)', 'P(e,f)', '<j,m||e,b>', 't2(b,a,i,j)', 'l2(i,n,f,a)']
['-0.500', 'P(e,f)', '<m,n||e,b>', 't2(b,a,j,i)', 'l2(j,i,f,a)']
['+0.250', '<i,j||e,f>', 't2(a,b,i,j)', 'l2(m,n,a,b)']
['+0.500', 'P(m,n)', '<j,m||e,f>', 't2(a,b,i,j)', 'l2(i,n,a,b)']
['-1.000', 'P(m,n)', '<j,m||b,a>', 't1(a,i)', 't1(b,j)', 'l2(i,n,e,f)']
['-0.500', '<m,n||a,b>', 't1(a,i)', 't1(b,j)', 'l2(j,i,e,f)']
['-0.500', 'P(e,f)', '<i,j||e,a>', 't1(a,i)', 't1(b,j)', 'l2(m,n,f,b)']
['+0.500', 'P(e,f)', '<i,j||e,b>', 't1(a,i)', 't1(b,j)', 'l2(m,n,f,a)']
['-1.000', 'P(m,n)', 'P(e,f)', '<j,m||e,a>', 't1(a,i)', 't1(b,j)', 'l2(i,n,f,b)']
['+0.500', 'P(e,f)', '<m,n||e,a>', 't1(a,i)', 't1(b,j)', 'l2(j,i,f,b)']
['-0.500', '<i,j||e,f>', 't1(a,i)', 't1(b,j)', 'l2(m,n,b,a)']
['-0.500', 'P(e,f)', '<m,n||e,b>', 't1(a,i)', 't1(b,j)', 'l2(j,i,a,f)']
