
    0 = <0| e(-T) H e*m e(T)|0> + <0| L e(-T) [H, e*m] e(T)|0>

['+1.000', 'f(m,e)']
['-1.000', '<i,m||e,a>', 't1(a,i)']
['-1.000', 'f(m,i)', 'l1(i,e)']
['+1.000', 'f(a,e)', 'l1(m,a)']
['-1.000', 'f(m,a)', 't1(a,i)', 'l1(i,e)']
['-1.000', 'f(i,e)', 't1(a,i)', 'l1(m,a)']
['-0.500', 'f(m,b)', 't2(b,a,j,i)', 'l2(j,i,e,a)']
['-0.500', 'f(j,e)', 't2(a,b,i,j)', 'l2(i,m,a,b)']
['+0.500', 'f(m,a)', 't1(a,i)', 't1(b,j)', 'l2(j,i,e,b)']
['-0.500', 'f(m,b)', 't1(a,i)', 't1(b,j)', 'l2(j,i,a,e)']
['+1.000', '<a,m||i,e>', 'l1(i,a)']
['-0.500', '<a,m||j,i>', 'l2(j,i,a,e)']
['-0.500', '<a,b||i,e>', 'l2(m,i,a,b)']
['+1.000', '<i,m||j,a>', 't1(a,i)', 'l1(j,e)']
['-1.000', '<i,m||j,e>', 't1(a,i)', 'l1(j,a)']
['+1.000', '<b,i||e,a>', 't1(a,i)', 'l1(m,b)']
['-1.000', '<b,m||e,a>', 't1(a,i)', 'l1(i,b)']
['-0.500', '<i,m||k,j>', 't1(a,i)', 'l2(k,j,e,a)']
['+1.000', '<b,m||j,a>', 't1(a,i)', 'l2(i,j,b,e)']
['+1.000', '<b,i||j,e>', 't1(a,i)', 'l2(m,j,b,a)']
['-0.500', '<b,c||e,a>', 't1(a,i)', 'l2(i,m,b,c)']
['+0.500', '<j,m||b,a>', 't2(b,a,i,j)', 'l1(i,e)']
['+0.500', '<i,j||e,b>', 't2(b,a,i,j)', 'l1(m,a)']
['+1.000', '<j,m||e,b>', 't2(b,a,i,j)', 'l1(i,a)']
['+1.000', '<j,m||k,b>', 't2(b,a,i,j)', 'l2(i,k,e,a)']
['-0.250', '<i,j||k,e>', 't2(a,b,i,j)', 'l2(m,k,a,b)']
['-0.500', '<j,m||k,e>', 't2(a,b,i,j)', 'l2(i,k,a,b)']
['-0.250', '<c,m||b,a>', 't2(b,a,j,i)', 'l2(j,i,c,e)']
['+1.000', '<c,j||e,b>', 't2(b,a,i,j)', 'l2(i,m,c,a)']
['-0.500', '<c,m||e,b>', 't2(b,a,j,i)', 'l2(j,i,c,a)']
['-0.250', '<i,m||b,c>', 't1(a,i)', 't2(b,c,k,j)', 'l2(k,j,e,a)']
['+1.000', '<k,m||a,c>', 't1(a,i)', 't2(c,b,j,k)', 'l2(j,i,e,b)']
['-0.500', '<i,m||a,c>', 't1(a,i)', 't2(c,b,k,j)', 'l2(k,j,e,b)']
['+1.000', '<k,i||e,c>', 't1(a,i)', 't2(c,b,j,k)', 'l2(j,m,a,b)']
['-0.250', '<j,k||e,a>', 't1(a,i)', 't2(b,c,j,k)', 'l2(i,m,b,c)']
['-0.500', '<k,i||e,a>', 't1(a,i)', 't2(b,c,j,k)', 'l2(j,m,b,c)']
['+0.500', '<i,m||e,c>', 't1(a,i)', 't2(c,b,k,j)', 'l2(k,j,a,b)']
['+0.500', '<k,m||e,a>', 't1(a,i)', 't2(b,c,j,k)', 'l2(j,i,b,c)']
['-1.000', '<j,m||b,a>', 't1(a,i)', 't1(b,j)', 'l1(i,e)']
['+0.500', '<i,j||e,a>', 't1(a,i)', 't1(b,j)', 'l1(m,b)']
['-0.500', '<i,j||e,b>', 't1(a,i)', 't1(b,j)', 'l1(m,a)']
['+1.000', '<j,m||e,a>', 't1(a,i)', 't1(b,j)', 'l1(i,b)']
['+1.000', '<j,m||k,a>', 't1(a,i)', 't1(b,j)', 'l2(i,k,e,b)']
['+0.500', '<i,j||k,e>', 't1(a,i)', 't1(b,j)', 'l2(m,k,b,a)']
['+0.500', '<c,m||a,b>', 't1(a,i)', 't1(b,j)', 'l2(j,i,c,e)']
['+1.000', '<c,j||e,a>', 't1(a,i)', 't1(b,j)', 'l2(i,m,c,b)']
['+0.500', '<c,m||e,a>', 't1(a,i)', 't1(b,j)', 'l2(j,i,c,b)']
['-0.500', '<c,m||e,b>', 't1(a,i)', 't1(b,j)', 'l2(j,i,a,c)']
['+0.500', '<k,m||a,b>', 't1(a,i)', 't1(b,j)', 't1(c,k)', 'l2(j,i,e,c)']
['+0.500', '<k,m||c,a>', 't1(a,i)', 't1(b,j)', 't1(c,k)', 'l2(j,i,e,b)']
['+0.500', '<j,k||e,a>', 't1(a,i)', 't1(b,j)', 't1(c,k)', 'l2(i,m,c,b)']
['-0.500', '<k,m||e,a>', 't1(a,i)', 't1(b,j)', 't1(c,k)', 'l2(j,i,c,b)']
['-0.500', '<k,m||c,b>', 't1(a,i)', 't1(b,j)', 't1(c,k)', 'l2(j,i,a,e)']
['+0.500', '<k,m||e,b>', 't1(a,i)', 't1(b,j)', 't1(c,k)', 'l2(j,i,a,c)']
