
    0 = <0| e(-T) H e*f*nm e(T)|0> + <0| L e(-T) [H, e*f*nm] e(T)|0>

['+1.000', '<m,n||e,f>']
['-1.000', 'P(m,n)', 'P(e,f)', 'f(n,e)', 'l1(m,f)']
['-1.000', 'P(m,n)', 'f(n,i)', 'l2(m,i,e,f)']
['+1.000', 'P(e,f)', 'f(a,e)', 'l2(m,n,a,f)']
['+1.000', 'P(e,f)', 'f(i,e)', 't1(a,i)', 'l2(m,n,f,a)']
['+1.000', 'P(m,n)', 'f(n,a)', 't1(a,i)', 'l2(i,m,e,f)']
['-1.000', 'P(e,f)', '<m,n||e,i>', 'l1(i,f)']
['-1.000', 'P(m,n)', '<n,a||e,f>', 'l1(m,a)']
['+0.500', '<m,n||j,i>', 'l2(j,i,e,f)']
['+1.000', 'P(m,n)', 'P(e,f)', '<n,a||e,i>', 'l2(m,i,a,f)']
['+0.500', '<a,b||e,f>', 'l2(m,n,a,b)']
['-1.000', 'P(m,n)', '<i,n||e,f>', 't1(a,i)', 'l1(m,a)']
['-1.000', 'P(e,f)', '<m,n||e,a>', 't1(a,i)', 'l1(i,f)']
['+1.000', 'P(m,n)', 'P(e,f)', '<i,n||e,a>', 't1(a,i)', 'l1(m,f)']
['-1.000', 'P(m,n)', 'P(e,f)', '<i,n||e,j>', 't1(a,i)', 'l2(m,j,f,a)']
['+1.000', '<m,n||a,j>', 't1(a,i)', 'l2(i,j,e,f)']
['-1.000', 'P(m,n)', '<i,n||a,j>', 't1(a,i)', 'l2(m,j,e,f)']
['+1.000', '<i,b||e,f>', 't1(a,i)', 'l2(m,n,b,a)']
['-1.000', 'P(m,n)', 'P(e,f)', '<n,b||e,a>', 't1(a,i)', 'l2(i,m,b,f)']
['-1.000', 'P(e,f)', '<i,b||e,a>', 't1(a,i)', 'l2(m,n,b,f)']
['-0.500', 'P(m,n)', '<j,n||e,f>', 't2(a,b,i,j)', 'l2(i,m,a,b)']
['+0.250', '<i,j||e,f>', 't2(a,b,i,j)', 'l2(m,n,a,b)']
['-0.500', 'P(e,f)', '<m,n||e,b>', 't2(b,a,j,i)', 'l2(j,i,f,a)']
['+1.000', 'P(m,n)', 'P(e,f)', '<j,n||e,b>', 't2(b,a,i,j)', 'l2(i,m,f,a)']
['-0.500', 'P(e,f)', '<i,j||e,b>', 't2(b,a,i,j)', 'l2(m,n,f,a)']
['+0.250', '<m,n||b,a>', 't2(b,a,j,i)', 'l2(j,i,e,f)']
['-0.500', 'P(m,n)', '<j,n||b,a>', 't2(b,a,i,j)', 'l2(i,m,e,f)']
['-0.500', '<i,j||e,f>', 't1(a,i)', 't1(b,j)', 'l2(m,n,b,a)']
['+0.500', 'P(e,f)', '<m,n||e,a>', 't1(a,i)', 't1(b,j)', 'l2(j,i,f,b)']
['+1.000', 'P(m,n)', 'P(e,f)', '<j,n||e,a>', 't1(a,i)', 't1(b,j)', 'l2(i,m,f,b)']
['+0.500', 'P(e,f)', '<i,j||e,b>', 't1(a,i)', 't1(b,j)', 'l2(m,n,f,a)']
['-0.500', 'P(e,f)', '<i,j||e,a>', 't1(a,i)', 't1(b,j)', 'l2(m,n,f,b)']
['-0.500', '<m,n||a,b>', 't1(a,i)', 't1(b,j)', 'l2(j,i,e,f)']
['+1.000', 'P(m,n)', '<j,n||b,a>', 't1(a,i)', 't1(b,j)', 'l2(i,m,e,f)']
['-0.500', 'P(e,f)', '<m,n||e,b>', 't1(a,i)', 't1(b,j)', 'l2(j,i,a,f)']
