
    0 = <0| e(-T) H e*f*nm e(T)|0> + <0| L e(-T) [H, e*f*nm] e(T)|0>

['+1.00000000000000', '<m,n||e,f>']
['-1.00000000000000', 'P(m,n)', 'P(e,f)', 'f(n,e)', 'l1(m,f)']
['-1.00000000000000', 'P(m,n)', 'f(n,i)', 'l2(m,i,e,f)']
['+1.00000000000000', 'P(e,f)', 'f(a,e)', 'l2(m,n,a,f)']
['+1.00000000000000', 'P(e,f)', 'f(i,e)', 'l2(m,n,f,a)', 't1(a,i)']
['+1.00000000000000', 'P(m,n)', 'f(n,a)', 'l2(i,m,e,f)', 't1(a,i)']
['-1.00000000000000', 'P(e,f)', '<m,n||e,i>', 'l1(i,f)']
['-1.00000000000000', 'P(m,n)', '<n,a||e,f>', 'l1(m,a)']
['+0.50000000000000', '<m,n||i,j>', 'l2(i,j,e,f)']
['+1.00000000000000', 'P(m,n)', 'P(e,f)', '<n,a||e,i>', 'l2(m,i,a,f)']
['+0.50000000000000', '<b,a||e,f>', 'l2(m,n,b,a)']
['-1.00000000000000', 'P(m,n)', '<i,n||e,f>', 'l1(m,a)', 't1(a,i)']
['-1.00000000000000', 'P(e,f)', '<m,n||e,a>', 'l1(i,f)', 't1(a,i)']
['+1.00000000000000', 'P(m,n)', 'P(e,f)', '<i,n||e,a>', 'l1(m,f)', 't1(a,i)']
['-1.00000000000000', 'P(m,n)', 'P(e,f)', '<j,n||e,i>', 'l2(m,i,f,a)', 't1(a,j)']
['+1.00000000000000', '<m,n||a,j>', 'l2(i,j,e,f)', 't1(a,i)']
['-1.00000000000000', 'P(m,n)', '<j,n||a,i>', 'l2(m,i,e,f)', 't1(a,j)']
['+1.00000000000000', '<i,b||e,f>', 'l2(m,n,b,a)', 't1(a,i)']
['-1.00000000000000', 'P(m,n)', 'P(e,f)', '<n,a||e,b>', 'l2(i,m,a,f)', 't1(b,i)']
['-1.00000000000000', 'P(e,f)', '<i,a||e,b>', 'l2(m,n,a,f)', 't1(b,i)']
['-0.50000000000000', 'P(m,n)', '<j,n||e,f>', 'l2(i,m,b,a)', 't2(b,a,i,j)']
['+0.25000000000000', '<j,i||e,f>', 'l2(m,n,b,a)', 't2(b,a,j,i)']
['-0.50000000000000', 'P(e,f)', '<m,n||e,b>', 'l2(i,j,f,a)', 't2(b,a,i,j)']
['+1.00000000000000', 'P(m,n)', 'P(e,f)', '<j,n||e,b>', 'l2(i,m,f,a)', 't2(b,a,i,j)']
['-0.50000000000000', 'P(e,f)', '<j,i||e,b>', 'l2(m,n,f,a)', 't2(b,a,j,i)']
['+0.25000000000000', '<m,n||a,b>', 'l2(i,j,e,f)', 't2(a,b,i,j)']
['-0.50000000000000', 'P(m,n)', '<j,n||a,b>', 'l2(i,m,e,f)', 't2(a,b,i,j)']
['-0.50000000000000', '<j,i||e,f>', 'l2(m,n,b,a)', 't1(b,i)', 't1(a,j)']
['+1.00000000000000', 'P(m,n)', 'P(e,f)', '<j,n||e,b>', 'l2(i,m,f,a)', 't1(b,i)', 't1(a,j)']
['+1.00000000000000', 'P(e,f)', '<j,i||e,b>', 'l2(m,n,f,a)', 't1(b,i)', 't1(a,j)']
['-0.50000000000000', '<m,n||a,b>', 'l2(i,j,e,f)', 't1(a,j)', 't1(b,i)']
['+1.00000000000000', 'P(m,n)', '<j,n||a,b>', 'l2(i,m,e,f)', 't1(a,j)', 't1(b,i)']
