Deriving equation: energy = <[['1']]| [['w0'], ['d+'], ['d-'], ['f'], ['v']] |0>
Blocking by spin:
 -> 

Equation energy:
['-1.00', 'd-_aa(i,i)', 't0_1']
['-1.00', 'd-_bb(i,i)', 't0_1']
['-1.00', 'd-_aa(i,a)', 't1_1_aa(a,i)']
['-1.00', 'd-_bb(i,a)', 't1_1_bb(a,i)']
['+1.00', 'f_aa(i,i)']
['+1.00', 'f_bb(i,i)']
['-0.50', '<j,i||j,i>_aaaa']
['-0.50', '<j,i||j,i>_abab']
['-0.50', '<i,j||i,j>_abab']
['-0.50', '<j,i||j,i>_bbbb']
['+0.25', '<j,i||a,b>_aaaa', 't2_aaaa(a,b,j,i)']
['+0.25', '<j,i||a,b>_abab', 't2_abab(a,b,j,i)']
['+0.25', '<i,j||a,b>_abab', 't2_abab(a,b,i,j)']
['+0.25', '<j,i||b,a>_abab', 't2_abab(b,a,j,i)']
['+0.25', '<i,j||b,a>_abab', 't2_abab(b,a,i,j)']
['+0.25', '<j,i||a,b>_bbbb', 't2_bbbb(a,b,j,i)']
Deriving equation: c_energy = <[['1']]| [['B+'], ['B-']] |0>
Blocking by spin:
 -> 

Equation c_energy:
['+1.00', 't0_1']
Deriving equation: rt1 = <[['e1(i,a)']]| [['w0'], ['d+'], ['d-'], ['f'], ['v']] |0>
Blocking by spin:
aa -> a -> a, i -> a
bb -> a -> b, i -> b

Equation rt1_aa:
['-1.00', 'd-_aa(a,i)', 't0_1']
['-1.00', 'd-_aa(j,j)', 't1_1_aa(a,i)']
['-1.00', 'd-_bb(j,j)', 't1_1_aa(a,i)']
['+1.00', 'd-_aa(j,i)', 't1_1_aa(a,j)']
['-1.00', 'd-_aa(a,b)', 't1_1_aa(b,i)']
['+1.00', 'd-_aa(j,b)', 't2_1_aaaa(b,a,i,j)']
['-1.00', 'd-_bb(j,b)', 't2_1_abab(a,b,i,j)']
['+1.00', 'd-_aa(j,b)', 't2_aaaa(b,a,i,j)', 't0_1']
['-1.00', 'd-_bb(j,b)', 't2_abab(a,b,i,j)', 't0_1']
['+1.00', 'f_aa(a,i)']
['-1.00', 'f_aa(j,b)', 't2_aaaa(b,a,i,j)']
['+1.00', 'f_bb(j,b)', 't2_abab(a,b,i,j)']
['-0.50', '<k,j||b,i>_aaaa', 't2_aaaa(b,a,k,j)']
['-0.50', '<k,j||i,b>_abab', 't2_abab(a,b,k,j)']
['-0.50', '<j,k||i,b>_abab', 't2_abab(a,b,j,k)']
['-0.50', '<j,a||b,c>_aaaa', 't2_aaaa(b,c,i,j)']
['+0.50', '<a,j||b,c>_abab', 't2_abab(b,c,i,j)']
['+0.50', '<a,j||c,b>_abab', 't2_abab(c,b,i,j)']
Equation rt1_bb:
['-1.00', 'd-_bb(a,i)', 't0_1']
['-1.00', 'd-_aa(j,j)', 't1_1_bb(a,i)']
['-1.00', 'd-_bb(j,j)', 't1_1_bb(a,i)']
['+1.00', 'd-_bb(j,i)', 't1_1_bb(a,j)']
['-1.00', 'd-_bb(a,b)', 't1_1_bb(b,i)']
['-1.00', 'd-_aa(j,b)', 't2_1_abab(b,a,j,i)']
['+1.00', 'd-_bb(j,b)', 't2_1_bbbb(b,a,i,j)']
['-1.00', 'd-_aa(j,b)', 't2_abab(b,a,j,i)', 't0_1']
['+1.00', 'd-_bb(j,b)', 't2_bbbb(b,a,i,j)', 't0_1']
['+1.00', 'f_bb(a,i)']
['+1.00', 'f_aa(j,b)', 't2_abab(b,a,j,i)']
['-1.00', 'f_bb(j,b)', 't2_bbbb(b,a,i,j)']
['-0.50', '<k,j||b,i>_abab', 't2_abab(b,a,k,j)']
['-0.50', '<j,k||b,i>_abab', 't2_abab(b,a,j,k)']
['-0.50', '<k,j||b,i>_bbbb', 't2_bbbb(b,a,k,j)']
['+0.50', '<j,a||b,c>_abab', 't2_abab(b,c,j,i)']
['+0.50', '<j,a||c,b>_abab', 't2_abab(c,b,j,i)']
['-0.50', '<j,a||b,c>_bbbb', 't2_bbbb(b,c,i,j)']
Deriving equation: c_rt1 = <[['e1(i,a)']]| [['B+'], ['B-']] |0>
Blocking by spin:
aa -> a -> a, i -> a
bb -> a -> b, i -> b

Equation c_rt1_aa:
['+1.00', 't1_1_aa(a,i)']
Equation c_rt1_bb:
['+1.00', 't1_1_bb(a,i)']
Deriving equation: rt2 = <[['e2(i,j,b,a)']]| [['w0'], ['d+'], ['d-'], ['f'], ['v']] |0>
Blocking by spin:
aaaa -> a -> a, b -> a, i -> a, j -> a
abab -> a -> a, b -> b, i -> a, j -> b
bbbb -> a -> b, b -> b, i -> b, j -> b

Equation rt2_aaaa:
['+1.00', 'P(i,j)', 'P(a,b)', 'd-_aa(a,j)', 't1_1_aa(b,i)']
['-1.00', 'd-_aa(k,k)', 't2_1_aaaa(a,b,i,j)']
['-1.00', 'd-_bb(k,k)', 't2_1_aaaa(a,b,i,j)']
['+1.00', 'P(i,j)', 'd-_aa(k,j)', 't2_1_aaaa(a,b,i,k)']
['-1.00', 'P(a,b)', 'd-_aa(a,c)', 't2_1_aaaa(c,b,i,j)']
['+1.00', 'P(i,j)', 'd-_aa(k,j)', 't2_aaaa(a,b,i,k)', 't0_1']
['-1.00', 'P(a,b)', 'd-_aa(a,c)', 't2_aaaa(c,b,i,j)', 't0_1']
['-1.00', 'P(i,j)', 'P(a,b)', 'd-_aa(k,c)', 't2_aaaa(c,a,j,k)', 't1_1_aa(b,i)']
['+1.00', 'P(i,j)', 'P(a,b)', 'd-_bb(k,c)', 't2_abab(a,c,j,k)', 't1_1_aa(b,i)']
['-1.00', 'P(a,b)', 'd-_aa(k,c)', 't2_aaaa(c,a,i,j)', 't1_1_aa(b,k)']
['-1.00', 'P(i,j)', 'd-_aa(k,c)', 't2_aaaa(a,b,j,k)', 't1_1_aa(c,i)']
['-1.00', 'P(i,j)', 'f_aa(k,j)', 't2_aaaa(a,b,i,k)']
['+1.00', 'P(a,b)', 'f_aa(a,c)', 't2_aaaa(c,b,i,j)']
['+1.00', '<a,b||i,j>_aaaa']
['+0.50', '<l,k||i,j>_aaaa', 't2_aaaa(a,b,l,k)']
['+1.00', 'P(i,j)', 'P(a,b)', '<k,a||c,j>_aaaa', 't2_aaaa(c,b,i,k)']
['-1.00', 'P(i,j)', 'P(a,b)', '<a,k||j,c>_abab', 't2_abab(b,c,i,k)']
['+0.50', '<a,b||c,d>_aaaa', 't2_aaaa(c,d,i,j)']
['-0.50', 'P(i,j)', '<l,k||c,d>_aaaa', 't2_aaaa(a,b,i,l)', 't2_aaaa(c,d,j,k)']
['-0.50', 'P(i,j)', '<l,k||c,d>_abab', 't2_aaaa(a,b,i,l)', 't2_abab(c,d,j,k)']
['-0.50', 'P(i,j)', '<l,k||d,c>_abab', 't2_aaaa(a,b,i,l)', 't2_abab(d,c,j,k)']
['+0.25', '<l,k||c,d>_aaaa', 't2_aaaa(a,b,l,k)', 't2_aaaa(c,d,i,j)']
['-0.50', '<l,k||c,d>_aaaa', 't2_aaaa(c,a,l,k)', 't2_aaaa(d,b,i,j)']
['-0.50', '<l,k||d,c>_abab', 't2_abab(a,c,l,k)', 't2_aaaa(d,b,i,j)']
['-0.50', '<k,l||d,c>_abab', 't2_abab(a,c,k,l)', 't2_aaaa(d,b,i,j)']
['+1.00', 'P(i,j)', '<l,k||c,d>_aaaa', 't2_aaaa(c,a,j,k)', 't2_aaaa(d,b,i,l)']
['+1.00', 'P(i,j)', '<k,l||c,d>_abab', 't2_aaaa(c,a,j,k)', 't2_abab(b,d,i,l)']
['+1.00', 'P(i,j)', '<l,k||d,c>_abab', 't2_abab(a,c,j,k)', 't2_aaaa(d,b,i,l)']
['+1.00', 'P(i,j)', '<l,k||c,d>_bbbb', 't2_abab(a,c,j,k)', 't2_abab(b,d,i,l)']
['-0.50', '<l,k||c,d>_aaaa', 't2_aaaa(c,a,i,j)', 't2_aaaa(d,b,l,k)']
['+0.50', '<l,k||c,d>_abab', 't2_aaaa(c,a,i,j)', 't2_abab(b,d,l,k)']
['+0.50', '<k,l||c,d>_abab', 't2_aaaa(c,a,i,j)', 't2_abab(b,d,k,l)']
Equation rt2_abab:
['-1.00', 'd-_bb(b,j)', 't1_1_aa(a,i)']
['-1.00', 'd-_aa(a,i)', 't1_1_bb(b,j)']
['-1.00', 'd-_aa(k,k)', 't2_1_abab(a,b,i,j)']
['-1.00', 'd-_bb(k,k)', 't2_1_abab(a,b,i,j)']
['+1.00', 'd-_bb(k,j)', 't2_1_abab(a,b,i,k)']
['+1.00', 'd-_aa(k,i)', 't2_1_abab(a,b,k,j)']
['-1.00', 'd-_aa(a,c)', 't2_1_abab(c,b,i,j)']
['-1.00', 'd-_bb(b,c)', 't2_1_abab(a,c,i,j)']
['+1.00', 'd-_bb(k,j)', 't2_abab(a,b,i,k)', 't0_1']
['+1.00', 'd-_aa(k,i)', 't2_abab(a,b,k,j)', 't0_1']
['-1.00', 'd-_aa(a,c)', 't2_abab(c,b,i,j)', 't0_1']
['-1.00', 'd-_bb(b,c)', 't2_abab(a,c,i,j)', 't0_1']
['-1.00', 'd-_aa(k,c)', 't2_abab(c,b,k,j)', 't1_1_aa(a,i)']
['+1.00', 'd-_bb(k,c)', 't2_bbbb(c,b,j,k)', 't1_1_aa(a,i)']
['+1.00', 'd-_aa(k,c)', 't2_aaaa(c,a,i,k)', 't1_1_bb(b,j)']
['-1.00', 'd-_bb(k,c)', 't2_abab(a,c,i,k)', 't1_1_bb(b,j)']
['+1.00', 'd-_bb(k,c)', 't2_abab(a,c,i,j)', 't1_1_bb(b,k)']
['+1.00', 'd-_aa(k,c)', 't2_abab(c,b,i,j)', 't1_1_aa(a,k)']
['+1.00', 'd-_aa(k,c)', 't2_abab(a,b,k,j)', 't1_1_aa(c,i)']
['+1.00', 'd-_bb(k,c)', 't2_abab(a,b,i,k)', 't1_1_bb(c,j)']
['-1.00', 'f_bb(k,j)', 't2_abab(a,b,i,k)']
['-1.00', 'f_aa(k,i)', 't2_abab(a,b,k,j)']
['+1.00', 'f_aa(a,c)', 't2_abab(c,b,i,j)']
['+1.00', 'f_bb(b,c)', 't2_abab(a,c,i,j)']
['+1.00', '<a,b||i,j>_abab']
['+0.50', '<l,k||i,j>_abab', 't2_abab(a,b,l,k)']
['+0.50', '<k,l||i,j>_abab', 't2_abab(a,b,k,l)']
['-1.00', '<a,k||c,j>_abab', 't2_abab(c,b,i,k)']
['-1.00', '<k,b||c,j>_abab', 't2_aaaa(c,a,i,k)']
['+1.00', '<k,b||c,j>_bbbb', 't2_abab(a,c,i,k)']
['+1.00', '<k,a||c,i>_aaaa', 't2_abab(c,b,k,j)']
['-1.00', '<a,k||i,c>_abab', 't2_bbbb(c,b,j,k)']
['-1.00', '<k,b||i,c>_abab', 't2_abab(a,c,k,j)']
['+0.50', '<a,b||c,d>_abab', 't2_abab(c,d,i,j)']
['+0.50', '<a,b||d,c>_abab', 't2_abab(d,c,i,j)']
['-0.50', '<k,l||c,d>_abab', 't2_abab(a,b,i,l)', 't2_abab(c,d,k,j)']
['-0.50', '<k,l||d,c>_abab', 't2_abab(a,b,i,l)', 't2_abab(d,c,k,j)']
['-0.50', '<l,k||c,d>_bbbb', 't2_abab(a,b,i,l)', 't2_bbbb(c,d,j,k)']
['-0.50', '<l,k||c,d>_aaaa', 't2_abab(a,b,l,j)', 't2_aaaa(c,d,i,k)']
['-0.50', '<l,k||c,d>_abab', 't2_abab(a,b,l,j)', 't2_abab(c,d,i,k)']
['-0.50', '<l,k||d,c>_abab', 't2_abab(a,b,l,j)', 't2_abab(d,c,i,k)']
['+0.25', '<l,k||c,d>_abab', 't2_abab(a,b,l,k)', 't2_abab(c,d,i,j)']
['+0.25', '<l,k||d,c>_abab', 't2_abab(a,b,l,k)', 't2_abab(d,c,i,j)']
['+0.25', '<k,l||c,d>_abab', 't2_abab(a,b,k,l)', 't2_abab(c,d,i,j)']
['+0.25', '<k,l||d,c>_abab', 't2_abab(a,b,k,l)', 't2_abab(d,c,i,j)']
['-0.50', '<l,k||c,d>_aaaa', 't2_aaaa(c,a,l,k)', 't2_abab(d,b,i,j)']
['-0.50', '<l,k||d,c>_abab', 't2_abab(a,c,l,k)', 't2_abab(d,b,i,j)']
['-0.50', '<k,l||d,c>_abab', 't2_abab(a,c,k,l)', 't2_abab(d,b,i,j)']
['+1.00', '<k,l||d,c>_abab', 't2_abab(a,c,k,j)', 't2_abab(d,b,i,l)']
['+1.00', '<l,k||c,d>_aaaa', 't2_aaaa(c,a,i,k)', 't2_abab(d,b,l,j)']
['+1.00', '<k,l||c,d>_abab', 't2_aaaa(c,a,i,k)', 't2_bbbb(d,b,j,l)']
['+1.00', '<l,k||d,c>_abab', 't2_abab(a,c,i,k)', 't2_abab(d,b,l,j)']
['+1.00', '<l,k||c,d>_bbbb', 't2_abab(a,c,i,k)', 't2_bbbb(d,b,j,l)']
['-0.50', '<l,k||d,c>_abab', 't2_abab(a,c,i,j)', 't2_abab(d,b,l,k)']
['-0.50', '<k,l||d,c>_abab', 't2_abab(a,c,i,j)', 't2_abab(d,b,k,l)']
['+0.50', '<l,k||c,d>_bbbb', 't2_abab(a,c,i,j)', 't2_bbbb(d,b,l,k)']
Equation rt2_bbbb:
['+1.00', 'P(i,j)', 'P(a,b)', 'd-_bb(a,j)', 't1_1_bb(b,i)']
['-1.00', 'd-_aa(k,k)', 't2_1_bbbb(a,b,i,j)']
['-1.00', 'd-_bb(k,k)', 't2_1_bbbb(a,b,i,j)']
['+1.00', 'P(i,j)', 'd-_bb(k,j)', 't2_1_bbbb(a,b,i,k)']
['-1.00', 'P(a,b)', 'd-_bb(a,c)', 't2_1_bbbb(c,b,i,j)']
['+1.00', 'P(i,j)', 'd-_bb(k,j)', 't2_bbbb(a,b,i,k)', 't0_1']
['-1.00', 'P(a,b)', 'd-_bb(a,c)', 't2_bbbb(c,b,i,j)', 't0_1']
['+1.00', 'P(i,j)', 'P(a,b)', 'd-_aa(k,c)', 't2_abab(c,a,k,j)', 't1_1_bb(b,i)']
['-1.00', 'P(i,j)', 'P(a,b)', 'd-_bb(k,c)', 't2_bbbb(c,a,j,k)', 't1_1_bb(b,i)']
['-1.00', 'P(a,b)', 'd-_bb(k,c)', 't2_bbbb(c,a,i,j)', 't1_1_bb(b,k)']
['-1.00', 'P(i,j)', 'd-_bb(k,c)', 't2_bbbb(a,b,j,k)', 't1_1_bb(c,i)']
['-1.00', 'P(i,j)', 'f_bb(k,j)', 't2_bbbb(a,b,i,k)']
['+1.00', 'P(a,b)', 'f_bb(a,c)', 't2_bbbb(c,b,i,j)']
['+1.00', '<a,b||i,j>_bbbb']
['+0.50', '<l,k||i,j>_bbbb', 't2_bbbb(a,b,l,k)']
['-1.00', 'P(i,j)', 'P(a,b)', '<k,a||c,j>_abab', 't2_abab(c,b,k,i)']
['+1.00', 'P(i,j)', 'P(a,b)', '<k,a||c,j>_bbbb', 't2_bbbb(c,b,i,k)']
['+0.50', '<a,b||c,d>_bbbb', 't2_bbbb(c,d,i,j)']
['-0.50', 'P(i,j)', '<k,l||c,d>_abab', 't2_bbbb(a,b,i,l)', 't2_abab(c,d,k,j)']
['-0.50', 'P(i,j)', '<k,l||d,c>_abab', 't2_bbbb(a,b,i,l)', 't2_abab(d,c,k,j)']
['-0.50', 'P(i,j)', '<l,k||c,d>_bbbb', 't2_bbbb(a,b,i,l)', 't2_bbbb(c,d,j,k)']
['+0.25', '<l,k||c,d>_bbbb', 't2_bbbb(a,b,l,k)', 't2_bbbb(c,d,i,j)']
['-0.50', '<l,k||c,d>_abab', 't2_abab(c,a,l,k)', 't2_bbbb(d,b,i,j)']
['-0.50', '<k,l||c,d>_abab', 't2_abab(c,a,k,l)', 't2_bbbb(d,b,i,j)']
['-0.50', '<l,k||c,d>_bbbb', 't2_bbbb(c,a,l,k)', 't2_bbbb(d,b,i,j)']
['+1.00', 'P(i,j)', '<l,k||c,d>_aaaa', 't2_abab(c,a,k,j)', 't2_abab(d,b,l,i)']
['+1.00', 'P(i,j)', '<k,l||c,d>_abab', 't2_abab(c,a,k,j)', 't2_bbbb(d,b,i,l)']
['+1.00', 'P(i,j)', '<l,k||d,c>_abab', 't2_bbbb(c,a,j,k)', 't2_abab(d,b,l,i)']
['+1.00', 'P(i,j)', '<l,k||c,d>_bbbb', 't2_bbbb(c,a,j,k)', 't2_bbbb(d,b,i,l)']
['+0.50', '<l,k||d,c>_abab', 't2_bbbb(c,a,i,j)', 't2_abab(d,b,l,k)']
['+0.50', '<k,l||d,c>_abab', 't2_bbbb(c,a,i,j)', 't2_abab(d,b,k,l)']
['-0.50', '<l,k||c,d>_bbbb', 't2_bbbb(c,a,i,j)', 't2_bbbb(d,b,l,k)']
Deriving equation: c_rt2 = <[['e2(i,j,b,a)']]| [['B+'], ['B-']] |0>
Blocking by spin:
aaaa -> a -> a, b -> a, i -> a, j -> a
abab -> a -> a, b -> b, i -> a, j -> b
bbbb -> a -> b, b -> b, i -> b, j -> b

Equation c_rt2_aaaa:
['+1.00', 't2_1_aaaa(a,b,i,j)']
Equation c_rt2_abab:
['+1.00', 't2_1_abab(a,b,i,j)']
Equation c_rt2_bbbb:
['+1.00', 't2_1_bbbb(a,b,i,j)']
Deriving equation: rt0_1 = <[['B-']]| [['w0'], ['d+'], ['d-'], ['f'], ['v']] |0>
Blocking by spin:
 -> 

Equation rt0_1:
['+1.00', 't0_1', 'w0']
['-1.00', 'd+_aa(i,i)']
['-1.00', 'd+_bb(i,i)']
['-2.00', 'd-_aa(i,i)', 't0_2']
['-2.00', 'd-_bb(i,i)', 't0_2']
['-2.00', 'd-_aa(i,a)', 't1_2_aa(a,i)']
['-2.00', 'd-_bb(i,a)', 't1_2_bb(a,i)']
['-1.00', 'd-_aa(i,a)', 't0_1', 't1_1_aa(a,i)']
['-1.00', 'd-_bb(i,a)', 't0_1', 't1_1_bb(a,i)']
['+1.00', 'f_aa(i,a)', 't1_1_aa(a,i)']
['+1.00', 'f_bb(i,a)', 't1_1_bb(a,i)']
['+0.25', '<j,i||a,b>_aaaa', 't2_1_aaaa(a,b,j,i)']
['+0.25', '<j,i||a,b>_abab', 't2_1_abab(a,b,j,i)']
['+0.25', '<i,j||a,b>_abab', 't2_1_abab(a,b,i,j)']
['+0.25', '<j,i||b,a>_abab', 't2_1_abab(b,a,j,i)']
['+0.25', '<i,j||b,a>_abab', 't2_1_abab(b,a,i,j)']
['+0.25', '<j,i||a,b>_bbbb', 't2_1_bbbb(a,b,j,i)']
Deriving equation: c_rt0_1 = <[['B-']]| [['B+'], ['B-']] |0>
Blocking by spin:
 -> 

Equation c_rt0_1:
['+1.00']
['+2.00', 't0_2']
Deriving equation: rt1_1 = <[['B-', 'e1(i,a)']]| [['w0'], ['d+'], ['d-'], ['f'], ['v']] |0>
Blocking by spin:
aa -> a -> a, i -> a
bb -> a -> b, i -> b

Equation rt1_1_aa:
['+1.00', 't1_1_aa(a,i)', 'w0']
['-1.00', 'd+_aa(a,i)']
['+1.00', 'd+_aa(j,b)', 't2_aaaa(b,a,i,j)']
['-1.00', 'd+_bb(j,b)', 't2_abab(a,b,i,j)']
['-2.00', 'd-_aa(a,i)', 't0_2']
['-2.00', 'd-_aa(j,j)', 't1_2_aa(a,i)']
['-2.00', 'd-_bb(j,j)', 't1_2_aa(a,i)']
['+2.00', 'd-_aa(j,i)', 't1_2_aa(a,j)']
['-2.00', 'd-_aa(a,b)', 't1_2_aa(b,i)']
['+2.00', 'd-_aa(j,b)', 't2_2_aaaa(b,a,i,j)']
['-2.00', 'd-_bb(j,b)', 't2_2_abab(a,b,i,j)']
['+2.00', 'd-_aa(j,b)', 't2_aaaa(b,a,i,j)', 't0_2']
['-2.00', 'd-_bb(j,b)', 't2_abab(a,b,i,j)', 't0_2']
['+1.00', 'd-_aa(j,i)', 't0_1', 't1_1_aa(a,j)']
['-1.00', 'd-_aa(a,b)', 't0_1', 't1_1_aa(b,i)']
['+1.00', 'd-_aa(j,b)', 't0_1', 't2_1_aaaa(b,a,i,j)']
['-1.00', 'd-_bb(j,b)', 't0_1', 't2_1_abab(a,b,i,j)']
['-1.00', 'd-_aa(j,b)', 't1_1_aa(a,i)', 't1_1_aa(b,j)']
['-1.00', 'd-_bb(j,b)', 't1_1_aa(a,i)', 't1_1_bb(b,j)']
['+2.00', 'd-_aa(j,b)', 't1_1_aa(a,j)', 't1_1_aa(b,i)']
['-1.00', 'f_aa(j,i)', 't1_1_aa(a,j)']
['+1.00', 'f_aa(a,b)', 't1_1_aa(b,i)']
['-1.00', 'f_aa(j,b)', 't2_1_aaaa(b,a,i,j)']
['+1.00', 'f_bb(j,b)', 't2_1_abab(a,b,i,j)']
['+1.00', '<j,a||b,i>_aaaa', 't1_1_aa(b,j)']
['+1.00', '<a,j||i,b>_abab', 't1_1_bb(b,j)']
['-0.50', '<k,j||b,i>_aaaa', 't2_1_aaaa(b,a,k,j)']
['-0.50', '<k,j||i,b>_abab', 't2_1_abab(a,b,k,j)']
['-0.50', '<j,k||i,b>_abab', 't2_1_abab(a,b,j,k)']
['-0.50', '<j,a||b,c>_aaaa', 't2_1_aaaa(b,c,i,j)']
['+0.50', '<a,j||b,c>_abab', 't2_1_abab(b,c,i,j)']
['+0.50', '<a,j||c,b>_abab', 't2_1_abab(c,b,i,j)']
['-0.50', '<k,j||b,c>_aaaa', 't2_aaaa(b,c,i,j)', 't1_1_aa(a,k)']
['-0.50', '<k,j||b,c>_abab', 't2_abab(b,c,i,j)', 't1_1_aa(a,k)']
['-0.50', '<k,j||c,b>_abab', 't2_abab(c,b,i,j)', 't1_1_aa(a,k)']
['-0.50', '<k,j||b,c>_aaaa', 't2_aaaa(b,a,k,j)', 't1_1_aa(c,i)']
['-0.50', '<k,j||c,b>_abab', 't2_abab(a,b,k,j)', 't1_1_aa(c,i)']
['-0.50', '<j,k||c,b>_abab', 't2_abab(a,b,j,k)', 't1_1_aa(c,i)']
['+1.00', '<k,j||b,c>_aaaa', 't2_aaaa(b,a,i,j)', 't1_1_aa(c,k)']
['-1.00', '<j,k||b,c>_abab', 't2_aaaa(b,a,i,j)', 't1_1_bb(c,k)']
['+1.00', '<k,j||c,b>_abab', 't2_abab(a,b,i,j)', 't1_1_aa(c,k)']
['-1.00', '<k,j||b,c>_bbbb', 't2_abab(a,b,i,j)', 't1_1_bb(c,k)']
Equation rt1_1_bb:
['+1.00', 't1_1_bb(a,i)', 'w0']
['-1.00', 'd+_bb(a,i)']
['-1.00', 'd+_aa(j,b)', 't2_abab(b,a,j,i)']
['+1.00', 'd+_bb(j,b)', 't2_bbbb(b,a,i,j)']
['-2.00', 'd-_bb(a,i)', 't0_2']
['-2.00', 'd-_aa(j,j)', 't1_2_bb(a,i)']
['-2.00', 'd-_bb(j,j)', 't1_2_bb(a,i)']
['+2.00', 'd-_bb(j,i)', 't1_2_bb(a,j)']
['-2.00', 'd-_bb(a,b)', 't1_2_bb(b,i)']
['-2.00', 'd-_aa(j,b)', 't2_2_abab(b,a,j,i)']
['+2.00', 'd-_bb(j,b)', 't2_2_bbbb(b,a,i,j)']
['-2.00', 'd-_aa(j,b)', 't2_abab(b,a,j,i)', 't0_2']
['+2.00', 'd-_bb(j,b)', 't2_bbbb(b,a,i,j)', 't0_2']
['+1.00', 'd-_bb(j,i)', 't0_1', 't1_1_bb(a,j)']
['-1.00', 'd-_bb(a,b)', 't0_1', 't1_1_bb(b,i)']
['-1.00', 'd-_aa(j,b)', 't0_1', 't2_1_abab(b,a,j,i)']
['+1.00', 'd-_bb(j,b)', 't0_1', 't2_1_bbbb(b,a,i,j)']
['-1.00', 'd-_aa(j,b)', 't1_1_bb(a,i)', 't1_1_aa(b,j)']
['-1.00', 'd-_bb(j,b)', 't1_1_bb(a,i)', 't1_1_bb(b,j)']
['+2.00', 'd-_bb(j,b)', 't1_1_bb(a,j)', 't1_1_bb(b,i)']
['-1.00', 'f_bb(j,i)', 't1_1_bb(a,j)']
['+1.00', 'f_bb(a,b)', 't1_1_bb(b,i)']
['+1.00', 'f_aa(j,b)', 't2_1_abab(b,a,j,i)']
['-1.00', 'f_bb(j,b)', 't2_1_bbbb(b,a,i,j)']
['+1.00', '<j,a||b,i>_abab', 't1_1_aa(b,j)']
['+1.00', '<j,a||b,i>_bbbb', 't1_1_bb(b,j)']
['-0.50', '<k,j||b,i>_abab', 't2_1_abab(b,a,k,j)']
['-0.50', '<j,k||b,i>_abab', 't2_1_abab(b,a,j,k)']
['-0.50', '<k,j||b,i>_bbbb', 't2_1_bbbb(b,a,k,j)']
['+0.50', '<j,a||b,c>_abab', 't2_1_abab(b,c,j,i)']
['+0.50', '<j,a||c,b>_abab', 't2_1_abab(c,b,j,i)']
['-0.50', '<j,a||b,c>_bbbb', 't2_1_bbbb(b,c,i,j)']
['-0.50', '<j,k||b,c>_abab', 't2_abab(b,c,j,i)', 't1_1_bb(a,k)']
['-0.50', '<j,k||c,b>_abab', 't2_abab(c,b,j,i)', 't1_1_bb(a,k)']
['-0.50', '<k,j||b,c>_bbbb', 't2_bbbb(b,c,i,j)', 't1_1_bb(a,k)']
['-0.50', '<k,j||b,c>_abab', 't2_abab(b,a,k,j)', 't1_1_bb(c,i)']
['-0.50', '<j,k||b,c>_abab', 't2_abab(b,a,j,k)', 't1_1_bb(c,i)']
['-0.50', '<k,j||b,c>_bbbb', 't2_bbbb(b,a,k,j)', 't1_1_bb(c,i)']
['-1.00', '<k,j||b,c>_aaaa', 't2_abab(b,a,j,i)', 't1_1_aa(c,k)']
['+1.00', '<j,k||b,c>_abab', 't2_abab(b,a,j,i)', 't1_1_bb(c,k)']
['-1.00', '<k,j||c,b>_abab', 't2_bbbb(b,a,i,j)', 't1_1_aa(c,k)']
['+1.00', '<k,j||b,c>_bbbb', 't2_bbbb(b,a,i,j)', 't1_1_bb(c,k)']
Deriving equation: c_rt1_1 = <[['B-', 'e1(i,a)']]| [['B+'], ['B-']] |0>
Blocking by spin:
aa -> a -> a, i -> a
bb -> a -> b, i -> b

Equation c_rt1_1_aa:
['+2.00', 't1_2_aa(a,i)']
Equation c_rt1_1_bb:
['+2.00', 't1_2_bb(a,i)']
Deriving equation: rt2_1 = <[['B-', 'e2(i,j,b,a)']]| [['w0'], ['d+'], ['d-'], ['f'], ['v']] |0>
Blocking by spin:
aaaa -> a -> a, b -> a, i -> a, j -> a
abab -> a -> a, b -> b, i -> a, j -> b
bbbb -> a -> b, b -> b, i -> b, j -> b

Equation rt2_1_aaaa:
['+1.00', 't2_1_aaaa(a,b,i,j)', 'w0']
['+1.00', 'P(i,j)', 'd+_aa(k,j)', 't2_aaaa(a,b,i,k)']
['-1.00', 'P(a,b)', 'd+_aa(a,c)', 't2_aaaa(c,b,i,j)']
['+2.00', 'P(i,j)', 'P(a,b)', 'd-_aa(a,j)', 't1_2_aa(b,i)']
['-2.00', 'd-_aa(k,k)', 't2_2_aaaa(a,b,i,j)']
['-2.00', 'd-_bb(k,k)', 't2_2_aaaa(a,b,i,j)']
['+2.00', 'P(i,j)', 'd-_aa(k,j)', 't2_2_aaaa(a,b,i,k)']
['-2.00', 'P(a,b)', 'd-_aa(a,c)', 't2_2_aaaa(c,b,i,j)']
['+2.00', 'P(i,j)', 'd-_aa(k,j)', 't2_aaaa(a,b,i,k)', 't0_2']
['-2.00', 'P(a,b)', 'd-_aa(a,c)', 't2_aaaa(c,b,i,j)', 't0_2']
['-2.00', 'P(i,j)', 'P(a,b)', 'd-_aa(k,c)', 't2_aaaa(c,a,j,k)', 't1_2_aa(b,i)']
['+2.00', 'P(i,j)', 'P(a,b)', 'd-_bb(k,c)', 't2_abab(a,c,j,k)', 't1_2_aa(b,i)']
['-2.00', 'P(a,b)', 'd-_aa(k,c)', 't2_aaaa(c,a,i,j)', 't1_2_aa(b,k)']
['-2.00', 'P(i,j)', 'd-_aa(k,c)', 't2_aaaa(a,b,j,k)', 't1_2_aa(c,i)']
['+1.00', 'P(i,j)', 'd-_aa(k,j)', 't0_1', 't2_1_aaaa(a,b,i,k)']
['-1.00', 'P(a,b)', 'd-_aa(a,c)', 't0_1', 't2_1_aaaa(c,b,i,j)']
['-1.00', 'd-_aa(k,c)', 't2_1_aaaa(a,b,i,j)', 't1_1_aa(c,k)']
['-1.00', 'd-_bb(k,c)', 't2_1_aaaa(a,b,i,j)', 't1_1_bb(c,k)']
['+2.00', 'P(i,j)', 'd-_aa(k,c)', 't2_1_aaaa(a,b,i,k)', 't1_1_aa(c,j)']
['+2.00', 'P(a,b)', 'd-_aa(k,c)', 't1_1_aa(a,k)', 't2_1_aaaa(c,b,i,j)']
['-1.00', 'P(i,j)', 'P(a,b)', 'd-_aa(k,c)', 't1_1_aa(a,j)', 't2_1_aaaa(c,b,i,k)']
['+1.00', 'P(i,j)', 'P(a,b)', 'd-_bb(k,c)', 't1_1_aa(a,j)', 't2_1_abab(b,c,i,k)']
['-1.00', 'P(i,j)', 'P(a,b)', 'd-_aa(k,j)', 't1_1_aa(a,k)', 't1_1_aa(b,i)']
['+1.00', 'P(i,j)', 'P(a,b)', 'd-_aa(a,c)', 't1_1_aa(b,i)', 't1_1_aa(c,j)']
['-1.00', 'P(a,b)', 'd-_aa(k,c)', 't2_aaaa(c,a,i,j)', 't0_1', 't1_1_aa(b,k)']
['-1.00', 'P(i,j)', 'd-_aa(k,c)', 't2_aaaa(a,b,j,k)', 't0_1', 't1_1_aa(c,i)']
['-1.00', 'P(i,j)', 'f_aa(k,j)', 't2_1_aaaa(a,b,i,k)']
['+1.00', 'P(a,b)', 'f_aa(a,c)', 't2_1_aaaa(c,b,i,j)']
['+1.00', 'P(a,b)', 'f_aa(k,c)', 't2_aaaa(c,a,i,j)', 't1_1_aa(b,k)']
['+1.00', 'P(i,j)', 'f_aa(k,c)', 't2_aaaa(a,b,j,k)', 't1_1_aa(c,i)']
['+1.00', 'P(a,b)', '<k,a||i,j>_aaaa', 't1_1_aa(b,k)']
['+1.00', 'P(i,j)', '<a,b||c,j>_aaaa', 't1_1_aa(c,i)']
['+0.50', '<l,k||i,j>_aaaa', 't2_1_aaaa(a,b,l,k)']
['+1.00', 'P(i,j)', 'P(a,b)', '<k,a||c,j>_aaaa', 't2_1_aaaa(c,b,i,k)']
['-1.00', 'P(i,j)', 'P(a,b)', '<a,k||j,c>_abab', 't2_1_abab(b,c,i,k)']
['+0.50', '<a,b||c,d>_aaaa', 't2_1_aaaa(c,d,i,j)']
['-1.00', 'P(i,j)', 'P(a,b)', '<l,k||c,j>_aaaa', 't2_aaaa(c,a,i,k)', 't1_1_aa(b,l)']
['-1.00', 'P(i,j)', 'P(a,b)', '<l,k||j,c>_abab', 't2_abab(a,c,i,k)', 't1_1_aa(b,l)']
['+0.50', 'P(i,j)', '<l,k||c,j>_aaaa', 't2_aaaa(a,b,l,k)', 't1_1_aa(c,i)']
['-1.00', 'P(i,j)', '<l,k||c,j>_aaaa', 't2_aaaa(a,b,i,k)', 't1_1_aa(c,l)']
['-1.00', 'P(i,j)', '<k,l||j,c>_abab', 't2_aaaa(a,b,i,k)', 't1_1_bb(c,l)']
['+0.50', 'P(a,b)', '<k,a||c,d>_aaaa', 't2_aaaa(c,d,i,j)', 't1_1_aa(b,k)']
['-1.00', 'P(i,j)', 'P(a,b)', '<k,a||c,d>_aaaa', 't2_aaaa(c,b,j,k)', 't1_1_aa(d,i)']
['+1.00', 'P(i,j)', 'P(a,b)', '<a,k||d,c>_abab', 't2_abab(b,c,j,k)', 't1_1_aa(d,i)']
['-1.00', 'P(a,b)', '<k,a||c,d>_aaaa', 't2_aaaa(c,b,i,j)', 't1_1_aa(d,k)']
['+1.00', 'P(a,b)', '<a,k||c,d>_abab', 't2_aaaa(c,b,i,j)', 't1_1_bb(d,k)']
['-0.50', 'P(i,j)', '<l,k||c,d>_aaaa', 't2_aaaa(c,d,j,k)', 't2_1_aaaa(a,b,i,l)']
['-0.50', 'P(i,j)', '<l,k||c,d>_abab', 't2_abab(c,d,j,k)', 't2_1_aaaa(a,b,i,l)']
['-0.50', 'P(i,j)', '<l,k||d,c>_abab', 't2_abab(d,c,j,k)', 't2_1_aaaa(a,b,i,l)']
['+0.25', '<l,k||c,d>_aaaa', 't2_aaaa(c,d,i,j)', 't2_1_aaaa(a,b,l,k)']
['-0.50', 'P(a,b)', '<l,k||c,d>_aaaa', 't2_aaaa(c,a,l,k)', 't2_1_aaaa(d,b,i,j)']
['-0.50', 'P(a,b)', '<l,k||d,c>_abab', 't2_abab(a,c,l,k)', 't2_1_aaaa(d,b,i,j)']
['-0.50', 'P(a,b)', '<k,l||d,c>_abab', 't2_abab(a,c,k,l)', 't2_1_aaaa(d,b,i,j)']
['+1.00', 'P(i,j)', 'P(a,b)', '<l,k||c,d>_aaaa', 't2_aaaa(c,a,j,k)', 't2_1_aaaa(d,b,i,l)']
['+1.00', 'P(i,j)', 'P(a,b)', '<k,l||c,d>_abab', 't2_aaaa(c,a,j,k)', 't2_1_abab(b,d,i,l)']
['+1.00', 'P(i,j)', 'P(a,b)', '<l,k||d,c>_abab', 't2_abab(a,c,j,k)', 't2_1_aaaa(d,b,i,l)']
['+1.00', 'P(i,j)', 'P(a,b)', '<l,k||c,d>_bbbb', 't2_abab(a,c,j,k)', 't2_1_abab(b,d,i,l)']
['-0.50', 'P(a,b)', '<l,k||c,d>_aaaa', 't2_aaaa(c,a,i,j)', 't2_1_aaaa(d,b,l,k)']
['+0.50', 'P(a,b)', '<l,k||c,d>_abab', 't2_aaaa(c,a,i,j)', 't2_1_abab(b,d,l,k)']
['+0.50', 'P(a,b)', '<k,l||c,d>_abab', 't2_aaaa(c,a,i,j)', 't2_1_abab(b,d,k,l)']
['+0.25', '<l,k||c,d>_aaaa', 't2_aaaa(a,b,l,k)', 't2_1_aaaa(c,d,i,j)']
['-0.50', 'P(i,j)', '<l,k||c,d>_aaaa', 't2_aaaa(a,b,j,k)', 't2_1_aaaa(c,d,i,l)']
['+0.50', 'P(i,j)', '<k,l||c,d>_abab', 't2_aaaa(a,b,j,k)', 't2_1_abab(c,d,i,l)']
['+0.50', 'P(i,j)', '<k,l||d,c>_abab', 't2_aaaa(a,b,j,k)', 't2_1_abab(d,c,i,l)']
Equation rt2_1_abab:
['+1.00', 't2_1_abab(a,b,i,j)', 'w0']
['+1.00', 'd+_bb(k,j)', 't2_abab(a,b,i,k)']
['+1.00', 'd+_aa(k,i)', 't2_abab(a,b,k,j)']
['-1.00', 'd+_aa(a,c)', 't2_abab(c,b,i,j)']
['-1.00', 'd+_bb(b,c)', 't2_abab(a,c,i,j)']
['-2.00', 'd-_bb(b,j)', 't1_2_aa(a,i)']
['-2.00', 'd-_aa(a,i)', 't1_2_bb(b,j)']
['-2.00', 'd-_aa(k,k)', 't2_2_abab(a,b,i,j)']
['-2.00', 'd-_bb(k,k)', 't2_2_abab(a,b,i,j)']
['+2.00', 'd-_bb(k,j)', 't2_2_abab(a,b,i,k)']
['+2.00', 'd-_aa(k,i)', 't2_2_abab(a,b,k,j)']
['-2.00', 'd-_aa(a,c)', 't2_2_abab(c,b,i,j)']
['-2.00', 'd-_bb(b,c)', 't2_2_abab(a,c,i,j)']
['+2.00', 'd-_bb(k,j)', 't2_abab(a,b,i,k)', 't0_2']
['+2.00', 'd-_aa(k,i)', 't2_abab(a,b,k,j)', 't0_2']
['-2.00', 'd-_aa(a,c)', 't2_abab(c,b,i,j)', 't0_2']
['-2.00', 'd-_bb(b,c)', 't2_abab(a,c,i,j)', 't0_2']
['-2.00', 'd-_aa(k,c)', 't2_abab(c,b,k,j)', 't1_2_aa(a,i)']
['+2.00', 'd-_bb(k,c)', 't2_bbbb(c,b,j,k)', 't1_2_aa(a,i)']
['+2.00', 'd-_aa(k,c)', 't2_aaaa(c,a,i,k)', 't1_2_bb(b,j)']
['-2.00', 'd-_bb(k,c)', 't2_abab(a,c,i,k)', 't1_2_bb(b,j)']
['+2.00', 'd-_bb(k,c)', 't2_abab(a,c,i,j)', 't1_2_bb(b,k)']
['+2.00', 'd-_aa(k,c)', 't2_abab(c,b,i,j)', 't1_2_aa(a,k)']
['+2.00', 'd-_aa(k,c)', 't2_abab(a,b,k,j)', 't1_2_aa(c,i)']
['+2.00', 'd-_bb(k,c)', 't2_abab(a,b,i,k)', 't1_2_bb(c,j)']
['+1.00', 'd-_bb(k,j)', 't0_1', 't2_1_abab(a,b,i,k)']
['+1.00', 'd-_aa(k,i)', 't0_1', 't2_1_abab(a,b,k,j)']
['-1.00', 'd-_aa(a,c)', 't0_1', 't2_1_abab(c,b,i,j)']
['-1.00', 'd-_bb(b,c)', 't0_1', 't2_1_abab(a,c,i,j)']
['-1.00', 'd-_aa(k,c)', 't2_1_abab(a,b,i,j)', 't1_1_aa(c,k)']
['-1.00', 'd-_bb(k,c)', 't2_1_abab(a,b,i,j)', 't1_1_bb(c,k)']
['+2.00', 'd-_bb(k,c)', 't2_1_abab(a,b,i,k)', 't1_1_bb(c,j)']
['+2.00', 'd-_aa(k,c)', 't2_1_abab(a,b,k,j)', 't1_1_aa(c,i)']
['+2.00', 'd-_aa(k,c)', 't1_1_aa(a,k)', 't2_1_abab(c,b,i,j)']
['+2.00', 'd-_bb(k,c)', 't2_1_abab(a,c,i,j)', 't1_1_bb(b,k)']
['+1.00', 'd-_aa(k,c)', 't2_1_aaaa(c,a,i,k)', 't1_1_bb(b,j)']
['-1.00', 'd-_bb(k,c)', 't2_1_abab(a,c,i,k)', 't1_1_bb(b,j)']
['-1.00', 'd-_aa(k,c)', 't1_1_aa(a,i)', 't2_1_abab(c,b,k,j)']
['+1.00', 'd-_bb(k,c)', 't1_1_aa(a,i)', 't2_1_bbbb(c,b,j,k)']
['+1.00', 'd-_bb(k,j)', 't1_1_aa(a,i)', 't1_1_bb(b,k)']
['+1.00', 'd-_aa(k,i)', 't1_1_aa(a,k)', 't1_1_bb(b,j)']
['-1.00', 'd-_bb(b,c)', 't1_1_aa(a,i)', 't1_1_bb(c,j)']
['-1.00', 'd-_aa(a,c)', 't1_1_bb(b,j)', 't1_1_aa(c,i)']
['+1.00', 'd-_bb(k,c)', 't2_abab(a,c,i,j)', 't0_1', 't1_1_bb(b,k)']
['+1.00', 'd-_aa(k,c)', 't2_abab(c,b,i,j)', 't0_1', 't1_1_aa(a,k)']
['+1.00', 'd-_aa(k,c)', 't2_abab(a,b,k,j)', 't0_1', 't1_1_aa(c,i)']
['+1.00', 'd-_bb(k,c)', 't2_abab(a,b,i,k)', 't0_1', 't1_1_bb(c,j)']
['-1.00', 'f_bb(k,j)', 't2_1_abab(a,b,i,k)']
['-1.00', 'f_aa(k,i)', 't2_1_abab(a,b,k,j)']
['+1.00', 'f_aa(a,c)', 't2_1_abab(c,b,i,j)']
['+1.00', 'f_bb(b,c)', 't2_1_abab(a,c,i,j)']
['-1.00', 'f_bb(k,c)', 't2_abab(a,c,i,j)', 't1_1_bb(b,k)']
['-1.00', 'f_aa(k,c)', 't2_abab(c,b,i,j)', 't1_1_aa(a,k)']
['-1.00', 'f_aa(k,c)', 't2_abab(a,b,k,j)', 't1_1_aa(c,i)']
['-1.00', 'f_bb(k,c)', 't2_abab(a,b,i,k)', 't1_1_bb(c,j)']
['-1.00', '<a,k||i,j>_abab', 't1_1_bb(b,k)']
['-1.00', '<k,b||i,j>_abab', 't1_1_aa(a,k)']
['+1.00', '<a,b||c,j>_abab', 't1_1_aa(c,i)']
['+1.00', '<a,b||i,c>_abab', 't1_1_bb(c,j)']
['+0.50', '<l,k||i,j>_abab', 't2_1_abab(a,b,l,k)']
['+0.50', '<k,l||i,j>_abab', 't2_1_abab(a,b,k,l)']
['-1.00', '<a,k||c,j>_abab', 't2_1_abab(c,b,i,k)']
['-1.00', '<k,b||c,j>_abab', 't2_1_aaaa(c,a,i,k)']
['+1.00', '<k,b||c,j>_bbbb', 't2_1_abab(a,c,i,k)']
['+1.00', '<k,a||c,i>_aaaa', 't2_1_abab(c,b,k,j)']
['-1.00', '<a,k||i,c>_abab', 't2_1_bbbb(c,b,j,k)']
['-1.00', '<k,b||i,c>_abab', 't2_1_abab(a,c,k,j)']
['+0.50', '<a,b||c,d>_abab', 't2_1_abab(c,d,i,j)']
['+0.50', '<a,b||d,c>_abab', 't2_1_abab(d,c,i,j)']
['+1.00', '<k,l||c,j>_abab', 't2_aaaa(c,a,i,k)', 't1_1_bb(b,l)']
['+1.00', '<l,k||c,j>_bbbb', 't2_abab(a,c,i,k)', 't1_1_bb(b,l)']
['+1.00', '<l,k||c,j>_abab', 't2_abab(c,b,i,k)', 't1_1_aa(a,l)']
['+1.00', '<k,l||i,c>_abab', 't2_abab(a,c,k,j)', 't1_1_bb(b,l)']
['+1.00', '<l,k||c,i>_aaaa', 't2_abab(c,b,k,j)', 't1_1_aa(a,l)']
['+1.00', '<l,k||i,c>_abab', 't2_bbbb(c,b,j,k)', 't1_1_aa(a,l)']
['+0.50', '<l,k||c,j>_abab', 't2_abab(a,b,l,k)', 't1_1_aa(c,i)']
['+0.50', '<k,l||c,j>_abab', 't2_abab(a,b,k,l)', 't1_1_aa(c,i)']
['+0.50', '<l,k||i,c>_abab', 't2_abab(a,b,l,k)', 't1_1_bb(c,j)']
['+0.50', '<k,l||i,c>_abab', 't2_abab(a,b,k,l)', 't1_1_bb(c,j)']
['-1.00', '<l,k||c,j>_abab', 't2_abab(a,b,i,k)', 't1_1_aa(c,l)']
['-1.00', '<l,k||c,j>_bbbb', 't2_abab(a,b,i,k)', 't1_1_bb(c,l)']
['-1.00', '<l,k||c,i>_aaaa', 't2_abab(a,b,k,j)', 't1_1_aa(c,l)']
['-1.00', '<k,l||i,c>_abab', 't2_abab(a,b,k,j)', 't1_1_bb(c,l)']
['-0.50', '<a,k||c,d>_abab', 't2_abab(c,d,i,j)', 't1_1_bb(b,k)']
['-0.50', '<a,k||d,c>_abab', 't2_abab(d,c,i,j)', 't1_1_bb(b,k)']
['-0.50', '<k,b||c,d>_abab', 't2_abab(c,d,i,j)', 't1_1_aa(a,k)']
['-0.50', '<k,b||d,c>_abab', 't2_abab(d,c,i,j)', 't1_1_aa(a,k)']
['+1.00', '<k,a||c,d>_aaaa', 't2_abab(c,b,k,j)', 't1_1_aa(d,i)']
['-1.00', '<a,k||d,c>_abab', 't2_bbbb(c,b,j,k)', 't1_1_aa(d,i)']
['-1.00', '<k,b||d,c>_abab', 't2_abab(a,c,k,j)', 't1_1_aa(d,i)']
['-1.00', '<a,k||c,d>_abab', 't2_abab(c,b,i,k)', 't1_1_bb(d,j)']
['-1.00', '<k,b||c,d>_abab', 't2_aaaa(c,a,i,k)', 't1_1_bb(d,j)']
['+1.00', '<k,b||c,d>_bbbb', 't2_abab(a,c,i,k)', 't1_1_bb(d,j)']
['-1.00', '<k,a||c,d>_aaaa', 't2_abab(c,b,i,j)', 't1_1_aa(d,k)']
['+1.00', '<a,k||c,d>_abab', 't2_abab(c,b,i,j)', 't1_1_bb(d,k)']
['+1.00', '<k,b||d,c>_abab', 't2_abab(a,c,i,j)', 't1_1_aa(d,k)']
['-1.00', '<k,b||c,d>_bbbb', 't2_abab(a,c,i,j)', 't1_1_bb(d,k)']
['-0.50', '<k,l||c,d>_abab', 't2_abab(c,d,k,j)', 't2_1_abab(a,b,i,l)']
['-0.50', '<k,l||d,c>_abab', 't2_abab(d,c,k,j)', 't2_1_abab(a,b,i,l)']
['-0.50', '<l,k||c,d>_bbbb', 't2_bbbb(c,d,j,k)', 't2_1_abab(a,b,i,l)']
['-0.50', '<l,k||c,d>_aaaa', 't2_aaaa(c,d,i,k)', 't2_1_abab(a,b,l,j)']
['-0.50', '<l,k||c,d>_abab', 't2_abab(c,d,i,k)', 't2_1_abab(a,b,l,j)']
['-0.50', '<l,k||d,c>_abab', 't2_abab(d,c,i,k)', 't2_1_abab(a,b,l,j)']
['+0.25', '<l,k||c,d>_abab', 't2_abab(c,d,i,j)', 't2_1_abab(a,b,l,k)']
['+0.25', '<k,l||c,d>_abab', 't2_abab(c,d,i,j)', 't2_1_abab(a,b,k,l)']
['+0.25', '<l,k||d,c>_abab', 't2_abab(d,c,i,j)', 't2_1_abab(a,b,l,k)']
['+0.25', '<k,l||d,c>_abab', 't2_abab(d,c,i,j)', 't2_1_abab(a,b,k,l)']
['-0.50', '<l,k||c,d>_aaaa', 't2_aaaa(c,a,l,k)', 't2_1_abab(d,b,i,j)']
['-0.50', '<l,k||d,c>_abab', 't2_abab(a,c,l,k)', 't2_1_abab(d,b,i,j)']
['-0.50', '<k,l||d,c>_abab', 't2_abab(a,c,k,l)', 't2_1_abab(d,b,i,j)']
['-0.50', '<l,k||c,d>_abab', 't2_abab(c,b,l,k)', 't2_1_abab(a,d,i,j)']
['-0.50', '<k,l||c,d>_abab', 't2_abab(c,b,k,l)', 't2_1_abab(a,d,i,j)']
['-0.50', '<l,k||c,d>_bbbb', 't2_bbbb(c,b,l,k)', 't2_1_abab(a,d,i,j)']
['+1.00', '<k,l||d,c>_abab', 't2_abab(a,c,k,j)', 't2_1_abab(d,b,i,l)']
['+1.00', '<l,k||c,d>_aaaa', 't2_abab(c,b,k,j)', 't2_1_aaaa(d,a,i,l)']
['+1.00', '<k,l||c,d>_abab', 't2_abab(c,b,k,j)', 't2_1_abab(a,d,i,l)']
['+1.00', '<l,k||d,c>_abab', 't2_bbbb(c,b,j,k)', 't2_1_aaaa(d,a,i,l)']
['+1.00', '<l,k||c,d>_bbbb', 't2_bbbb(c,b,j,k)', 't2_1_abab(a,d,i,l)']
['+1.00', '<l,k||c,d>_aaaa', 't2_aaaa(c,a,i,k)', 't2_1_abab(d,b,l,j)']
['+1.00', '<k,l||c,d>_abab', 't2_aaaa(c,a,i,k)', 't2_1_bbbb(d,b,j,l)']
['+1.00', '<l,k||d,c>_abab', 't2_abab(a,c,i,k)', 't2_1_abab(d,b,l,j)']
['+1.00', '<l,k||c,d>_bbbb', 't2_abab(a,c,i,k)', 't2_1_bbbb(d,b,j,l)']
['+1.00', '<l,k||c,d>_abab', 't2_abab(c,b,i,k)', 't2_1_abab(a,d,l,j)']
['-0.50', '<l,k||d,c>_abab', 't2_abab(a,c,i,j)', 't2_1_abab(d,b,l,k)']
['-0.50', '<k,l||d,c>_abab', 't2_abab(a,c,i,j)', 't2_1_abab(d,b,k,l)']
['+0.50', '<l,k||c,d>_bbbb', 't2_abab(a,c,i,j)', 't2_1_bbbb(d,b,l,k)']
['+0.50', '<l,k||c,d>_aaaa', 't2_abab(c,b,i,j)', 't2_1_aaaa(d,a,l,k)']
['-0.50', '<l,k||c,d>_abab', 't2_abab(c,b,i,j)', 't2_1_abab(a,d,l,k)']
['-0.50', '<k,l||c,d>_abab', 't2_abab(c,b,i,j)', 't2_1_abab(a,d,k,l)']
['+0.25', '<l,k||c,d>_abab', 't2_abab(a,b,l,k)', 't2_1_abab(c,d,i,j)']
['+0.25', '<l,k||d,c>_abab', 't2_abab(a,b,l,k)', 't2_1_abab(d,c,i,j)']
['+0.25', '<k,l||c,d>_abab', 't2_abab(a,b,k,l)', 't2_1_abab(c,d,i,j)']
['+0.25', '<k,l||d,c>_abab', 't2_abab(a,b,k,l)', 't2_1_abab(d,c,i,j)']
['+0.50', '<l,k||c,d>_aaaa', 't2_abab(a,b,k,j)', 't2_1_aaaa(c,d,i,l)']
['-0.50', '<k,l||c,d>_abab', 't2_abab(a,b,k,j)', 't2_1_abab(c,d,i,l)']
['-0.50', '<k,l||d,c>_abab', 't2_abab(a,b,k,j)', 't2_1_abab(d,c,i,l)']
['-0.50', '<l,k||c,d>_abab', 't2_abab(a,b,i,k)', 't2_1_abab(c,d,l,j)']
['-0.50', '<l,k||d,c>_abab', 't2_abab(a,b,i,k)', 't2_1_abab(d,c,l,j)']
['+0.50', '<l,k||c,d>_bbbb', 't2_abab(a,b,i,k)', 't2_1_bbbb(c,d,j,l)']
Equation rt2_1_bbbb:
['+1.00', 't2_1_bbbb(a,b,i,j)', 'w0']
['+1.00', 'P(i,j)', 'd+_bb(k,j)', 't2_bbbb(a,b,i,k)']
['-1.00', 'P(a,b)', 'd+_bb(a,c)', 't2_bbbb(c,b,i,j)']
['+2.00', 'P(i,j)', 'P(a,b)', 'd-_bb(a,j)', 't1_2_bb(b,i)']
['-2.00', 'd-_aa(k,k)', 't2_2_bbbb(a,b,i,j)']
['-2.00', 'd-_bb(k,k)', 't2_2_bbbb(a,b,i,j)']
['+2.00', 'P(i,j)', 'd-_bb(k,j)', 't2_2_bbbb(a,b,i,k)']
['-2.00', 'P(a,b)', 'd-_bb(a,c)', 't2_2_bbbb(c,b,i,j)']
['+2.00', 'P(i,j)', 'd-_bb(k,j)', 't2_bbbb(a,b,i,k)', 't0_2']
['-2.00', 'P(a,b)', 'd-_bb(a,c)', 't2_bbbb(c,b,i,j)', 't0_2']
['+2.00', 'P(i,j)', 'P(a,b)', 'd-_aa(k,c)', 't2_abab(c,a,k,j)', 't1_2_bb(b,i)']
['-2.00', 'P(i,j)', 'P(a,b)', 'd-_bb(k,c)', 't2_bbbb(c,a,j,k)', 't1_2_bb(b,i)']
['-2.00', 'P(a,b)', 'd-_bb(k,c)', 't2_bbbb(c,a,i,j)', 't1_2_bb(b,k)']
['-2.00', 'P(i,j)', 'd-_bb(k,c)', 't2_bbbb(a,b,j,k)', 't1_2_bb(c,i)']
['+1.00', 'P(i,j)', 'd-_bb(k,j)', 't0_1', 't2_1_bbbb(a,b,i,k)']
['-1.00', 'P(a,b)', 'd-_bb(a,c)', 't0_1', 't2_1_bbbb(c,b,i,j)']
['-1.00', 'd-_aa(k,c)', 't2_1_bbbb(a,b,i,j)', 't1_1_aa(c,k)']
['-1.00', 'd-_bb(k,c)', 't2_1_bbbb(a,b,i,j)', 't1_1_bb(c,k)']
['+2.00', 'P(i,j)', 'd-_bb(k,c)', 't2_1_bbbb(a,b,i,k)', 't1_1_bb(c,j)']
['+2.00', 'P(a,b)', 'd-_bb(k,c)', 't1_1_bb(a,k)', 't2_1_bbbb(c,b,i,j)']
['+1.00', 'P(i,j)', 'P(a,b)', 'd-_aa(k,c)', 't1_1_bb(a,j)', 't2_1_abab(c,b,k,i)']
['-1.00', 'P(i,j)', 'P(a,b)', 'd-_bb(k,c)', 't1_1_bb(a,j)', 't2_1_bbbb(c,b,i,k)']
['-1.00', 'P(i,j)', 'P(a,b)', 'd-_bb(k,j)', 't1_1_bb(a,k)', 't1_1_bb(b,i)']
['+1.00', 'P(i,j)', 'P(a,b)', 'd-_bb(a,c)', 't1_1_bb(b,i)', 't1_1_bb(c,j)']
['-1.00', 'P(a,b)', 'd-_bb(k,c)', 't2_bbbb(c,a,i,j)', 't0_1', 't1_1_bb(b,k)']
['-1.00', 'P(i,j)', 'd-_bb(k,c)', 't2_bbbb(a,b,j,k)', 't0_1', 't1_1_bb(c,i)']
['-1.00', 'P(i,j)', 'f_bb(k,j)', 't2_1_bbbb(a,b,i,k)']
['+1.00', 'P(a,b)', 'f_bb(a,c)', 't2_1_bbbb(c,b,i,j)']
['+1.00', 'P(a,b)', 'f_bb(k,c)', 't2_bbbb(c,a,i,j)', 't1_1_bb(b,k)']
['+1.00', 'P(i,j)', 'f_bb(k,c)', 't2_bbbb(a,b,j,k)', 't1_1_bb(c,i)']
['+1.00', 'P(a,b)', '<k,a||i,j>_bbbb', 't1_1_bb(b,k)']
['+1.00', 'P(i,j)', '<a,b||c,j>_bbbb', 't1_1_bb(c,i)']
['+0.50', '<l,k||i,j>_bbbb', 't2_1_bbbb(a,b,l,k)']
['-1.00', 'P(i,j)', 'P(a,b)', '<k,a||c,j>_abab', 't2_1_abab(c,b,k,i)']
['+1.00', 'P(i,j)', 'P(a,b)', '<k,a||c,j>_bbbb', 't2_1_bbbb(c,b,i,k)']
['+0.50', '<a,b||c,d>_bbbb', 't2_1_bbbb(c,d,i,j)']
['-1.00', 'P(i,j)', 'P(a,b)', '<k,l||c,j>_abab', 't2_abab(c,a,k,i)', 't1_1_bb(b,l)']
['-1.00', 'P(i,j)', 'P(a,b)', '<l,k||c,j>_bbbb', 't2_bbbb(c,a,i,k)', 't1_1_bb(b,l)']
['+0.50', 'P(i,j)', '<l,k||c,j>_bbbb', 't2_bbbb(a,b,l,k)', 't1_1_bb(c,i)']
['-1.00', 'P(i,j)', '<l,k||c,j>_abab', 't2_bbbb(a,b,i,k)', 't1_1_aa(c,l)']
['-1.00', 'P(i,j)', '<l,k||c,j>_bbbb', 't2_bbbb(a,b,i,k)', 't1_1_bb(c,l)']
['+0.50', 'P(a,b)', '<k,a||c,d>_bbbb', 't2_bbbb(c,d,i,j)', 't1_1_bb(b,k)']
['+1.00', 'P(i,j)', 'P(a,b)', '<k,a||c,d>_abab', 't2_abab(c,b,k,j)', 't1_1_bb(d,i)']
['-1.00', 'P(i,j)', 'P(a,b)', '<k,a||c,d>_bbbb', 't2_bbbb(c,b,j,k)', 't1_1_bb(d,i)']
['+1.00', 'P(a,b)', '<k,a||d,c>_abab', 't2_bbbb(c,b,i,j)', 't1_1_aa(d,k)']
['-1.00', 'P(a,b)', '<k,a||c,d>_bbbb', 't2_bbbb(c,b,i,j)', 't1_1_bb(d,k)']
['-0.50', 'P(i,j)', '<k,l||c,d>_abab', 't2_abab(c,d,k,j)', 't2_1_bbbb(a,b,i,l)']
['-0.50', 'P(i,j)', '<k,l||d,c>_abab', 't2_abab(d,c,k,j)', 't2_1_bbbb(a,b,i,l)']
['-0.50', 'P(i,j)', '<l,k||c,d>_bbbb', 't2_bbbb(c,d,j,k)', 't2_1_bbbb(a,b,i,l)']
['+0.25', '<l,k||c,d>_bbbb', 't2_bbbb(c,d,i,j)', 't2_1_bbbb(a,b,l,k)']
['-0.50', 'P(a,b)', '<l,k||c,d>_abab', 't2_abab(c,a,l,k)', 't2_1_bbbb(d,b,i,j)']
['-0.50', 'P(a,b)', '<k,l||c,d>_abab', 't2_abab(c,a,k,l)', 't2_1_bbbb(d,b,i,j)']
['-0.50', 'P(a,b)', '<l,k||c,d>_bbbb', 't2_bbbb(c,a,l,k)', 't2_1_bbbb(d,b,i,j)']
['+1.00', 'P(i,j)', 'P(a,b)', '<l,k||c,d>_aaaa', 't2_abab(c,a,k,j)', 't2_1_abab(d,b,l,i)']
['+1.00', 'P(i,j)', 'P(a,b)', '<k,l||c,d>_abab', 't2_abab(c,a,k,j)', 't2_1_bbbb(d,b,i,l)']
['+1.00', 'P(i,j)', 'P(a,b)', '<l,k||d,c>_abab', 't2_bbbb(c,a,j,k)', 't2_1_abab(d,b,l,i)']
['+1.00', 'P(i,j)', 'P(a,b)', '<l,k||c,d>_bbbb', 't2_bbbb(c,a,j,k)', 't2_1_bbbb(d,b,i,l)']
['+0.50', 'P(a,b)', '<l,k||d,c>_abab', 't2_bbbb(c,a,i,j)', 't2_1_abab(d,b,l,k)']
['+0.50', 'P(a,b)', '<k,l||d,c>_abab', 't2_bbbb(c,a,i,j)', 't2_1_abab(d,b,k,l)']
['-0.50', 'P(a,b)', '<l,k||c,d>_bbbb', 't2_bbbb(c,a,i,j)', 't2_1_bbbb(d,b,l,k)']
['+0.25', '<l,k||c,d>_bbbb', 't2_bbbb(a,b,l,k)', 't2_1_bbbb(c,d,i,j)']
['+0.50', 'P(i,j)', '<l,k||c,d>_abab', 't2_bbbb(a,b,j,k)', 't2_1_abab(c,d,l,i)']
['+0.50', 'P(i,j)', '<l,k||d,c>_abab', 't2_bbbb(a,b,j,k)', 't2_1_abab(d,c,l,i)']
['-0.50', 'P(i,j)', '<l,k||c,d>_bbbb', 't2_bbbb(a,b,j,k)', 't2_1_bbbb(c,d,i,l)']
Deriving equation: c_rt2_1 = <[['B-', 'e2(i,j,b,a)']]| [['B+'], ['B-']] |0>
Blocking by spin:
aaaa -> a -> a, b -> a, i -> a, j -> a
abab -> a -> a, b -> b, i -> a, j -> b
bbbb -> a -> b, b -> b, i -> b, j -> b

Equation c_rt2_1_aaaa:
['+2.00', 't2_2_aaaa(a,b,i,j)']
Equation c_rt2_1_abab:
['+2.00', 't2_2_abab(a,b,i,j)']
Equation c_rt2_1_bbbb:
['+2.00', 't2_2_bbbb(a,b,i,j)']
Deriving equation: rt0_2 = <[['B-', 'B-']]| [['w0'], ['d+'], ['d-'], ['f'], ['v']] |0>
Blocking by spin:
 -> 

Equation rt0_2:
['+4.00', 't0_2', 'w0']
['-2.00', 'd+_aa(i,a)', 't1_1_aa(a,i)']
['-2.00', 'd+_bb(i,a)', 't1_1_bb(a,i)']
['-2.00', 'd-_aa(i,a)', 't0_1', 't1_2_aa(a,i)']
['-2.00', 'd-_bb(i,a)', 't0_1', 't1_2_bb(a,i)']
['-4.00', 'd-_aa(i,a)', 't1_1_aa(a,i)', 't0_2']
['-4.00', 'd-_bb(i,a)', 't1_1_bb(a,i)', 't0_2']
['+2.00', 'f_aa(i,a)', 't1_2_aa(a,i)']
['+2.00', 'f_bb(i,a)', 't1_2_bb(a,i)']
['+0.50', '<j,i||a,b>_aaaa', 't2_2_aaaa(a,b,j,i)']
['+0.50', '<j,i||a,b>_abab', 't2_2_abab(a,b,j,i)']
['+0.50', '<i,j||a,b>_abab', 't2_2_abab(a,b,i,j)']
['+0.50', '<j,i||b,a>_abab', 't2_2_abab(b,a,j,i)']
['+0.50', '<i,j||b,a>_abab', 't2_2_abab(b,a,i,j)']
['+0.50', '<j,i||a,b>_bbbb', 't2_2_bbbb(a,b,j,i)']
['-1.00', '<j,i||a,b>_aaaa', 't1_1_aa(a,i)', 't1_1_aa(b,j)']
['+1.00', '<i,j||a,b>_abab', 't1_1_aa(a,i)', 't1_1_bb(b,j)']
['+1.00', '<j,i||b,a>_abab', 't1_1_bb(a,i)', 't1_1_aa(b,j)']
['-1.00', '<j,i||a,b>_bbbb', 't1_1_bb(a,i)', 't1_1_bb(b,j)']
Deriving equation: c_rt0_2 = <[['B-', 'B-']]| [['B+'], ['B-']] |0>
Blocking by spin:
 -> 

Equation c_rt0_2:
Deriving equation: rt1_2 = <[['B-', 'B-', 'e1(i,a)']]| [['w0'], ['d+'], ['d-'], ['f'], ['v']] |0>
Blocking by spin:
aa -> a -> a, i -> a
bb -> a -> b, i -> b

Equation rt1_2_aa:
['+4.00', 't1_2_aa(a,i)', 'w0']
['+2.00', 'd+_aa(j,i)', 't1_1_aa(a,j)']
['-2.00', 'd+_aa(a,b)', 't1_1_aa(b,i)']
['+2.00', 'd+_aa(j,b)', 't2_1_aaaa(b,a,i,j)']
['-2.00', 'd+_bb(j,b)', 't2_1_abab(a,b,i,j)']
['+2.00', 'd-_aa(j,i)', 't0_1', 't1_2_aa(a,j)']
['-2.00', 'd-_aa(a,b)', 't0_1', 't1_2_aa(b,i)']
['+2.00', 'd-_aa(j,b)', 't0_1', 't2_2_aaaa(b,a,i,j)']
['-2.00', 'd-_bb(j,b)', 't0_1', 't2_2_abab(a,b,i,j)']
['+4.00', 'd-_aa(j,i)', 't1_1_aa(a,j)', 't0_2']
['-4.00', 'd-_aa(a,b)', 't1_1_aa(b,i)', 't0_2']
['-4.00', 'd-_aa(j,b)', 't1_1_aa(b,j)', 't1_2_aa(a,i)']
['-4.00', 'd-_bb(j,b)', 't1_1_bb(b,j)', 't1_2_aa(a,i)']
['+6.00', 'd-_aa(j,b)', 't1_1_aa(b,i)', 't1_2_aa(a,j)']
['+6.00', 'd-_aa(j,b)', 't1_1_aa(a,j)', 't1_2_aa(b,i)']
['-2.00', 'd-_aa(j,b)', 't1_1_aa(a,i)', 't1_2_aa(b,j)']
['-2.00', 'd-_bb(j,b)', 't1_1_aa(a,i)', 't1_2_bb(b,j)']
['+4.00', 'd-_aa(j,b)', 't2_1_aaaa(b,a,i,j)', 't0_2']
['-4.00', 'd-_bb(j,b)', 't2_1_abab(a,b,i,j)', 't0_2']
['+2.00', 'd-_aa(j,b)', 't0_1', 't1_1_aa(a,j)', 't1_1_aa(b,i)']
['-2.00', 'f_aa(j,i)', 't1_2_aa(a,j)']
['+2.00', 'f_aa(a,b)', 't1_2_aa(b,i)']
['-2.00', 'f_aa(j,b)', 't2_2_aaaa(b,a,i,j)']
['+2.00', 'f_bb(j,b)', 't2_2_abab(a,b,i,j)']
['-2.00', 'f_aa(j,b)', 't1_1_aa(a,j)', 't1_1_aa(b,i)']
['+2.00', '<j,a||b,i>_aaaa', 't1_2_aa(b,j)']
['+2.00', '<a,j||i,b>_abab', 't1_2_bb(b,j)']
['-1.00', '<k,j||b,i>_aaaa', 't2_2_aaaa(b,a,k,j)']
['-1.00', '<k,j||i,b>_abab', 't2_2_abab(a,b,k,j)']
['-1.00', '<j,k||i,b>_abab', 't2_2_abab(a,b,j,k)']
['-1.00', '<j,a||b,c>_aaaa', 't2_2_aaaa(b,c,i,j)']
['+1.00', '<a,j||b,c>_abab', 't2_2_abab(b,c,i,j)']
['+1.00', '<a,j||c,b>_abab', 't2_2_abab(c,b,i,j)']
['-1.00', '<k,j||b,c>_aaaa', 't2_aaaa(b,c,i,j)', 't1_2_aa(a,k)']
['-1.00', '<k,j||b,c>_abab', 't2_abab(b,c,i,j)', 't1_2_aa(a,k)']
['-1.00', '<k,j||c,b>_abab', 't2_abab(c,b,i,j)', 't1_2_aa(a,k)']
['-1.00', '<k,j||b,c>_aaaa', 't2_aaaa(b,a,k,j)', 't1_2_aa(c,i)']
['-1.00', '<k,j||c,b>_abab', 't2_abab(a,b,k,j)', 't1_2_aa(c,i)']
['-1.00', '<j,k||c,b>_abab', 't2_abab(a,b,j,k)', 't1_2_aa(c,i)']
['+2.00', '<k,j||b,c>_aaaa', 't2_aaaa(b,a,i,j)', 't1_2_aa(c,k)']
['-2.00', '<j,k||b,c>_abab', 't2_aaaa(b,a,i,j)', 't1_2_bb(c,k)']
['+2.00', '<k,j||c,b>_abab', 't2_abab(a,b,i,j)', 't1_2_aa(c,k)']
['-2.00', '<k,j||b,c>_bbbb', 't2_abab(a,b,i,j)', 't1_2_bb(c,k)']
['+2.00', '<k,j||b,c>_aaaa', 't2_1_aaaa(c,a,i,k)', 't1_1_aa(b,j)']
['-2.00', '<k,j||c,b>_abab', 't2_1_aaaa(c,a,i,k)', 't1_1_bb(b,j)']
['+2.00', '<j,k||b,c>_abab', 't2_1_abab(a,c,i,k)', 't1_1_aa(b,j)']
['-2.00', '<k,j||b,c>_bbbb', 't2_1_abab(a,c,i,k)', 't1_1_bb(b,j)']
['+1.00', '<k,j||b,c>_aaaa', 't2_1_aaaa(c,a,k,j)', 't1_1_aa(b,i)']
['-1.00', '<k,j||b,c>_abab', 't2_1_abab(a,c,k,j)', 't1_1_aa(b,i)']
['-1.00', '<j,k||b,c>_abab', 't2_1_abab(a,c,j,k)', 't1_1_aa(b,i)']
['+1.00', '<k,j||b,c>_aaaa', 't1_1_aa(a,j)', 't2_1_aaaa(b,c,i,k)']
['-1.00', '<j,k||b,c>_abab', 't1_1_aa(a,j)', 't2_1_abab(b,c,i,k)']
['-1.00', '<j,k||c,b>_abab', 't1_1_aa(a,j)', 't2_1_abab(c,b,i,k)']
['+2.00', '<k,j||b,i>_aaaa', 't1_1_aa(a,k)', 't1_1_aa(b,j)']
['-2.00', '<k,j||i,b>_abab', 't1_1_aa(a,k)', 't1_1_bb(b,j)']
['+2.00', '<j,a||b,c>_aaaa', 't1_1_aa(b,j)', 't1_1_aa(c,i)']
['+2.00', '<a,j||c,b>_abab', 't1_1_bb(b,j)', 't1_1_aa(c,i)']
Equation rt1_2_bb:
['+4.00', 't1_2_bb(a,i)', 'w0']
['+2.00', 'd+_bb(j,i)', 't1_1_bb(a,j)']
['-2.00', 'd+_bb(a,b)', 't1_1_bb(b,i)']
['-2.00', 'd+_aa(j,b)', 't2_1_abab(b,a,j,i)']
['+2.00', 'd+_bb(j,b)', 't2_1_bbbb(b,a,i,j)']
['+2.00', 'd-_bb(j,i)', 't0_1', 't1_2_bb(a,j)']
['-2.00', 'd-_bb(a,b)', 't0_1', 't1_2_bb(b,i)']
['-2.00', 'd-_aa(j,b)', 't0_1', 't2_2_abab(b,a,j,i)']
['+2.00', 'd-_bb(j,b)', 't0_1', 't2_2_bbbb(b,a,i,j)']
['+4.00', 'd-_bb(j,i)', 't1_1_bb(a,j)', 't0_2']
['-4.00', 'd-_bb(a,b)', 't1_1_bb(b,i)', 't0_2']
['-4.00', 'd-_aa(j,b)', 't1_1_aa(b,j)', 't1_2_bb(a,i)']
['-4.00', 'd-_bb(j,b)', 't1_1_bb(b,j)', 't1_2_bb(a,i)']
['+6.00', 'd-_bb(j,b)', 't1_1_bb(b,i)', 't1_2_bb(a,j)']
['+6.00', 'd-_bb(j,b)', 't1_1_bb(a,j)', 't1_2_bb(b,i)']
['-2.00', 'd-_aa(j,b)', 't1_1_bb(a,i)', 't1_2_aa(b,j)']
['-2.00', 'd-_bb(j,b)', 't1_1_bb(a,i)', 't1_2_bb(b,j)']
['-4.00', 'd-_aa(j,b)', 't2_1_abab(b,a,j,i)', 't0_2']
['+4.00', 'd-_bb(j,b)', 't2_1_bbbb(b,a,i,j)', 't0_2']
['+2.00', 'd-_bb(j,b)', 't0_1', 't1_1_bb(a,j)', 't1_1_bb(b,i)']
['-2.00', 'f_bb(j,i)', 't1_2_bb(a,j)']
['+2.00', 'f_bb(a,b)', 't1_2_bb(b,i)']
['+2.00', 'f_aa(j,b)', 't2_2_abab(b,a,j,i)']
['-2.00', 'f_bb(j,b)', 't2_2_bbbb(b,a,i,j)']
['-2.00', 'f_bb(j,b)', 't1_1_bb(a,j)', 't1_1_bb(b,i)']
['+2.00', '<j,a||b,i>_abab', 't1_2_aa(b,j)']
['+2.00', '<j,a||b,i>_bbbb', 't1_2_bb(b,j)']
['-1.00', '<k,j||b,i>_abab', 't2_2_abab(b,a,k,j)']
['-1.00', '<j,k||b,i>_abab', 't2_2_abab(b,a,j,k)']
['-1.00', '<k,j||b,i>_bbbb', 't2_2_bbbb(b,a,k,j)']
['+1.00', '<j,a||b,c>_abab', 't2_2_abab(b,c,j,i)']
['+1.00', '<j,a||c,b>_abab', 't2_2_abab(c,b,j,i)']
['-1.00', '<j,a||b,c>_bbbb', 't2_2_bbbb(b,c,i,j)']
['-1.00', '<j,k||b,c>_abab', 't2_abab(b,c,j,i)', 't1_2_bb(a,k)']
['-1.00', '<j,k||c,b>_abab', 't2_abab(c,b,j,i)', 't1_2_bb(a,k)']
['-1.00', '<k,j||b,c>_bbbb', 't2_bbbb(b,c,i,j)', 't1_2_bb(a,k)']
['-1.00', '<k,j||b,c>_abab', 't2_abab(b,a,k,j)', 't1_2_bb(c,i)']
['-1.00', '<j,k||b,c>_abab', 't2_abab(b,a,j,k)', 't1_2_bb(c,i)']
['-1.00', '<k,j||b,c>_bbbb', 't2_bbbb(b,a,k,j)', 't1_2_bb(c,i)']
['-2.00', '<k,j||b,c>_aaaa', 't2_abab(b,a,j,i)', 't1_2_aa(c,k)']
['+2.00', '<j,k||b,c>_abab', 't2_abab(b,a,j,i)', 't1_2_bb(c,k)']
['-2.00', '<k,j||c,b>_abab', 't2_bbbb(b,a,i,j)', 't1_2_aa(c,k)']
['+2.00', '<k,j||b,c>_bbbb', 't2_bbbb(b,a,i,j)', 't1_2_bb(c,k)']
['-2.00', '<k,j||b,c>_aaaa', 't2_1_abab(c,a,k,i)', 't1_1_aa(b,j)']
['+2.00', '<k,j||c,b>_abab', 't2_1_abab(c,a,k,i)', 't1_1_bb(b,j)']
['-2.00', '<j,k||b,c>_abab', 't2_1_bbbb(c,a,i,k)', 't1_1_aa(b,j)']
['+2.00', '<k,j||b,c>_bbbb', 't2_1_bbbb(c,a,i,k)', 't1_1_bb(b,j)']
['-1.00', '<k,j||c,b>_abab', 't2_1_abab(c,a,k,j)', 't1_1_bb(b,i)']
['-1.00', '<j,k||c,b>_abab', 't2_1_abab(c,a,j,k)', 't1_1_bb(b,i)']
['+1.00', '<k,j||b,c>_bbbb', 't2_1_bbbb(c,a,k,j)', 't1_1_bb(b,i)']
['-1.00', '<k,j||b,c>_abab', 't1_1_bb(a,j)', 't2_1_abab(b,c,k,i)']
['-1.00', '<k,j||c,b>_abab', 't1_1_bb(a,j)', 't2_1_abab(c,b,k,i)']
['+1.00', '<k,j||b,c>_bbbb', 't1_1_bb(a,j)', 't2_1_bbbb(b,c,i,k)']
['-2.00', '<j,k||b,i>_abab', 't1_1_bb(a,k)', 't1_1_aa(b,j)']
['+2.00', '<k,j||b,i>_bbbb', 't1_1_bb(a,k)', 't1_1_bb(b,j)']
['+2.00', '<j,a||b,c>_abab', 't1_1_aa(b,j)', 't1_1_bb(c,i)']
['+2.00', '<j,a||b,c>_bbbb', 't1_1_bb(b,j)', 't1_1_bb(c,i)']
Deriving equation: c_rt1_2 = <[['B-', 'B-', 'e1(i,a)']]| [['B+'], ['B-']] |0>
Blocking by spin:
aa -> a -> a, i -> a
bb -> a -> b, i -> b

Equation c_rt1_2_aa:
Equation c_rt1_2_bb:
Deriving equation: rt2_2 = <[['B-', 'B-', 'e2(i,j,b,a)']]| [['w0'], ['d+'], ['d-'], ['f'], ['v']] |0>
Blocking by spin:
aaaa -> a -> a, b -> a, i -> a, j -> a
abab -> a -> a, b -> b, i -> a, j -> b
bbbb -> a -> b, b -> b, i -> b, j -> b

Equation rt2_2_aaaa:
['+4.00', 't2_2_aaaa(a,b,i,j)', 'w0']
['+2.00', 'P(i,j)', 'd+_aa(k,j)', 't2_1_aaaa(a,b,i,k)']
['-2.00', 'P(a,b)', 'd+_aa(a,c)', 't2_1_aaaa(c,b,i,j)']
['-2.00', 'P(a,b)', 'd+_aa(k,c)', 't2_aaaa(c,a,i,j)', 't1_1_aa(b,k)']
['-2.00', 'P(i,j)', 'd+_aa(k,c)', 't2_aaaa(a,b,j,k)', 't1_1_aa(c,i)']
['+2.00', 'P(i,j)', 'd-_aa(k,j)', 't0_1', 't2_2_aaaa(a,b,i,k)']
['-2.00', 'P(a,b)', 'd-_aa(a,c)', 't0_1', 't2_2_aaaa(c,b,i,j)']
['-4.00', 'P(i,j)', 'P(a,b)', 'd-_aa(k,j)', 't1_1_aa(a,k)', 't1_2_aa(b,i)']
['+2.00', 'P(i,j)', 'P(a,b)', 'd-_aa(k,j)', 't1_1_aa(a,i)', 't1_2_aa(b,k)']
['+4.00', 'P(i,j)', 'P(a,b)', 'd-_aa(a,c)', 't1_1_aa(c,j)', 't1_2_aa(b,i)']
['-2.00', 'P(i,j)', 'P(a,b)', 'd-_aa(a,c)', 't1_1_aa(b,j)', 't1_2_aa(c,i)']
['-4.00', 'd-_aa(k,c)', 't1_1_aa(c,k)', 't2_2_aaaa(a,b,i,j)']
['-4.00', 'd-_bb(k,c)', 't1_1_bb(c,k)', 't2_2_aaaa(a,b,i,j)']
['+6.00', 'P(i,j)', 'd-_aa(k,c)', 't1_1_aa(c,j)', 't2_2_aaaa(a,b,i,k)']
['+6.00', 'P(a,b)', 'd-_aa(k,c)', 't1_1_aa(a,k)', 't2_2_aaaa(c,b,i,j)']
['-2.00', 'P(i,j)', 'P(a,b)', 'd-_aa(k,c)', 't1_1_aa(a,j)', 't2_2_aaaa(c,b,i,k)']
['+2.00', 'P(i,j)', 'P(a,b)', 'd-_bb(k,c)', 't1_1_aa(a,j)', 't2_2_abab(b,c,i,k)']
['+4.00', 'P(i,j)', 'd-_aa(k,j)', 't2_1_aaaa(a,b,i,k)', 't0_2']
['-4.00', 'P(a,b)', 'd-_aa(a,c)', 't2_1_aaaa(c,b,i,j)', 't0_2']
['-4.00', 'P(i,j)', 'P(a,b)', 'd-_aa(k,c)', 't2_1_aaaa(c,a,j,k)', 't1_2_aa(b,i)']
['+4.00', 'P(i,j)', 'P(a,b)', 'd-_bb(k,c)', 't2_1_abab(a,c,j,k)', 't1_2_aa(b,i)']
['-6.00', 'P(a,b)', 'd-_aa(k,c)', 't2_1_aaaa(c,a,i,j)', 't1_2_aa(b,k)']
['-6.00', 'P(i,j)', 'd-_aa(k,c)', 't2_1_aaaa(a,b,j,k)', 't1_2_aa(c,i)']
['-2.00', 'd-_aa(k,c)', 't2_1_aaaa(a,b,i,j)', 't1_2_aa(c,k)']
['-2.00', 'd-_bb(k,c)', 't2_1_aaaa(a,b,i,j)', 't1_2_bb(c,k)']
['-2.00', 'P(a,b)', 'd-_aa(k,c)', 't2_aaaa(c,a,i,j)', 't0_1', 't1_2_aa(b,k)']
['-2.00', 'P(i,j)', 'd-_aa(k,c)', 't2_aaaa(a,b,j,k)', 't0_1', 't1_2_aa(c,i)']
['-4.00', 'P(a,b)', 'd-_aa(k,c)', 't2_aaaa(c,a,i,j)', 't1_1_aa(b,k)', 't0_2']
['-4.00', 'P(i,j)', 'd-_aa(k,c)', 't2_aaaa(a,b,j,k)', 't1_1_aa(c,i)', 't0_2']
['+2.00', 'P(i,j)', 'd-_aa(k,c)', 't0_1', 't2_1_aaaa(a,b,i,k)', 't1_1_aa(c,j)']
['+2.00', 'P(a,b)', 'd-_aa(k,c)', 't0_1', 't1_1_aa(a,k)', 't2_1_aaaa(c,b,i,j)']
['-2.00', 'P(i,j)', 'P(a,b)', 'd-_aa(k,c)', 't1_1_aa(a,k)', 't1_1_aa(b,i)', 't1_1_aa(c,j)']
['-2.00', 'P(i,j)', 'f_aa(k,j)', 't2_2_aaaa(a,b,i,k)']
['+2.00', 'P(a,b)', 'f_aa(a,c)', 't2_2_aaaa(c,b,i,j)']
['+2.00', 'P(a,b)', 'f_aa(k,c)', 't2_aaaa(c,a,i,j)', 't1_2_aa(b,k)']
['+2.00', 'P(i,j)', 'f_aa(k,c)', 't2_aaaa(a,b,j,k)', 't1_2_aa(c,i)']
['-2.00', 'P(i,j)', 'f_aa(k,c)', 't2_1_aaaa(a,b,i,k)', 't1_1_aa(c,j)']
['-2.00', 'P(a,b)', 'f_aa(k,c)', 't1_1_aa(a,k)', 't2_1_aaaa(c,b,i,j)']
['+2.00', 'P(a,b)', '<k,a||i,j>_aaaa', 't1_2_aa(b,k)']
['+2.00', 'P(i,j)', '<a,b||c,j>_aaaa', 't1_2_aa(c,i)']
['+1.00', '<l,k||i,j>_aaaa', 't2_2_aaaa(a,b,l,k)']
['+2.00', 'P(i,j)', 'P(a,b)', '<k,a||c,j>_aaaa', 't2_2_aaaa(c,b,i,k)']
['-2.00', 'P(i,j)', 'P(a,b)', '<a,k||j,c>_abab', 't2_2_abab(b,c,i,k)']
['+1.00', '<a,b||c,d>_aaaa', 't2_2_aaaa(c,d,i,j)']
['-2.00', 'P(i,j)', 'P(a,b)', '<l,k||c,j>_aaaa', 't2_aaaa(c,a,i,k)', 't1_2_aa(b,l)']
['-2.00', 'P(i,j)', 'P(a,b)', '<l,k||j,c>_abab', 't2_abab(a,c,i,k)', 't1_2_aa(b,l)']
['+1.00', 'P(i,j)', '<l,k||c,j>_aaaa', 't2_aaaa(a,b,l,k)', 't1_2_aa(c,i)']
['-2.00', 'P(i,j)', '<l,k||c,j>_aaaa', 't2_aaaa(a,b,i,k)', 't1_2_aa(c,l)']
['-2.00', 'P(i,j)', '<k,l||j,c>_abab', 't2_aaaa(a,b,i,k)', 't1_2_bb(c,l)']
['+1.00', 'P(a,b)', '<k,a||c,d>_aaaa', 't2_aaaa(c,d,i,j)', 't1_2_aa(b,k)']
['-2.00', 'P(i,j)', 'P(a,b)', '<k,a||c,d>_aaaa', 't2_aaaa(c,b,j,k)', 't1_2_aa(d,i)']
['+2.00', 'P(i,j)', 'P(a,b)', '<a,k||d,c>_abab', 't2_abab(b,c,j,k)', 't1_2_aa(d,i)']
['-2.00', 'P(a,b)', '<k,a||c,d>_aaaa', 't2_aaaa(c,b,i,j)', 't1_2_aa(d,k)']
['+2.00', 'P(a,b)', '<a,k||c,d>_abab', 't2_aaaa(c,b,i,j)', 't1_2_bb(d,k)']
['-1.00', 'P(i,j)', '<l,k||c,d>_aaaa', 't2_aaaa(c,d,j,k)', 't2_2_aaaa(a,b,i,l)']
['-1.00', 'P(i,j)', '<l,k||c,d>_abab', 't2_abab(c,d,j,k)', 't2_2_aaaa(a,b,i,l)']
['-1.00', 'P(i,j)', '<l,k||d,c>_abab', 't2_abab(d,c,j,k)', 't2_2_aaaa(a,b,i,l)']
['+0.50', '<l,k||c,d>_aaaa', 't2_aaaa(c,d,i,j)', 't2_2_aaaa(a,b,l,k)']
['-1.00', 'P(a,b)', '<l,k||c,d>_aaaa', 't2_aaaa(c,a,l,k)', 't2_2_aaaa(d,b,i,j)']
['-1.00', 'P(a,b)', '<l,k||d,c>_abab', 't2_abab(a,c,l,k)', 't2_2_aaaa(d,b,i,j)']
['-1.00', 'P(a,b)', '<k,l||d,c>_abab', 't2_abab(a,c,k,l)', 't2_2_aaaa(d,b,i,j)']
['+2.00', 'P(i,j)', 'P(a,b)', '<l,k||c,d>_aaaa', 't2_aaaa(c,a,j,k)', 't2_2_aaaa(d,b,i,l)']
['+2.00', 'P(i,j)', 'P(a,b)', '<k,l||c,d>_abab', 't2_aaaa(c,a,j,k)', 't2_2_abab(b,d,i,l)']
['+2.00', 'P(i,j)', 'P(a,b)', '<l,k||d,c>_abab', 't2_abab(a,c,j,k)', 't2_2_aaaa(d,b,i,l)']
['+2.00', 'P(i,j)', 'P(a,b)', '<l,k||c,d>_bbbb', 't2_abab(a,c,j,k)', 't2_2_abab(b,d,i,l)']
['-1.00', 'P(a,b)', '<l,k||c,d>_aaaa', 't2_aaaa(c,a,i,j)', 't2_2_aaaa(d,b,l,k)']
['+1.00', 'P(a,b)', '<l,k||c,d>_abab', 't2_aaaa(c,a,i,j)', 't2_2_abab(b,d,l,k)']
['+1.00', 'P(a,b)', '<k,l||c,d>_abab', 't2_aaaa(c,a,i,j)', 't2_2_abab(b,d,k,l)']
['+0.50', '<l,k||c,d>_aaaa', 't2_aaaa(a,b,l,k)', 't2_2_aaaa(c,d,i,j)']
['-1.00', 'P(i,j)', '<l,k||c,d>_aaaa', 't2_aaaa(a,b,j,k)', 't2_2_aaaa(c,d,i,l)']
['+1.00', 'P(i,j)', '<k,l||c,d>_abab', 't2_aaaa(a,b,j,k)', 't2_2_abab(c,d,i,l)']
['+1.00', 'P(i,j)', '<k,l||d,c>_abab', 't2_aaaa(a,b,j,k)', 't2_2_abab(d,c,i,l)']
['+2.00', 'P(i,j)', '<l,k||c,j>_aaaa', 't2_1_aaaa(a,b,i,l)', 't1_1_aa(c,k)']
['-2.00', 'P(i,j)', '<l,k||j,c>_abab', 't2_1_aaaa(a,b,i,l)', 't1_1_bb(c,k)']
['+1.00', 'P(i,j)', '<l,k||c,j>_aaaa', 't2_1_aaaa(a,b,l,k)', 't1_1_aa(c,i)']
['-2.00', 'P(i,j)', 'P(a,b)', '<l,k||c,j>_aaaa', 't1_1_aa(a,k)', 't2_1_aaaa(c,b,i,l)']
['+2.00', 'P(i,j)', 'P(a,b)', '<k,l||j,c>_abab', 't1_1_aa(a,k)', 't2_1_abab(b,c,i,l)']
['+2.00', 'P(a,b)', '<k,a||c,d>_aaaa', 't2_1_aaaa(d,b,i,j)', 't1_1_aa(c,k)']
['+2.00', 'P(a,b)', '<a,k||d,c>_abab', 't2_1_aaaa(d,b,i,j)', 't1_1_bb(c,k)']
['-2.00', 'P(i,j)', 'P(a,b)', '<k,a||c,d>_aaaa', 't2_1_aaaa(d,b,i,k)', 't1_1_aa(c,j)']
['-2.00', 'P(i,j)', 'P(a,b)', '<a,k||c,d>_abab', 't2_1_abab(b,d,i,k)', 't1_1_aa(c,j)']
['+1.00', 'P(a,b)', '<k,a||c,d>_aaaa', 't1_1_aa(b,k)', 't2_1_aaaa(c,d,i,j)']
['-2.00', '<l,k||i,j>_aaaa', 't1_1_aa(a,k)', 't1_1_aa(b,l)']
['+2.00', 'P(i,j)', 'P(a,b)', '<k,a||c,j>_aaaa', 't1_1_aa(b,k)', 't1_1_aa(c,i)']
['-2.00', '<a,b||c,d>_aaaa', 't1_1_aa(c,j)', 't1_1_aa(d,i)']
['-1.00', 'P(i,j)', '<l,k||c,d>_aaaa', 't2_1_aaaa(a,b,i,l)', 't2_1_aaaa(c,d,j,k)']
['-1.00', 'P(i,j)', '<l,k||c,d>_abab', 't2_1_aaaa(a,b,i,l)', 't2_1_abab(c,d,j,k)']
['-1.00', 'P(i,j)', '<l,k||d,c>_abab', 't2_1_aaaa(a,b,i,l)', 't2_1_abab(d,c,j,k)']
['+0.50', '<l,k||c,d>_aaaa', 't2_1_aaaa(a,b,l,k)', 't2_1_aaaa(c,d,i,j)']
['-1.00', '<l,k||c,d>_aaaa', 't2_1_aaaa(c,a,l,k)', 't2_1_aaaa(d,b,i,j)']
['-1.00', '<l,k||d,c>_abab', 't2_1_abab(a,c,l,k)', 't2_1_aaaa(d,b,i,j)']
['-1.00', '<k,l||d,c>_abab', 't2_1_abab(a,c,k,l)', 't2_1_aaaa(d,b,i,j)']
['+2.00', 'P(i,j)', '<l,k||c,d>_aaaa', 't2_1_aaaa(c,a,j,k)', 't2_1_aaaa(d,b,i,l)']
['+2.00', 'P(i,j)', '<k,l||c,d>_abab', 't2_1_aaaa(c,a,j,k)', 't2_1_abab(b,d,i,l)']
['+2.00', 'P(i,j)', '<l,k||d,c>_abab', 't2_1_abab(a,c,j,k)', 't2_1_aaaa(d,b,i,l)']
['+2.00', 'P(i,j)', '<l,k||c,d>_bbbb', 't2_1_abab(a,c,j,k)', 't2_1_abab(b,d,i,l)']
['-1.00', '<l,k||c,d>_aaaa', 't2_1_aaaa(c,a,i,j)', 't2_1_aaaa(d,b,l,k)']
['+1.00', '<l,k||c,d>_abab', 't2_1_aaaa(c,a,i,j)', 't2_1_abab(b,d,l,k)']
['+1.00', '<k,l||c,d>_abab', 't2_1_aaaa(c,a,i,j)', 't2_1_abab(b,d,k,l)']
['-1.00', '<l,k||c,d>_aaaa', 't2_aaaa(c,d,i,j)', 't1_1_aa(a,k)', 't1_1_aa(b,l)']
['+2.00', 'P(i,j)', 'P(a,b)', '<l,k||c,d>_aaaa', 't2_aaaa(c,a,j,k)', 't1_1_aa(b,l)', 't1_1_aa(d,i)']
['+2.00', 'P(i,j)', 'P(a,b)', '<l,k||d,c>_abab', 't2_abab(a,c,j,k)', 't1_1_aa(b,l)', 't1_1_aa(d,i)']
['+2.00', 'P(a,b)', '<l,k||c,d>_aaaa', 't2_aaaa(c,a,i,j)', 't1_1_aa(b,l)', 't1_1_aa(d,k)']
['+2.00', 'P(a,b)', '<l,k||c,d>_abab', 't2_aaaa(c,a,i,j)', 't1_1_aa(b,l)', 't1_1_bb(d,k)']
['-1.00', '<l,k||c,d>_aaaa', 't2_aaaa(a,b,l,k)', 't1_1_aa(c,j)', 't1_1_aa(d,i)']
['+2.00', 'P(i,j)', '<l,k||c,d>_aaaa', 't2_aaaa(a,b,j,k)', 't1_1_aa(c,l)', 't1_1_aa(d,i)']
['+2.00', 'P(i,j)', '<k,l||d,c>_abab', 't2_aaaa(a,b,j,k)', 't1_1_bb(c,l)', 't1_1_aa(d,i)']
Equation rt2_2_abab:
['+4.00', 't2_2_abab(a,b,i,j)', 'w0']
['+2.00', 'd+_bb(k,j)', 't2_1_abab(a,b,i,k)']
['+2.00', 'd+_aa(k,i)', 't2_1_abab(a,b,k,j)']
['-2.00', 'd+_aa(a,c)', 't2_1_abab(c,b,i,j)']
['-2.00', 'd+_bb(b,c)', 't2_1_abab(a,c,i,j)']
['+2.00', 'd+_bb(k,c)', 't2_abab(a,c,i,j)', 't1_1_bb(b,k)']
['+2.00', 'd+_aa(k,c)', 't2_abab(c,b,i,j)', 't1_1_aa(a,k)']
['+2.00', 'd+_aa(k,c)', 't2_abab(a,b,k,j)', 't1_1_aa(c,i)']
['+2.00', 'd+_bb(k,c)', 't2_abab(a,b,i,k)', 't1_1_bb(c,j)']
['+2.00', 'd-_bb(k,j)', 't0_1', 't2_2_abab(a,b,i,k)']
['+2.00', 'd-_aa(k,i)', 't0_1', 't2_2_abab(a,b,k,j)']
['-2.00', 'd-_aa(a,c)', 't0_1', 't2_2_abab(c,b,i,j)']
['-2.00', 'd-_bb(b,c)', 't0_1', 't2_2_abab(a,c,i,j)']
['+4.00', 'd-_bb(k,j)', 't1_1_bb(b,k)', 't1_2_aa(a,i)']
['+4.00', 'd-_aa(k,i)', 't1_1_aa(a,k)', 't1_2_bb(b,j)']
['+2.00', 'd-_bb(k,j)', 't1_1_aa(a,i)', 't1_2_bb(b,k)']
['+2.00', 'd-_aa(k,i)', 't1_1_bb(b,j)', 't1_2_aa(a,k)']
['-4.00', 'd-_bb(b,c)', 't1_1_bb(c,j)', 't1_2_aa(a,i)']
['-4.00', 'd-_aa(a,c)', 't1_1_aa(c,i)', 't1_2_bb(b,j)']
['-2.00', 'd-_aa(a,c)', 't1_1_bb(b,j)', 't1_2_aa(c,i)']
['-2.00', 'd-_bb(b,c)', 't1_1_aa(a,i)', 't1_2_bb(c,j)']
['-4.00', 'd-_aa(k,c)', 't1_1_aa(c,k)', 't2_2_abab(a,b,i,j)']
['-4.00', 'd-_bb(k,c)', 't1_1_bb(c,k)', 't2_2_abab(a,b,i,j)']
['+6.00', 'd-_bb(k,c)', 't1_1_bb(c,j)', 't2_2_abab(a,b,i,k)']
['+6.00', 'd-_aa(k,c)', 't1_1_aa(c,i)', 't2_2_abab(a,b,k,j)']
['+6.00', 'd-_aa(k,c)', 't1_1_aa(a,k)', 't2_2_abab(c,b,i,j)']
['+6.00', 'd-_bb(k,c)', 't1_1_bb(b,k)', 't2_2_abab(a,c,i,j)']
['+2.00', 'd-_aa(k,c)', 't1_1_bb(b,j)', 't2_2_aaaa(c,a,i,k)']
['-2.00', 'd-_bb(k,c)', 't1_1_bb(b,j)', 't2_2_abab(a,c,i,k)']
['-2.00', 'd-_aa(k,c)', 't1_1_aa(a,i)', 't2_2_abab(c,b,k,j)']
['+2.00', 'd-_bb(k,c)', 't1_1_aa(a,i)', 't2_2_bbbb(c,b,j,k)']
['+4.00', 'd-_bb(k,j)', 't2_1_abab(a,b,i,k)', 't0_2']
['+4.00', 'd-_aa(k,i)', 't2_1_abab(a,b,k,j)', 't0_2']
['-4.00', 'd-_aa(a,c)', 't2_1_abab(c,b,i,j)', 't0_2']
['-4.00', 'd-_bb(b,c)', 't2_1_abab(a,c,i,j)', 't0_2']
['-4.00', 'd-_aa(k,c)', 't2_1_abab(c,b,k,j)', 't1_2_aa(a,i)']
['+4.00', 'd-_bb(k,c)', 't2_1_bbbb(c,b,j,k)', 't1_2_aa(a,i)']
['+4.00', 'd-_aa(k,c)', 't2_1_aaaa(c,a,i,k)', 't1_2_bb(b,j)']
['-4.00', 'd-_bb(k,c)', 't2_1_abab(a,c,i,k)', 't1_2_bb(b,j)']
['+6.00', 'd-_bb(k,c)', 't2_1_abab(a,c,i,j)', 't1_2_bb(b,k)']
['+6.00', 'd-_aa(k,c)', 't2_1_abab(c,b,i,j)', 't1_2_aa(a,k)']
['+6.00', 'd-_aa(k,c)', 't2_1_abab(a,b,k,j)', 't1_2_aa(c,i)']
['+6.00', 'd-_bb(k,c)', 't2_1_abab(a,b,i,k)', 't1_2_bb(c,j)']
['-2.00', 'd-_aa(k,c)', 't2_1_abab(a,b,i,j)', 't1_2_aa(c,k)']
['-2.00', 'd-_bb(k,c)', 't2_1_abab(a,b,i,j)', 't1_2_bb(c,k)']
['+2.00', 'd-_bb(k,c)', 't2_abab(a,c,i,j)', 't0_1', 't1_2_bb(b,k)']
['+2.00', 'd-_aa(k,c)', 't2_abab(c,b,i,j)', 't0_1', 't1_2_aa(a,k)']
['+2.00', 'd-_aa(k,c)', 't2_abab(a,b,k,j)', 't0_1', 't1_2_aa(c,i)']
['+2.00', 'd-_bb(k,c)', 't2_abab(a,b,i,k)', 't0_1', 't1_2_bb(c,j)']
['+4.00', 'd-_bb(k,c)', 't2_abab(a,c,i,j)', 't1_1_bb(b,k)', 't0_2']
['+4.00', 'd-_aa(k,c)', 't2_abab(c,b,i,j)', 't1_1_aa(a,k)', 't0_2']
['+4.00', 'd-_aa(k,c)', 't2_abab(a,b,k,j)', 't1_1_aa(c,i)', 't0_2']
['+4.00', 'd-_bb(k,c)', 't2_abab(a,b,i,k)', 't1_1_bb(c,j)', 't0_2']
['+2.00', 'd-_bb(k,c)', 't0_1', 't2_1_abab(a,b,i,k)', 't1_1_bb(c,j)']
['+2.00', 'd-_aa(k,c)', 't0_1', 't2_1_abab(a,b,k,j)', 't1_1_aa(c,i)']
['+2.00', 'd-_aa(k,c)', 't0_1', 't1_1_aa(a,k)', 't2_1_abab(c,b,i,j)']
['+2.00', 'd-_bb(k,c)', 't0_1', 't2_1_abab(a,c,i,j)', 't1_1_bb(b,k)']
['+2.00', 'd-_bb(k,c)', 't1_1_aa(a,i)', 't1_1_bb(b,k)', 't1_1_bb(c,j)']
['+2.00', 'd-_aa(k,c)', 't1_1_aa(a,k)', 't1_1_bb(b,j)', 't1_1_aa(c,i)']
['-2.00', 'f_bb(k,j)', 't2_2_abab(a,b,i,k)']
['-2.00', 'f_aa(k,i)', 't2_2_abab(a,b,k,j)']
['+2.00', 'f_aa(a,c)', 't2_2_abab(c,b,i,j)']
['+2.00', 'f_bb(b,c)', 't2_2_abab(a,c,i,j)']
['-2.00', 'f_bb(k,c)', 't2_abab(a,c,i,j)', 't1_2_bb(b,k)']
['-2.00', 'f_aa(k,c)', 't2_abab(c,b,i,j)', 't1_2_aa(a,k)']
['-2.00', 'f_aa(k,c)', 't2_abab(a,b,k,j)', 't1_2_aa(c,i)']
['-2.00', 'f_bb(k,c)', 't2_abab(a,b,i,k)', 't1_2_bb(c,j)']
['-2.00', 'f_bb(k,c)', 't2_1_abab(a,b,i,k)', 't1_1_bb(c,j)']
['-2.00', 'f_aa(k,c)', 't2_1_abab(a,b,k,j)', 't1_1_aa(c,i)']
['-2.00', 'f_aa(k,c)', 't1_1_aa(a,k)', 't2_1_abab(c,b,i,j)']
['-2.00', 'f_bb(k,c)', 't2_1_abab(a,c,i,j)', 't1_1_bb(b,k)']
['-2.00', '<a,k||i,j>_abab', 't1_2_bb(b,k)']
['-2.00', '<k,b||i,j>_abab', 't1_2_aa(a,k)']
['+2.00', '<a,b||c,j>_abab', 't1_2_aa(c,i)']
['+2.00', '<a,b||i,c>_abab', 't1_2_bb(c,j)']
['+1.00', '<l,k||i,j>_abab', 't2_2_abab(a,b,l,k)']
['+1.00', '<k,l||i,j>_abab', 't2_2_abab(a,b,k,l)']
['-2.00', '<a,k||c,j>_abab', 't2_2_abab(c,b,i,k)']
['-2.00', '<k,b||c,j>_abab', 't2_2_aaaa(c,a,i,k)']
['+2.00', '<k,b||c,j>_bbbb', 't2_2_abab(a,c,i,k)']
['+2.00', '<k,a||c,i>_aaaa', 't2_2_abab(c,b,k,j)']
['-2.00', '<a,k||i,c>_abab', 't2_2_bbbb(c,b,j,k)']
['-2.00', '<k,b||i,c>_abab', 't2_2_abab(a,c,k,j)']
['+1.00', '<a,b||c,d>_abab', 't2_2_abab(c,d,i,j)']
['+1.00', '<a,b||d,c>_abab', 't2_2_abab(d,c,i,j)']
['+2.00', '<k,l||c,j>_abab', 't2_aaaa(c,a,i,k)', 't1_2_bb(b,l)']
['+2.00', '<l,k||c,j>_bbbb', 't2_abab(a,c,i,k)', 't1_2_bb(b,l)']
['+2.00', '<l,k||c,j>_abab', 't2_abab(c,b,i,k)', 't1_2_aa(a,l)']
['+2.00', '<k,l||i,c>_abab', 't2_abab(a,c,k,j)', 't1_2_bb(b,l)']
['+2.00', '<l,k||c,i>_aaaa', 't2_abab(c,b,k,j)', 't1_2_aa(a,l)']
['+2.00', '<l,k||i,c>_abab', 't2_bbbb(c,b,j,k)', 't1_2_aa(a,l)']
['+1.00', '<l,k||c,j>_abab', 't2_abab(a,b,l,k)', 't1_2_aa(c,i)']
['+1.00', '<k,l||c,j>_abab', 't2_abab(a,b,k,l)', 't1_2_aa(c,i)']
['+1.00', '<l,k||i,c>_abab', 't2_abab(a,b,l,k)', 't1_2_bb(c,j)']
['+1.00', '<k,l||i,c>_abab', 't2_abab(a,b,k,l)', 't1_2_bb(c,j)']
['-2.00', '<l,k||c,j>_abab', 't2_abab(a,b,i,k)', 't1_2_aa(c,l)']
['-2.00', '<l,k||c,j>_bbbb', 't2_abab(a,b,i,k)', 't1_2_bb(c,l)']
['-2.00', '<l,k||c,i>_aaaa', 't2_abab(a,b,k,j)', 't1_2_aa(c,l)']
['-2.00', '<k,l||i,c>_abab', 't2_abab(a,b,k,j)', 't1_2_bb(c,l)']
['-1.00', '<a,k||c,d>_abab', 't2_abab(c,d,i,j)', 't1_2_bb(b,k)']
['-1.00', '<a,k||d,c>_abab', 't2_abab(d,c,i,j)', 't1_2_bb(b,k)']
['-1.00', '<k,b||c,d>_abab', 't2_abab(c,d,i,j)', 't1_2_aa(a,k)']
['-1.00', '<k,b||d,c>_abab', 't2_abab(d,c,i,j)', 't1_2_aa(a,k)']
['+2.00', '<k,a||c,d>_aaaa', 't2_abab(c,b,k,j)', 't1_2_aa(d,i)']
['-2.00', '<a,k||d,c>_abab', 't2_bbbb(c,b,j,k)', 't1_2_aa(d,i)']
['-2.00', '<k,b||d,c>_abab', 't2_abab(a,c,k,j)', 't1_2_aa(d,i)']
['-2.00', '<a,k||c,d>_abab', 't2_abab(c,b,i,k)', 't1_2_bb(d,j)']
['-2.00', '<k,b||c,d>_abab', 't2_aaaa(c,a,i,k)', 't1_2_bb(d,j)']
['+2.00', '<k,b||c,d>_bbbb', 't2_abab(a,c,i,k)', 't1_2_bb(d,j)']
['-2.00', '<k,a||c,d>_aaaa', 't2_abab(c,b,i,j)', 't1_2_aa(d,k)']
['+2.00', '<a,k||c,d>_abab', 't2_abab(c,b,i,j)', 't1_2_bb(d,k)']
['+2.00', '<k,b||d,c>_abab', 't2_abab(a,c,i,j)', 't1_2_aa(d,k)']
['-2.00', '<k,b||c,d>_bbbb', 't2_abab(a,c,i,j)', 't1_2_bb(d,k)']
['-1.00', '<k,l||c,d>_abab', 't2_abab(c,d,k,j)', 't2_2_abab(a,b,i,l)']
['-1.00', '<k,l||d,c>_abab', 't2_abab(d,c,k,j)', 't2_2_abab(a,b,i,l)']
['-1.00', '<l,k||c,d>_bbbb', 't2_bbbb(c,d,j,k)', 't2_2_abab(a,b,i,l)']
['-1.00', '<l,k||c,d>_aaaa', 't2_aaaa(c,d,i,k)', 't2_2_abab(a,b,l,j)']
['-1.00', '<l,k||c,d>_abab', 't2_abab(c,d,i,k)', 't2_2_abab(a,b,l,j)']
['-1.00', '<l,k||d,c>_abab', 't2_abab(d,c,i,k)', 't2_2_abab(a,b,l,j)']
['+0.50', '<l,k||c,d>_abab', 't2_abab(c,d,i,j)', 't2_2_abab(a,b,l,k)']
['+0.50', '<k,l||c,d>_abab', 't2_abab(c,d,i,j)', 't2_2_abab(a,b,k,l)']
['+0.50', '<l,k||d,c>_abab', 't2_abab(d,c,i,j)', 't2_2_abab(a,b,l,k)']
['+0.50', '<k,l||d,c>_abab', 't2_abab(d,c,i,j)', 't2_2_abab(a,b,k,l)']
['-1.00', '<l,k||c,d>_aaaa', 't2_aaaa(c,a,l,k)', 't2_2_abab(d,b,i,j)']
['-1.00', '<l,k||d,c>_abab', 't2_abab(a,c,l,k)', 't2_2_abab(d,b,i,j)']
['-1.00', '<k,l||d,c>_abab', 't2_abab(a,c,k,l)', 't2_2_abab(d,b,i,j)']
['-1.00', '<l,k||c,d>_abab', 't2_abab(c,b,l,k)', 't2_2_abab(a,d,i,j)']
['-1.00', '<k,l||c,d>_abab', 't2_abab(c,b,k,l)', 't2_2_abab(a,d,i,j)']
['-1.00', '<l,k||c,d>_bbbb', 't2_bbbb(c,b,l,k)', 't2_2_abab(a,d,i,j)']
['+2.00', '<k,l||d,c>_abab', 't2_abab(a,c,k,j)', 't2_2_abab(d,b,i,l)']
['+2.00', '<l,k||c,d>_aaaa', 't2_abab(c,b,k,j)', 't2_2_aaaa(d,a,i,l)']
['+2.00', '<k,l||c,d>_abab', 't2_abab(c,b,k,j)', 't2_2_abab(a,d,i,l)']
['+2.00', '<l,k||d,c>_abab', 't2_bbbb(c,b,j,k)', 't2_2_aaaa(d,a,i,l)']
['+2.00', '<l,k||c,d>_bbbb', 't2_bbbb(c,b,j,k)', 't2_2_abab(a,d,i,l)']
['+2.00', '<l,k||c,d>_aaaa', 't2_aaaa(c,a,i,k)', 't2_2_abab(d,b,l,j)']
['+2.00', '<k,l||c,d>_abab', 't2_aaaa(c,a,i,k)', 't2_2_bbbb(d,b,j,l)']
['+2.00', '<l,k||d,c>_abab', 't2_abab(a,c,i,k)', 't2_2_abab(d,b,l,j)']
['+2.00', '<l,k||c,d>_bbbb', 't2_abab(a,c,i,k)', 't2_2_bbbb(d,b,j,l)']
['+2.00', '<l,k||c,d>_abab', 't2_abab(c,b,i,k)', 't2_2_abab(a,d,l,j)']
['-1.00', '<l,k||d,c>_abab', 't2_abab(a,c,i,j)', 't2_2_abab(d,b,l,k)']
['-1.00', '<k,l||d,c>_abab', 't2_abab(a,c,i,j)', 't2_2_abab(d,b,k,l)']
['+1.00', '<l,k||c,d>_bbbb', 't2_abab(a,c,i,j)', 't2_2_bbbb(d,b,l,k)']
['+1.00', '<l,k||c,d>_aaaa', 't2_abab(c,b,i,j)', 't2_2_aaaa(d,a,l,k)']
['-1.00', '<l,k||c,d>_abab', 't2_abab(c,b,i,j)', 't2_2_abab(a,d,l,k)']
['-1.00', '<k,l||c,d>_abab', 't2_abab(c,b,i,j)', 't2_2_abab(a,d,k,l)']
['+0.50', '<l,k||c,d>_abab', 't2_abab(a,b,l,k)', 't2_2_abab(c,d,i,j)']
['+0.50', '<l,k||d,c>_abab', 't2_abab(a,b,l,k)', 't2_2_abab(d,c,i,j)']
['+0.50', '<k,l||c,d>_abab', 't2_abab(a,b,k,l)', 't2_2_abab(c,d,i,j)']
['+0.50', '<k,l||d,c>_abab', 't2_abab(a,b,k,l)', 't2_2_abab(d,c,i,j)']
['+1.00', '<l,k||c,d>_aaaa', 't2_abab(a,b,k,j)', 't2_2_aaaa(c,d,i,l)']
['-1.00', '<k,l||c,d>_abab', 't2_abab(a,b,k,j)', 't2_2_abab(c,d,i,l)']
['-1.00', '<k,l||d,c>_abab', 't2_abab(a,b,k,j)', 't2_2_abab(d,c,i,l)']
['-1.00', '<l,k||c,d>_abab', 't2_abab(a,b,i,k)', 't2_2_abab(c,d,l,j)']
['-1.00', '<l,k||d,c>_abab', 't2_abab(a,b,i,k)', 't2_2_abab(d,c,l,j)']
['+1.00', '<l,k||c,d>_bbbb', 't2_abab(a,b,i,k)', 't2_2_bbbb(c,d,j,l)']
['-2.00', '<k,l||c,j>_abab', 't2_1_abab(a,b,i,l)', 't1_1_aa(c,k)']
['+2.00', '<l,k||c,j>_bbbb', 't2_1_abab(a,b,i,l)', 't1_1_bb(c,k)']
['+2.00', '<l,k||c,i>_aaaa', 't2_1_abab(a,b,l,j)', 't1_1_aa(c,k)']
['-2.00', '<l,k||i,c>_abab', 't2_1_abab(a,b,l,j)', 't1_1_bb(c,k)']
['+1.00', '<l,k||c,j>_abab', 't2_1_abab(a,b,l,k)', 't1_1_aa(c,i)']
['+1.00', '<k,l||c,j>_abab', 't2_1_abab(a,b,k,l)', 't1_1_aa(c,i)']
['+1.00', '<l,k||i,c>_abab', 't2_1_abab(a,b,l,k)', 't1_1_bb(c,j)']
['+1.00', '<k,l||i,c>_abab', 't2_1_abab(a,b,k,l)', 't1_1_bb(c,j)']
['+2.00', '<k,l||c,j>_abab', 't1_1_aa(a,k)', 't2_1_abab(c,b,i,l)']
['+2.00', '<l,k||c,j>_abab', 't2_1_aaaa(c,a,i,l)', 't1_1_bb(b,k)']
['-2.00', '<l,k||c,j>_bbbb', 't2_1_abab(a,c,i,l)', 't1_1_bb(b,k)']
['-2.00', '<l,k||c,i>_aaaa', 't1_1_aa(a,k)', 't2_1_abab(c,b,l,j)']
['+2.00', '<k,l||i,c>_abab', 't1_1_aa(a,k)', 't2_1_bbbb(c,b,j,l)']
['+2.00', '<l,k||i,c>_abab', 't2_1_abab(a,c,l,j)', 't1_1_bb(b,k)']
['+2.00', '<k,a||c,d>_aaaa', 't2_1_abab(d,b,i,j)', 't1_1_aa(c,k)']
['+2.00', '<a,k||d,c>_abab', 't2_1_abab(d,b,i,j)', 't1_1_bb(c,k)']
['+2.00', '<k,b||c,d>_abab', 't2_1_abab(a,d,i,j)', 't1_1_aa(c,k)']
['+2.00', '<k,b||c,d>_bbbb', 't2_1_abab(a,d,i,j)', 't1_1_bb(c,k)']
['-2.00', '<a,k||d,c>_abab', 't2_1_abab(d,b,i,k)', 't1_1_bb(c,j)']
['-2.00', '<k,b||d,c>_abab', 't2_1_aaaa(d,a,i,k)', 't1_1_bb(c,j)']
['-2.00', '<k,b||c,d>_bbbb', 't2_1_abab(a,d,i,k)', 't1_1_bb(c,j)']
['-2.00', '<k,a||c,d>_aaaa', 't2_1_abab(d,b,k,j)', 't1_1_aa(c,i)']
['-2.00', '<a,k||c,d>_abab', 't2_1_bbbb(d,b,j,k)', 't1_1_aa(c,i)']
['-2.00', '<k,b||c,d>_abab', 't2_1_abab(a,d,k,j)', 't1_1_aa(c,i)']
['-1.00', '<a,k||c,d>_abab', 't1_1_bb(b,k)', 't2_1_abab(c,d,i,j)']
['-1.00', '<a,k||d,c>_abab', 't1_1_bb(b,k)', 't2_1_abab(d,c,i,j)']
['-1.00', '<k,b||c,d>_abab', 't1_1_aa(a,k)', 't2_1_abab(c,d,i,j)']
['-1.00', '<k,b||d,c>_abab', 't1_1_aa(a,k)', 't2_1_abab(d,c,i,j)']
['+2.00', '<k,l||i,j>_abab', 't1_1_aa(a,k)', 't1_1_bb(b,l)']
['-2.00', '<a,k||c,j>_abab', 't1_1_bb(b,k)', 't1_1_aa(c,i)']
['-2.00', '<k,b||c,j>_abab', 't1_1_aa(a,k)', 't1_1_aa(c,i)']
['-2.00', '<a,k||i,c>_abab', 't1_1_bb(b,k)', 't1_1_bb(c,j)']
['-2.00', '<k,b||i,c>_abab', 't1_1_aa(a,k)', 't1_1_bb(c,j)']
['+2.00', '<a,b||d,c>_abab', 't1_1_bb(c,j)', 't1_1_aa(d,i)']
['-1.00', '<k,l||c,d>_abab', 't2_1_abab(a,b,i,l)', 't2_1_abab(c,d,k,j)']
['-1.00', '<k,l||d,c>_abab', 't2_1_abab(a,b,i,l)', 't2_1_abab(d,c,k,j)']
['-1.00', '<l,k||c,d>_bbbb', 't2_1_abab(a,b,i,l)', 't2_1_bbbb(c,d,j,k)']
['-1.00', '<l,k||c,d>_aaaa', 't2_1_abab(a,b,l,j)', 't2_1_aaaa(c,d,i,k)']
['-1.00', '<l,k||c,d>_abab', 't2_1_abab(a,b,l,j)', 't2_1_abab(c,d,i,k)']
['-1.00', '<l,k||d,c>_abab', 't2_1_abab(a,b,l,j)', 't2_1_abab(d,c,i,k)']
['+0.50', '<l,k||c,d>_abab', 't2_1_abab(a,b,l,k)', 't2_1_abab(c,d,i,j)']
['+0.50', '<l,k||d,c>_abab', 't2_1_abab(a,b,l,k)', 't2_1_abab(d,c,i,j)']
['+0.50', '<k,l||c,d>_abab', 't2_1_abab(a,b,k,l)', 't2_1_abab(c,d,i,j)']
['+0.50', '<k,l||d,c>_abab', 't2_1_abab(a,b,k,l)', 't2_1_abab(d,c,i,j)']
['-1.00', '<l,k||c,d>_aaaa', 't2_1_aaaa(c,a,l,k)', 't2_1_abab(d,b,i,j)']
['-1.00', '<l,k||d,c>_abab', 't2_1_abab(a,c,l,k)', 't2_1_abab(d,b,i,j)']
['-1.00', '<k,l||d,c>_abab', 't2_1_abab(a,c,k,l)', 't2_1_abab(d,b,i,j)']
['+2.00', '<k,l||d,c>_abab', 't2_1_abab(a,c,k,j)', 't2_1_abab(d,b,i,l)']
['+2.00', '<l,k||c,d>_aaaa', 't2_1_aaaa(c,a,i,k)', 't2_1_abab(d,b,l,j)']
['+2.00', '<k,l||c,d>_abab', 't2_1_aaaa(c,a,i,k)', 't2_1_bbbb(d,b,j,l)']
['+2.00', '<l,k||d,c>_abab', 't2_1_abab(a,c,i,k)', 't2_1_abab(d,b,l,j)']
['+2.00', '<l,k||c,d>_bbbb', 't2_1_abab(a,c,i,k)', 't2_1_bbbb(d,b,j,l)']
['-1.00', '<l,k||d,c>_abab', 't2_1_abab(a,c,i,j)', 't2_1_abab(d,b,l,k)']
['-1.00', '<k,l||d,c>_abab', 't2_1_abab(a,c,i,j)', 't2_1_abab(d,b,k,l)']
['+1.00', '<l,k||c,d>_bbbb', 't2_1_abab(a,c,i,j)', 't2_1_bbbb(d,b,l,k)']
['+1.00', '<k,l||c,d>_abab', 't2_abab(c,d,i,j)', 't1_1_aa(a,k)', 't1_1_bb(b,l)']
['+1.00', '<k,l||d,c>_abab', 't2_abab(d,c,i,j)', 't1_1_aa(a,k)', 't1_1_bb(b,l)']
['+2.00', '<k,l||d,c>_abab', 't2_abab(a,c,k,j)', 't1_1_bb(b,l)', 't1_1_aa(d,i)']
['+2.00', '<l,k||c,d>_aaaa', 't2_abab(c,b,k,j)', 't1_1_aa(a,l)', 't1_1_aa(d,i)']
['+2.00', '<l,k||d,c>_abab', 't2_bbbb(c,b,j,k)', 't1_1_aa(a,l)', 't1_1_aa(d,i)']
['+2.00', '<k,l||c,d>_abab', 't2_aaaa(c,a,i,k)', 't1_1_bb(b,l)', 't1_1_bb(d,j)']
['+2.00', '<l,k||c,d>_bbbb', 't2_abab(a,c,i,k)', 't1_1_bb(b,l)', 't1_1_bb(d,j)']
['+2.00', '<l,k||c,d>_abab', 't2_abab(c,b,i,k)', 't1_1_aa(a,l)', 't1_1_bb(d,j)']
['-2.00', '<k,l||d,c>_abab', 't2_abab(a,c,i,j)', 't1_1_bb(b,l)', 't1_1_aa(d,k)']
['-2.00', '<l,k||c,d>_bbbb', 't2_abab(a,c,i,j)', 't1_1_bb(b,l)', 't1_1_bb(d,k)']
['-2.00', '<l,k||c,d>_aaaa', 't2_abab(c,b,i,j)', 't1_1_aa(a,l)', 't1_1_aa(d,k)']
['-2.00', '<l,k||c,d>_abab', 't2_abab(c,b,i,j)', 't1_1_aa(a,l)', 't1_1_bb(d,k)']
['+1.00', '<l,k||d,c>_abab', 't2_abab(a,b,l,k)', 't1_1_bb(c,j)', 't1_1_aa(d,i)']
['+1.00', '<k,l||d,c>_abab', 't2_abab(a,b,k,l)', 't1_1_bb(c,j)', 't1_1_aa(d,i)']
['-2.00', '<l,k||c,d>_aaaa', 't2_abab(a,b,k,j)', 't1_1_aa(c,l)', 't1_1_aa(d,i)']
['-2.00', '<k,l||d,c>_abab', 't2_abab(a,b,k,j)', 't1_1_bb(c,l)', 't1_1_aa(d,i)']
['-2.00', '<l,k||c,d>_abab', 't2_abab(a,b,i,k)', 't1_1_aa(c,l)', 't1_1_bb(d,j)']
['-2.00', '<l,k||c,d>_bbbb', 't2_abab(a,b,i,k)', 't1_1_bb(c,l)', 't1_1_bb(d,j)']
Equation rt2_2_bbbb:
['+4.00', 't2_2_bbbb(a,b,i,j)', 'w0']
['+2.00', 'P(i,j)', 'd+_bb(k,j)', 't2_1_bbbb(a,b,i,k)']
['-2.00', 'P(a,b)', 'd+_bb(a,c)', 't2_1_bbbb(c,b,i,j)']
['-2.00', 'P(a,b)', 'd+_bb(k,c)', 't2_bbbb(c,a,i,j)', 't1_1_bb(b,k)']
['-2.00', 'P(i,j)', 'd+_bb(k,c)', 't2_bbbb(a,b,j,k)', 't1_1_bb(c,i)']
['+2.00', 'P(i,j)', 'd-_bb(k,j)', 't0_1', 't2_2_bbbb(a,b,i,k)']
['-2.00', 'P(a,b)', 'd-_bb(a,c)', 't0_1', 't2_2_bbbb(c,b,i,j)']
['-4.00', 'P(i,j)', 'P(a,b)', 'd-_bb(k,j)', 't1_1_bb(a,k)', 't1_2_bb(b,i)']
['+2.00', 'P(i,j)', 'P(a,b)', 'd-_bb(k,j)', 't1_1_bb(a,i)', 't1_2_bb(b,k)']
['+4.00', 'P(i,j)', 'P(a,b)', 'd-_bb(a,c)', 't1_1_bb(c,j)', 't1_2_bb(b,i)']
['-2.00', 'P(i,j)', 'P(a,b)', 'd-_bb(a,c)', 't1_1_bb(b,j)', 't1_2_bb(c,i)']
['-4.00', 'd-_aa(k,c)', 't1_1_aa(c,k)', 't2_2_bbbb(a,b,i,j)']
['-4.00', 'd-_bb(k,c)', 't1_1_bb(c,k)', 't2_2_bbbb(a,b,i,j)']
['+6.00', 'P(i,j)', 'd-_bb(k,c)', 't1_1_bb(c,j)', 't2_2_bbbb(a,b,i,k)']
['+6.00', 'P(a,b)', 'd-_bb(k,c)', 't1_1_bb(a,k)', 't2_2_bbbb(c,b,i,j)']
['+2.00', 'P(i,j)', 'P(a,b)', 'd-_aa(k,c)', 't1_1_bb(a,j)', 't2_2_abab(c,b,k,i)']
['-2.00', 'P(i,j)', 'P(a,b)', 'd-_bb(k,c)', 't1_1_bb(a,j)', 't2_2_bbbb(c,b,i,k)']
['+4.00', 'P(i,j)', 'd-_bb(k,j)', 't2_1_bbbb(a,b,i,k)', 't0_2']
['-4.00', 'P(a,b)', 'd-_bb(a,c)', 't2_1_bbbb(c,b,i,j)', 't0_2']
['+4.00', 'P(i,j)', 'P(a,b)', 'd-_aa(k,c)', 't2_1_abab(c,a,k,j)', 't1_2_bb(b,i)']
['-4.00', 'P(i,j)', 'P(a,b)', 'd-_bb(k,c)', 't2_1_bbbb(c,a,j,k)', 't1_2_bb(b,i)']
['-6.00', 'P(a,b)', 'd-_bb(k,c)', 't2_1_bbbb(c,a,i,j)', 't1_2_bb(b,k)']
['-6.00', 'P(i,j)', 'd-_bb(k,c)', 't2_1_bbbb(a,b,j,k)', 't1_2_bb(c,i)']
['-2.00', 'd-_aa(k,c)', 't2_1_bbbb(a,b,i,j)', 't1_2_aa(c,k)']
['-2.00', 'd-_bb(k,c)', 't2_1_bbbb(a,b,i,j)', 't1_2_bb(c,k)']
['-2.00', 'P(a,b)', 'd-_bb(k,c)', 't2_bbbb(c,a,i,j)', 't0_1', 't1_2_bb(b,k)']
['-2.00', 'P(i,j)', 'd-_bb(k,c)', 't2_bbbb(a,b,j,k)', 't0_1', 't1_2_bb(c,i)']
['-4.00', 'P(a,b)', 'd-_bb(k,c)', 't2_bbbb(c,a,i,j)', 't1_1_bb(b,k)', 't0_2']
['-4.00', 'P(i,j)', 'd-_bb(k,c)', 't2_bbbb(a,b,j,k)', 't1_1_bb(c,i)', 't0_2']
['+2.00', 'P(i,j)', 'd-_bb(k,c)', 't0_1', 't2_1_bbbb(a,b,i,k)', 't1_1_bb(c,j)']
['+2.00', 'P(a,b)', 'd-_bb(k,c)', 't0_1', 't1_1_bb(a,k)', 't2_1_bbbb(c,b,i,j)']
['-2.00', 'P(i,j)', 'P(a,b)', 'd-_bb(k,c)', 't1_1_bb(a,k)', 't1_1_bb(b,i)', 't1_1_bb(c,j)']
['-2.00', 'P(i,j)', 'f_bb(k,j)', 't2_2_bbbb(a,b,i,k)']
['+2.00', 'P(a,b)', 'f_bb(a,c)', 't2_2_bbbb(c,b,i,j)']
['+2.00', 'P(a,b)', 'f_bb(k,c)', 't2_bbbb(c,a,i,j)', 't1_2_bb(b,k)']
['+2.00', 'P(i,j)', 'f_bb(k,c)', 't2_bbbb(a,b,j,k)', 't1_2_bb(c,i)']
['-2.00', 'P(i,j)', 'f_bb(k,c)', 't2_1_bbbb(a,b,i,k)', 't1_1_bb(c,j)']
['-2.00', 'P(a,b)', 'f_bb(k,c)', 't1_1_bb(a,k)', 't2_1_bbbb(c,b,i,j)']
['+2.00', 'P(a,b)', '<k,a||i,j>_bbbb', 't1_2_bb(b,k)']
['+2.00', 'P(i,j)', '<a,b||c,j>_bbbb', 't1_2_bb(c,i)']
['+1.00', '<l,k||i,j>_bbbb', 't2_2_bbbb(a,b,l,k)']
['-2.00', 'P(i,j)', 'P(a,b)', '<k,a||c,j>_abab', 't2_2_abab(c,b,k,i)']
['+2.00', 'P(i,j)', 'P(a,b)', '<k,a||c,j>_bbbb', 't2_2_bbbb(c,b,i,k)']
['+1.00', '<a,b||c,d>_bbbb', 't2_2_bbbb(c,d,i,j)']
['-2.00', 'P(i,j)', 'P(a,b)', '<k,l||c,j>_abab', 't2_abab(c,a,k,i)', 't1_2_bb(b,l)']
['-2.00', 'P(i,j)', 'P(a,b)', '<l,k||c,j>_bbbb', 't2_bbbb(c,a,i,k)', 't1_2_bb(b,l)']
['+1.00', 'P(i,j)', '<l,k||c,j>_bbbb', 't2_bbbb(a,b,l,k)', 't1_2_bb(c,i)']
['-2.00', 'P(i,j)', '<l,k||c,j>_abab', 't2_bbbb(a,b,i,k)', 't1_2_aa(c,l)']
['-2.00', 'P(i,j)', '<l,k||c,j>_bbbb', 't2_bbbb(a,b,i,k)', 't1_2_bb(c,l)']
['+1.00', 'P(a,b)', '<k,a||c,d>_bbbb', 't2_bbbb(c,d,i,j)', 't1_2_bb(b,k)']
['+2.00', 'P(i,j)', 'P(a,b)', '<k,a||c,d>_abab', 't2_abab(c,b,k,j)', 't1_2_bb(d,i)']
['-2.00', 'P(i,j)', 'P(a,b)', '<k,a||c,d>_bbbb', 't2_bbbb(c,b,j,k)', 't1_2_bb(d,i)']
['+2.00', 'P(a,b)', '<k,a||d,c>_abab', 't2_bbbb(c,b,i,j)', 't1_2_aa(d,k)']
['-2.00', 'P(a,b)', '<k,a||c,d>_bbbb', 't2_bbbb(c,b,i,j)', 't1_2_bb(d,k)']
['-1.00', 'P(i,j)', '<k,l||c,d>_abab', 't2_abab(c,d,k,j)', 't2_2_bbbb(a,b,i,l)']
['-1.00', 'P(i,j)', '<k,l||d,c>_abab', 't2_abab(d,c,k,j)', 't2_2_bbbb(a,b,i,l)']
['-1.00', 'P(i,j)', '<l,k||c,d>_bbbb', 't2_bbbb(c,d,j,k)', 't2_2_bbbb(a,b,i,l)']
['+0.50', '<l,k||c,d>_bbbb', 't2_bbbb(c,d,i,j)', 't2_2_bbbb(a,b,l,k)']
['-1.00', 'P(a,b)', '<l,k||c,d>_abab', 't2_abab(c,a,l,k)', 't2_2_bbbb(d,b,i,j)']
['-1.00', 'P(a,b)', '<k,l||c,d>_abab', 't2_abab(c,a,k,l)', 't2_2_bbbb(d,b,i,j)']
['-1.00', 'P(a,b)', '<l,k||c,d>_bbbb', 't2_bbbb(c,a,l,k)', 't2_2_bbbb(d,b,i,j)']
['+2.00', 'P(i,j)', 'P(a,b)', '<l,k||c,d>_aaaa', 't2_abab(c,a,k,j)', 't2_2_abab(d,b,l,i)']
['+2.00', 'P(i,j)', 'P(a,b)', '<k,l||c,d>_abab', 't2_abab(c,a,k,j)', 't2_2_bbbb(d,b,i,l)']
['+2.00', 'P(i,j)', 'P(a,b)', '<l,k||d,c>_abab', 't2_bbbb(c,a,j,k)', 't2_2_abab(d,b,l,i)']
['+2.00', 'P(i,j)', 'P(a,b)', '<l,k||c,d>_bbbb', 't2_bbbb(c,a,j,k)', 't2_2_bbbb(d,b,i,l)']
['+1.00', 'P(a,b)', '<l,k||d,c>_abab', 't2_bbbb(c,a,i,j)', 't2_2_abab(d,b,l,k)']
['+1.00', 'P(a,b)', '<k,l||d,c>_abab', 't2_bbbb(c,a,i,j)', 't2_2_abab(d,b,k,l)']
['-1.00', 'P(a,b)', '<l,k||c,d>_bbbb', 't2_bbbb(c,a,i,j)', 't2_2_bbbb(d,b,l,k)']
['+0.50', '<l,k||c,d>_bbbb', 't2_bbbb(a,b,l,k)', 't2_2_bbbb(c,d,i,j)']
['+1.00', 'P(i,j)', '<l,k||c,d>_abab', 't2_bbbb(a,b,j,k)', 't2_2_abab(c,d,l,i)']
['+1.00', 'P(i,j)', '<l,k||d,c>_abab', 't2_bbbb(a,b,j,k)', 't2_2_abab(d,c,l,i)']
['-1.00', 'P(i,j)', '<l,k||c,d>_bbbb', 't2_bbbb(a,b,j,k)', 't2_2_bbbb(c,d,i,l)']
['-2.00', 'P(i,j)', '<k,l||c,j>_abab', 't2_1_bbbb(a,b,i,l)', 't1_1_aa(c,k)']
['+2.00', 'P(i,j)', '<l,k||c,j>_bbbb', 't2_1_bbbb(a,b,i,l)', 't1_1_bb(c,k)']
['+1.00', 'P(i,j)', '<l,k||c,j>_bbbb', 't2_1_bbbb(a,b,l,k)', 't1_1_bb(c,i)']
['+2.00', 'P(i,j)', 'P(a,b)', '<l,k||c,j>_abab', 't1_1_bb(a,k)', 't2_1_abab(c,b,l,i)']
['-2.00', 'P(i,j)', 'P(a,b)', '<l,k||c,j>_bbbb', 't1_1_bb(a,k)', 't2_1_bbbb(c,b,i,l)']
['+2.00', 'P(a,b)', '<k,a||c,d>_abab', 't2_1_bbbb(d,b,i,j)', 't1_1_aa(c,k)']
['+2.00', 'P(a,b)', '<k,a||c,d>_bbbb', 't2_1_bbbb(d,b,i,j)', 't1_1_bb(c,k)']
['-2.00', 'P(i,j)', 'P(a,b)', '<k,a||d,c>_abab', 't2_1_abab(d,b,k,i)', 't1_1_bb(c,j)']
['-2.00', 'P(i,j)', 'P(a,b)', '<k,a||c,d>_bbbb', 't2_1_bbbb(d,b,i,k)', 't1_1_bb(c,j)']
['+1.00', 'P(a,b)', '<k,a||c,d>_bbbb', 't1_1_bb(b,k)', 't2_1_bbbb(c,d,i,j)']
['-2.00', '<l,k||i,j>_bbbb', 't1_1_bb(a,k)', 't1_1_bb(b,l)']
['+2.00', 'P(i,j)', 'P(a,b)', '<k,a||c,j>_bbbb', 't1_1_bb(b,k)', 't1_1_bb(c,i)']
['-2.00', '<a,b||c,d>_bbbb', 't1_1_bb(c,j)', 't1_1_bb(d,i)']
['-1.00', 'P(i,j)', '<k,l||c,d>_abab', 't2_1_bbbb(a,b,i,l)', 't2_1_abab(c,d,k,j)']
['-1.00', 'P(i,j)', '<k,l||d,c>_abab', 't2_1_bbbb(a,b,i,l)', 't2_1_abab(d,c,k,j)']
['-1.00', 'P(i,j)', '<l,k||c,d>_bbbb', 't2_1_bbbb(a,b,i,l)', 't2_1_bbbb(c,d,j,k)']
['+0.50', '<l,k||c,d>_bbbb', 't2_1_bbbb(a,b,l,k)', 't2_1_bbbb(c,d,i,j)']
['-1.00', '<l,k||c,d>_abab', 't2_1_abab(c,a,l,k)', 't2_1_bbbb(d,b,i,j)']
['-1.00', '<k,l||c,d>_abab', 't2_1_abab(c,a,k,l)', 't2_1_bbbb(d,b,i,j)']
['-1.00', '<l,k||c,d>_bbbb', 't2_1_bbbb(c,a,l,k)', 't2_1_bbbb(d,b,i,j)']
['+2.00', 'P(i,j)', '<l,k||c,d>_aaaa', 't2_1_abab(c,a,k,j)', 't2_1_abab(d,b,l,i)']
['+2.00', 'P(i,j)', '<k,l||c,d>_abab', 't2_1_abab(c,a,k,j)', 't2_1_bbbb(d,b,i,l)']
['+2.00', 'P(i,j)', '<l,k||d,c>_abab', 't2_1_bbbb(c,a,j,k)', 't2_1_abab(d,b,l,i)']
['+2.00', 'P(i,j)', '<l,k||c,d>_bbbb', 't2_1_bbbb(c,a,j,k)', 't2_1_bbbb(d,b,i,l)']
['+1.00', '<l,k||d,c>_abab', 't2_1_bbbb(c,a,i,j)', 't2_1_abab(d,b,l,k)']
['+1.00', '<k,l||d,c>_abab', 't2_1_bbbb(c,a,i,j)', 't2_1_abab(d,b,k,l)']
['-1.00', '<l,k||c,d>_bbbb', 't2_1_bbbb(c,a,i,j)', 't2_1_bbbb(d,b,l,k)']
['-1.00', '<l,k||c,d>_bbbb', 't2_bbbb(c,d,i,j)', 't1_1_bb(a,k)', 't1_1_bb(b,l)']
['+2.00', 'P(i,j)', 'P(a,b)', '<k,l||c,d>_abab', 't2_abab(c,a,k,j)', 't1_1_bb(b,l)', 't1_1_bb(d,i)']
['+2.00', 'P(i,j)', 'P(a,b)', '<l,k||c,d>_bbbb', 't2_bbbb(c,a,j,k)', 't1_1_bb(b,l)', 't1_1_bb(d,i)']
['+2.00', 'P(a,b)', '<k,l||d,c>_abab', 't2_bbbb(c,a,i,j)', 't1_1_bb(b,l)', 't1_1_aa(d,k)']
['+2.00', 'P(a,b)', '<l,k||c,d>_bbbb', 't2_bbbb(c,a,i,j)', 't1_1_bb(b,l)', 't1_1_bb(d,k)']
['-1.00', '<l,k||c,d>_bbbb', 't2_bbbb(a,b,l,k)', 't1_1_bb(c,j)', 't1_1_bb(d,i)']
['+2.00', 'P(i,j)', '<l,k||c,d>_abab', 't2_bbbb(a,b,j,k)', 't1_1_aa(c,l)', 't1_1_bb(d,i)']
['+2.00', 'P(i,j)', '<l,k||c,d>_bbbb', 't2_bbbb(a,b,j,k)', 't1_1_bb(c,l)', 't1_1_bb(d,i)']
Deriving equation: c_rt2_2 = <[['B-', 'B-', 'e2(i,j,b,a)']]| [['B+'], ['B-']] |0>
Blocking by spin:
aaaa -> a -> a, b -> a, i -> a, j -> a
abab -> a -> a, b -> b, i -> a, j -> b
bbbb -> a -> b, b -> b, i -> b, j -> b

Equation c_rt2_2_aaaa:
Equation c_rt2_2_abab:
Equation c_rt2_2_bbbb:
