T2 mappings
['-1.00', 'a*(i)', 'a*(j)', 'a(l)', 'a(m)', 'd(k,n)']
['+1.00', 'a*(n)', 'a(k)', 'd(i,l)', 'd(j,m)']
['-1.00', 'a*(j)', 'a*(n)', 'a(k)', 'a(m)', 'd(i,l)']
['-1.00', 'a*(n)', 'a(k)', 'd(i,m)', 'd(j,l)']
['+1.00', 'a*(j)', 'a*(n)', 'a(k)', 'a(l)', 'd(i,m)']
['+1.00', 'a*(i)', 'a*(n)', 'a(k)', 'a(m)', 'd(j,l)']
['-1.00', 'a*(i)', 'a*(n)', 'a(k)', 'a(l)', 'd(j,m)']
T1 mappings
['+1.00', 'd(i,l)', 'd(j,m)', 'd(k,n)']
['-1.00', 'a*(k)', 'a(n)', 'd(i,l)', 'd(j,m)']
['-1.00', 'd(i,l)', 'd(j,n)', 'd(k,m)']
['+1.00', 'a*(k)', 'a(m)', 'd(i,l)', 'd(j,n)']
['+1.00', 'a*(j)', 'a(n)', 'd(i,l)', 'd(k,m)']
['-1.00', 'a*(j)', 'a(m)', 'd(i,l)', 'd(k,n)']
['-1.00', 'a*(j)', 'a*(k)', 'a(m)', 'a(n)', 'd(i,l)']
['-1.00', 'd(i,m)', 'd(j,l)', 'd(k,n)']
['+1.00', 'a*(k)', 'a(n)', 'd(i,m)', 'd(j,l)']
['+1.00', 'd(i,m)', 'd(j,n)', 'd(k,l)']
['-1.00', 'a*(k)', 'a(l)', 'd(i,m)', 'd(j,n)']
['-1.00', 'a*(j)', 'a(n)', 'd(i,m)', 'd(k,l)']
['+1.00', 'a*(j)', 'a(l)', 'd(i,m)', 'd(k,n)']
['+1.00', 'a*(j)', 'a*(k)', 'a(l)', 'a(n)', 'd(i,m)']
['+1.00', 'd(i,n)', 'd(j,l)', 'd(k,m)']
['-1.00', 'a*(k)', 'a(m)', 'd(i,n)', 'd(j,l)']
['-1.00', 'd(i,n)', 'd(j,m)', 'd(k,l)']
['+1.00', 'a*(k)', 'a(l)', 'd(i,n)', 'd(j,m)']
['+1.00', 'a*(j)', 'a(m)', 'd(i,n)', 'd(k,l)']
['-1.00', 'a*(j)', 'a(l)', 'd(i,n)', 'd(k,m)']
['-1.00', 'a*(j)', 'a*(k)', 'a(l)', 'a(m)', 'd(i,n)']
['-1.00', 'a*(i)', 'a(n)', 'd(j,l)', 'd(k,m)']
['+1.00', 'a*(i)', 'a(m)', 'd(j,l)', 'd(k,n)']
['+1.00', 'a*(i)', 'a*(k)', 'a(m)', 'a(n)', 'd(j,l)']
['+1.00', 'a*(i)', 'a(n)', 'd(j,m)', 'd(k,l)']
['-1.00', 'a*(i)', 'a(l)', 'd(j,m)', 'd(k,n)']
['-1.00', 'a*(i)', 'a*(k)', 'a(l)', 'a(n)', 'd(j,m)']
['-1.00', 'a*(i)', 'a(m)', 'd(j,n)', 'd(k,l)']
['+1.00', 'a*(i)', 'a(l)', 'd(j,n)', 'd(k,m)']
['+1.00', 'a*(i)', 'a*(k)', 'a(l)', 'a(m)', 'd(j,n)']
['-1.00', 'a*(i)', 'a*(j)', 'a(m)', 'a(n)', 'd(k,l)']
['+1.00', 'a*(i)', 'a*(j)', 'a(l)', 'a(n)', 'd(k,m)']
['-1.00', 'a*(i)', 'a*(j)', 'a(l)', 'a(m)', 'd(k,n)']
Q -> D
['+1.00', 'd(i,l)', 'd(j,k)']
['-1.00', 'a*(l)', 'a(i)', 'd(j,k)']
['-1.00', 'd(i,k)', 'd(j,l)']
['+1.00', 'a*(l)', 'a(j)', 'd(i,k)']
['+1.00', 'a*(k)', 'a(i)', 'd(j,l)']
['-1.00', 'a*(k)', 'a(j)', 'd(i,l)']
['+1.00', 'a*(k)', 'a*(l)', 'a(i)', 'a(j)']
G -> D
['+1.00', 'a*(i)', 'a(l)', 'd(j,k)']
['-1.00', 'a*(i)', 'a*(k)', 'a(j)', 'a(l)']
