
#    < 0 | e(-T) H e(T) | 0> :

['+1.00', 'f(i,i)']
['-0.50', '<j,i||j,i>']
['+1.00', 'f(i,a)', 't1(a,i)']
['+1.00', 'f(a,i)', 't1(a,i)']
['+0.250', '<j,i||a,b>', 't2(a,b,j,i)']
['+0.250', '<b,a||i,j>', 't2(a,b,j,i)']
['-0.50', 'f(a,i)', 't2(b,a,i,j)', 't1(b,j)']
['-0.50', 'f(i,a)', 't2(a,b,j,i)', 't1(b,j)']
['-0.50', 'f(j,i)', 't2(b,a,i,k)', 't2(a,b,k,j)']
['+0.50', 'f(a,b)', 't2(c,a,i,j)', 't2(b,c,j,i)']
['+0.50', '<k,i||j,i>', 't2(b,a,j,l)', 't2(a,b,l,k)']
['-0.50', '<j,l||i,l>', 't2(b,a,i,k)', 't2(a,b,k,j)']
['+0.1250', '<l,k||i,j>', 't2(b,a,j,i)', 't2(a,b,l,k)']
['+1.00', '<j,a||b,i>', 't2(c,a,i,k)', 't2(b,c,k,j)']
['+0.1250', '<b,a||c,d>', 't2(a,b,i,j)', 't2(c,d,j,i)']

#    < 0 | m* e e(-T) H e(T) | 0> :

['+1.00', 'f(e,m)']
['-1.00', 'f(i,m)', 't1(e,i)']
['+1.00', 'f(e,a)', 't1(a,m)']
['-1.00', 'f(i,a)', 't2(a,e,m,i)']
['-0.50', '<j,i||a,m>', 't2(a,e,j,i)']
['-0.50', '<i,e||a,b>', 't2(a,b,m,i)']
['+0.50', 'f(a,i)', 't2(b,a,i,j)', 't2(b,e,m,j)']
['+0.250', 'f(a,m)', 't2(b,a,i,j)', 't2(b,e,j,i)']
['+0.250', 'f(e,i)', 't2(b,a,i,j)', 't2(a,b,m,j)']

#    < 0 | m* n* f e e(-T) H e(T) | 0> :

['+1.00', '<e,f||m,n>']
['-1.00', 'P(m,n)', 'f(i,n)', 't2(e,f,m,i)']
['+1.00', 'P(e,f)', 'f(e,a)', 't2(a,f,m,n)']
['+0.50', '<j,i||m,n>', 't2(e,f,j,i)']
['+1.00', 'P(m,n)', 'P(e,f)', '<i,e||a,n>', 't2(a,f,m,i)']
['+0.50', '<e,f||a,b>', 't2(a,b,m,n)']
